Archive member included to satisfy reference by file (symbol)

../StdPeriphDriver\libISP583.a(ISP583.o)
                              ./StdPeriphDriver/CH58x_flash.o (FLASH_EEPROM_CMD)
E:\Project\CH582M_joyticks\LIB\libCH58xBLE.a(message.o)
                              ./Profile/hiddev.o (tmos_msg_deallocate)
E:\Project\CH582M_joyticks\LIB\libCH58xBLE.a(tmos.o)
                              E:\Project\CH582M_joyticks\LIB\libCH58xBLE.a(message.o) (gTmosPara)
E:\Project\CH582M_joyticks\LIB\libCH58xBLE.a(tmos_hw.o)
                              E:\Project\CH582M_joyticks\LIB\libCH58xBLE.a(tmos.o) (fnGetClockCBs)
E:\Project\CH582M_joyticks\LIB\libCH58xBLE.a(tmos_snv.o)
                              E:\Project\CH582M_joyticks\LIB\libCH58xBLE.a(tmos.o) (tmos_snv_init)
E:\Project\CH582M_joyticks\LIB\libCH58xBLE.a(gap.o)
                              ./Profile/hiddev.o (GAP_SetParamValue)
E:\Project\CH582M_joyticks\LIB\libCH58xBLE.a(gap_central.o)
                              E:\Project\CH582M_joyticks\LIB\libCH58xBLE.a(gap.o) (gapProcessPeriodicAdvertisingSyncEstablishedEvt)
E:\Project\CH582M_joyticks\LIB\libCH58xBLE.a(gap_peripheral.o)
                              ./HAL/BLE.o (GAP_ConfigDeviceAddr)
E:\Project\CH582M_joyticks\LIB\libCH58xBLE.a(gapgattserver.o)
                              ./HAL/BLE.o (GGS_SetParameter)
E:\Project\CH582M_joyticks\LIB\libCH58xBLE.a(gatt.o)
                              ./Profile/battservice.o (GATT_bm_alloc)
E:\Project\CH582M_joyticks\LIB\libCH58xBLE.a(gatt_uuid.o)
                              ./Profile/battservice.o (reportRefUUID)
E:\Project\CH582M_joyticks\LIB\libCH58xBLE.a(gattclientapp.o)
                              E:\Project\CH582M_joyticks\LIB\libCH58xBLE.a(gatt.o) (gattGetClientStatus)
E:\Project\CH582M_joyticks\LIB\libCH58xBLE.a(gattservapp.o)
                              ./Profile/battservice.o (GATTServApp_ReadCharCfg)
E:\Project\CH582M_joyticks\LIB\libCH58xBLE.a(l2cap.o)
                              E:\Project\CH582M_joyticks\LIB\libCH58xBLE.a(gatt.o) (L2CAP_GetMTU)
E:\Project\CH582M_joyticks\LIB\libCH58xBLE.a(l2cap_input.o)
                              E:\Project\CH582M_joyticks\LIB\libCH58xBLE.a(l2cap.o) (l2capProcessRxData)
E:\Project\CH582M_joyticks\LIB\libCH58xBLE.a(l2cap_output.o)
                              E:\Project\CH582M_joyticks\LIB\libCH58xBLE.a(l2cap_input.o) (l2capNotifyData)
E:\Project\CH582M_joyticks\LIB\libCH58xBLE.a(l2cap_sdu.o)
                              E:\Project\CH582M_joyticks\LIB\libCH58xBLE.a(l2cap_input.o) (l2capBuildDisconnectRsp)
E:\Project\CH582M_joyticks\LIB\libCH58xBLE.a(linkdb.o)
                              E:\Project\CH582M_joyticks\LIB\libCH58xBLE.a(l2cap.o) (linkDB_Init)
E:\Project\CH582M_joyticks\LIB\libCH58xBLE.a(sm.o)
                              E:\Project\CH582M_joyticks\LIB\libCH58xBLE.a(gap.o) (smFreePairingParams)
E:\Project\CH582M_joyticks\LIB\libCH58xBLE.a(sm_initiator.o)
                              E:\Project\CH582M_joyticks\LIB\libCH58xBLE.a(sm.o) (smInitiatorSendNextKeyInfo)
E:\Project\CH582M_joyticks\LIB\libCH58xBLE.a(sm_pdu.o)
                              E:\Project\CH582M_joyticks\LIB\libCH58xBLE.a(sm.o) (smpBuildPairingReq)
E:\Project\CH582M_joyticks\LIB\libCH58xBLE.a(sm_responding.o)
                              E:\Project\CH582M_joyticks\LIB\libCH58xBLE.a(sm.o) (smResponderSendNextKeyInfo)
E:\Project\CH582M_joyticks\LIB\libCH58xBLE.a(sm_toolbox.o)
                              E:\Project\CH582M_joyticks\LIB\libCH58xBLE.a(sm.o) (sm_ah)
E:\Project\CH582M_joyticks\LIB\libCH58xBLE.a(host_input.o)
                              E:\Project\CH582M_joyticks\LIB\libCH58xBLE.a(gap.o) (gBleHostPara)
E:\Project\CH582M_joyticks\LIB\libCH58xBLE.a(host_output.o)
                              E:\Project\CH582M_joyticks\LIB\libCH58xBLE.a(gap.o) (HCI_DisconnectCmd)
E:\Project\CH582M_joyticks\LIB\libCH58xBLE.a(ll_connect.o)
                              E:\Project\CH582M_joyticks\LIB\libCH58xBLE.a(tmos.o) (LL_GetNextConnectEventTime)
E:\Project\CH582M_joyticks\LIB\libCH58xBLE.a(ll_core.o)
                              E:\Project\CH582M_joyticks\LIB\libCH58xBLE.a(ll_connect.o) (LL_CoreGetCore)
E:\Project\CH582M_joyticks\LIB\libCH58xBLE.a(ll_hop.o)
                              E:\Project\CH582M_joyticks\LIB\libCH58xBLE.a(ll_connect.o) (LL_HopGetChannel)
E:\Project\CH582M_joyticks\LIB\libCH58xBLE.a(ll_master.o)
                              E:\Project\CH582M_joyticks\LIB\libCH58xBLE.a(ll_connect.o) (ll_master_process)
E:\Project\CH582M_joyticks\LIB\libCH58xBLE.a(ll_pdu.o)
                              E:\Project\CH582M_joyticks\LIB\libCH58xBLE.a(ll_master.o) (LL_ConnectionUpdateInd)
E:\Project\CH582M_joyticks\LIB\libCH58xBLE.a(ll_report.o)
                              E:\Project\CH582M_joyticks\LIB\libCH58xBLE.a(ll_connect.o) (LL_ReportGenerateEvent)
E:\Project\CH582M_joyticks\LIB\libCH58xBLE.a(ll_scan.o)
                              E:\Project\CH582M_joyticks\LIB\libCH58xBLE.a(ll_master.o) (LL_ScanEnable)
[...]
Memory Configuration

Name             Origin             Length             Attributes
FLASH            0x0000000000000000 0x0000000000060000 xr
RAM              0x0000000020000000 0x0000000000007ffc xrw
*default*        0x0000000000000000 0xffffffffffffffff

Linker script and memory map

LOAD ./StdPeriphDriver/CH58x_adc.o
LOAD ./StdPeriphDriver/CH58x_clk.o
LOAD ./StdPeriphDriver/CH58x_flash.o
LOAD ./StdPeriphDriver/CH58x_gpio.o
LOAD ./StdPeriphDriver/CH58x_i2c.o
LOAD ./StdPeriphDriver/CH58x_pwm.o
LOAD ./StdPeriphDriver/CH58x_pwr.o
LOAD ./StdPeriphDriver/CH58x_spi0.o
LOAD ./StdPeriphDriver/CH58x_spi1.o
LOAD ./StdPeriphDriver/CH58x_sys.o
LOAD ./StdPeriphDriver/CH58x_timer0.o
LOAD ./StdPeriphDriver/CH58x_timer1.o
LOAD ./StdPeriphDriver/CH58x_timer2.o
LOAD ./StdPeriphDriver/CH58x_timer3.o
LOAD ./StdPeriphDriver/CH58x_uart0.o
LOAD ./StdPeriphDriver/CH58x_uart1.o
LOAD ./StdPeriphDriver/CH58x_uart2.o
LOAD ./StdPeriphDriver/CH58x_uart3.o
LOAD ./StdPeriphDriver/CH58x_usb2dev.o
LOAD ./StdPeriphDriver/CH58x_usb2hostBase.o
LOAD ./StdPeriphDriver/CH58x_usb2hostClass.o
LOAD ./StdPeriphDriver/CH58x_usbdev.o
LOAD ./Startup/startup_CH583.o
LOAD ./RVMSIS/core_riscv.o
LOAD ./Profile/battservice.o
LOAD ./Profile/devinfoservice.o
LOAD ./Profile/hiddev.o
LOAD ./Profile/hidjoytickservice.o
LOAD ./Profile/scanparamservice.o
LOAD ./HAL/BATTERY.o
LOAD ./HAL/BLE.o
LOAD ./HAL/CORE.o
LOAD ./HAL/HW_I2C.o
LOAD ./HAL/ICM20602.o
LOAD ./HAL/KEY.o
LOAD ./HAL/MCU.o
LOAD ./HAL/RTC.o
LOAD ./HAL/SLEEP.o
LOAD ./HAL/SWITCH.o
LOAD ./HAL/USB.o
LOAD ./HAL/WS2812.o
LOAD ./CherryUSB/core/usbd_core.o
LOAD ./CherryUSB/class/msc/usbd_msc.o
LOAD ./CherryUSB/class/hid/usbd_hid.o
LOAD ./CherryUSB/class/cdc/usbd_cdc.o
LOAD ./CherryUSB/usb_ch58x_dc_usbfs.o
LOAD ./APP/main.o
LOAD ./APP/tp78_joyticks_via.o
LOAD ../StdPeriphDriver\libISP583.a
LOAD E:\Project\CH582M_joyticks\LIB\libCH58xBLE.a
LOAD d:/mounriver/mounriver_studio/toolchain/risc-v embedded gcc/bin/../lib/gcc/riscv-none-embed/8.2.0/../../../../riscv-none-embed/lib/rv32imac/ilp32\libm.a
LOAD d:/mounriver/mounriver_studio/toolchain/risc-v embedded gcc/bin/../lib/gcc/riscv-none-embed/8.2.0/rv32imac/ilp32\libgcc.a
LOAD d:/mounriver/mounriver_studio/toolchain/risc-v embedded gcc/bin/../lib/gcc/riscv-none-embed/8.2.0/../../../../riscv-none-embed/lib/rv32imac/ilp32\libg_nano.a
LOAD d:/mounriver/mounriver_studio/toolchain/risc-v embedded gcc/bin/../lib/gcc/riscv-none-embed/8.2.0/../../../../riscv-none-embed/lib/rv32imac/ilp32\libc_nano.a
LOAD d:/mounriver/mounriver_studio/toolchain/risc-v embedded gcc/bin/../lib/gcc/riscv-none-embed/8.2.0/rv32imac/ilp32\libgcc.a
START GROUP
LOAD d:/mounriver/mounriver_studio/toolchain/risc-v embedded gcc/bin/../lib/gcc/riscv-none-embed/8.2.0/rv32imac/ilp32\libgcc.a
LOAD d:/mounriver/mounriver_studio/toolchain/risc-v embedded gcc/bin/../lib/gcc/riscv-none-embed/8.2.0/../../../../riscv-none-embed/lib/rv32imac/ilp32\libc_nano.a
LOAD d:/mounriver/mounriver_studio/toolchain/risc-v embedded gcc/bin/../lib/gcc/riscv-none-embed/8.2.0/../../../../riscv-none-embed/lib/rv32imac/ilp32\libnosys.a
END GROUP
START GROUP
LOAD d:/mounriver/mounriver_studio/toolchain/risc-v embedded gcc/bin/../lib/gcc/riscv-none-embed/8.2.0/rv32imac/ilp32\libgcc.a
LOAD d:/mounriver/mounriver_studio/toolchain/risc-v embedded gcc/bin/../lib/gcc/riscv-none-embed/8.2.0/../../../../riscv-none-embed/lib/rv32imac/ilp32\libc_nano.a
LOAD d:/mounriver/mounriver_studio/toolchain/risc-v embedded gcc/bin/../lib/gcc/riscv-none-embed/8.2.0/../../../../riscv-none-embed/lib/rv32imac/ilp32\libnosys.a
END GROUP

.init           0x0000000000000000        0x4
                0x0000000000000000                _sinit = .
                0x0000000000000000                . = ALIGN (0x4)
 *(SORT_NONE(.init))
 .init          0x0000000000000000        0x4 ./Startup/startup_CH583.o
                0x0000000000000000                _start
                0x0000000000000004                . = ALIGN (0x4)
                0x0000000000000004                _einit = .

.highcodelalign
                0x0000000000000004        0x0
                0x0000000000000004                . = ALIGN (0x4)
                0x0000000000000004                PROVIDE (_highcode_lma = .)

.highcode       0x0000000020000000     0x24e0 load address 0x0000000000000004
                0x0000000020000000                . = ALIGN (0x4)
                0x0000000020000000                PROVIDE (_highcode_vma_start = .)
 *(.vector)
 .vector        0x0000000020000000       0x90 ./Startup/startup_CH583.o
 *(SORT_NONE(.vector_handler))
 .vector_handler
                0x0000000020000090       0x36 ./Startup/startup_CH583.o
                0x0000000020000090                NMI_Handler
                0x0000000020000094                Ecall_M_Mode_Handler
                0x0000000020000096                Ecall_U_Mode_Handler
                0x0000000020000098                Break_Point_Handler
                0x000000002000009a                SysTick_Handler
                0x000000002000009c                SW_Handler
                0x000000002000009e                TMR0_IRQHandler
                0x00000000200000a4                SPI0_IRQHandler
                0x00000000200000a6                BB_IRQHandler
                0x00000000200000a8                LLE_IRQHandler
                0x00000000200000ac                USB2_IRQHandler
                0x00000000200000ae                TMR1_IRQHandler
                0x00000000200000b0                TMR2_IRQHandler
                0x00000000200000b2                UART0_IRQHandler
                0x00000000200000b4                UART1_IRQHandler
                0x00000000200000ba                I2C_IRQHandler
                0x00000000200000bc                PWMX_IRQHandler
                0x00000000200000be                TMR3_IRQHandler
                0x00000000200000c0                UART2_IRQHandler
                0x00000000200000c2                UART3_IRQHandler
                0x00000000200000c4                WDOG_BAT_IRQHandler
 *(.highcode)
 .highcode      0x00000000200000c6      0x22c ./StdPeriphDriver/CH58x_sys.o
                0x00000000200000c6                SetSysClock
                0x000000002000023a                SYS_ResetExecute
                0x0000000020000276                HardFault_Handler
                0x00000000200002bc                mDelayuS
                0x00000000200002ca                mDelaymS
 .highcode      0x00000000200002f2       0x3e ./HAL/BATTERY.o
                0x00000000200002f2                ADC_IRQHandler
 .highcode      0x0000000020000330      0x100 ./HAL/CORE.o
                0x0000000020000330                APPJumpBoot
                0x00000000200003b6                SoftReset
 .highcode      0x0000000020000430       0x1a ./HAL/RTC.o
                0x0000000020000430                RTC_IRQHandler
 .highcode      0x000000002000044a      0x3ba ./CherryUSB/usb_ch58x_dc_usbfs.o
                0x000000002000044a                USB_IRQHandler
 .highcode      0x0000000020000804       0x10 ./APP/main.o
                0x0000000020000804                Main_Circulation
                0x000000002000080c                GPIOA_IRQHandler
                0x0000000020000810                GPIOB_IRQHandler
 .highcode      0x0000000020000814      0x426 ../StdPeriphDriver\libISP583.a(ISP583.o)
                0x0000000020000814                FLASH_ROM_BEG
                0x0000000020000826                FLASH_ROM_END
                0x0000000020000834                FLASH_ROM_IN
                0x0000000020000842                FLASH_ROM_OUT
                0x0000000020000850                FLASH_ROM_ADDR
                0x0000000020000898                FLASH_ROM_WAIT
                0x00000000200008d0                FLASH_EEPROM_CMD
 .highcode      0x0000000020000c3a      0x44c E:\Project\CH582M_joyticks\LIB\libCH58xBLE.a(tmos.o)
                0x0000000020000c3a                tmos_memcpy
                0x0000000020000c5a                tmos_memcpy_word
                0x0000000020000c72                tmos_memset
                0x0000000020000c84                tmos_strlen
                0x0000000020000c98                tmos_memdup
                0x0000000020000cca                tmos_memcmp
                0x0000000020000cf8                tmos_revmemcpy
                0x0000000020000d14                tmos_isbufset
                0x0000000020000d36                tmos_proces_system_time
                0x0000000020000e80                TMOS_SystemProcess
 .highcode      0x0000000020001086       0x4c E:\Project\CH582M_joyticks\LIB\libCH58xBLE.a(tmos_hw.o)
                0x00000000200010d0                TMOS_TimerIRQHandler
 .highcode      0x00000000200010d2      0x2d2 E:\Project\CH582M_joyticks\LIB\libCH58xBLE.a(ll_connect.o)
                0x00000000200010d2                ll_connect_send_data
                0x00000000200011fa                ll_connect_recv_data
                0x00000000200012da                ll_connect_event_continue
 .highcode      0x00000000200013a4      0x310 E:\Project\CH582M_joyticks\LIB\libCH58xBLE.a(ll_hop.o)
                0x00000000200013a4                LL_HopGetChannel
                0x000000002000144a                LL_HopGetChannel2
 .highcode      0x00000000200016b4       0x50 E:\Project\CH582M_joyticks\LIB\libCH58xBLE.a(ll_whitelist.o)
                0x00000000200016b4                LL_WhitelistLookup
 .highcode      0x0000000020001704      0x1e0 E:\Project\CH582M_joyticks\LIB\libCH58xBLE.a(aes.o)
                0x0000000020001704                AES_DevAESEnc
 .highcode      0x00000000200018e4      0x15a E:\Project\CH582M_joyticks\LIB\libCH58xBLE.a(bb.o)
                0x00000000200018e4                BB_IRQLibHandler
                0x00000000200019f4                BB_IRQLibFunction
 .highcode      0x0000000020001a3e      0x3dc E:\Project\CH582M_joyticks\LIB\libCH58xBLE.a(ip.o)
                0x0000000020001a3e                ll_rx_wait_finish
                0x0000000020001a7c                ble_ll_chkcrc
                0x0000000020001b1e                ll_tx_wait_finish
                0x0000000020001c42                BLE_CheckHoppingMap
 .highcode      0x0000000020001e1a      0x23c E:\Project\CH582M_joyticks\LIB\libCH58xBLE.a(lle.o)
                0x0000000020001e1a                LLE_IRQLibHandler
                0x000000002000200c                LLE_IRQLibFunction
 .highcode      0x0000000020002056      0x1be E:\Project\CH582M_joyticks\LIB\libCH58xBLE.a(rf_fh.o)
                0x0000000020002056                RF_HopGetChannel
                0x00000000200020c4                RF_FrequencyHoppingGet
                0x000000002000217a                RF_FrequencyHoppingChange
 .highcode      0x0000000020002214       0x30 E:\Project\CH582M_joyticks\LIB\libCH58xBLE.a(rfend.o)
                0x0000000020002214                RFEND_WaitTune
 .highcode      0x0000000020002244      0x1c2 E:\Project\CH582M_joyticks\LIB\libCH58xBLE.a(memory.o)
                0x0000000020002244                tmos_memory_allocate
                0x0000000020002316                tmos_memory_free
 .highcode      0x0000000020002406       0xd8 E:\Project\CH582M_joyticks\LIB\libCH58xBLE.a(ll_resolvinglist.o)
                0x0000000020002406                LL_ResolvinglistPeerIdentifyAddressGetIrk
                0x000000002000245a                LL_ResolvinglistPeerRpaAddressGetIrk
                0x000000002000249c                LL_ResolvinglistLocalRpaAddressGetIrk
 *(.highcode.*)
                0x00000000200024e0                . = ALIGN (0x4)
 *fill*         0x00000000200024de        0x2 
                0x00000000200024e0                PROVIDE (_highcode_vma_end = .)

.text           0x00000000000024e8    0x2c9dc
                0x00000000000024e8                . = ALIGN (0x4)
 *(SORT_NONE(.handle_reset))
 .handle_reset  0x00000000000024e8       0xb6 ./Startup/startup_CH583.o
                0x00000000000024e8                handle_reset
 *(.text)
 .text          0x000000000000259e       0xa8 d:/mounriver/mounriver_studio/toolchain/risc-v embedded gcc/bin/../lib/gcc/riscv-none-embed/8.2.0/../../../../riscv-none-embed/lib/rv32imac/ilp32\libg_nano.a(lib_a-memset.o)
                0x000000000000259e                memset
 *(.text.*)
 .text.ADC_DataCalib_Rough
                0x0000000000002646       0x82 ./StdPeriphDriver/CH58x_adc.o
                0x0000000000002646                ADC_DataCalib_Rough
 .text.ADC_ExtSingleChSampInit
                0x00000000000026c8       0x24 ./StdPeriphDriver/CH58x_adc.o
                0x00000000000026c8                ADC_ExtSingleChSampInit
 .text.ADC_InterTSSampInit
                0x00000000000026ec       0x28 ./StdPeriphDriver/CH58x_adc.o
                0x00000000000026ec                ADC_InterTSSampInit
 .text.ADC_ExcutSingleConver
                0x0000000000002714       0x20 ./StdPeriphDriver/CH58x_adc.o
                0x0000000000002714                ADC_ExcutSingleConver
 .text.RTC_GetCycle32k
                0x0000000000002734       0x18 ./StdPeriphDriver/CH58x_clk.o
                0x0000000000002734                RTC_GetCycle32k
 .text.Calibration_LSI
                0x000000000000274c      0x4da ./StdPeriphDriver/CH58x_clk.o
                0x000000000000274c                Calibration_LSI
 .text.GPIOA_ModeCfg
                0x0000000000002c26       0xa6 ./StdPeriphDriver/CH58x_gpio.o
                0x0000000000002c26                GPIOA_ModeCfg
 .text.GPIOB_ModeCfg
                0x0000000000002ccc       0xa6 ./StdPeriphDriver/CH58x_gpio.o
                0x0000000000002ccc                GPIOB_ModeCfg
 .text.SPI0_MasterDefInit
                0x0000000000002d72       0x32 ./StdPeriphDriver/CH58x_spi0.o
                0x0000000000002d72                SPI0_MasterDefInit
 .text.SPI0_MasterSendByte
                0x0000000000002da4       0x24 ./StdPeriphDriver/CH58x_spi0.o
                0x0000000000002da4                SPI0_MasterSendByte
 .text.SPI0_MasterRecvByte
                0x0000000000002dc8       0x2a ./StdPeriphDriver/CH58x_spi0.o
                0x0000000000002dc8                SPI0_MasterRecvByte
 .text.GetSysClock
                0x0000000000002df2       0x42 ./StdPeriphDriver/CH58x_sys.o
                0x0000000000002df2                GetSysClock
 .text.SYS_DisableAllIrq
                0x0000000000002e34       0x1c ./StdPeriphDriver/CH58x_sys.o
                0x0000000000002e34                SYS_DisableAllIrq
 .text.SYS_RecoverIrq
                0x0000000000002e50       0x14 ./StdPeriphDriver/CH58x_sys.o
                0x0000000000002e50                SYS_RecoverIrq
 .text.SYS_GetSysTickCnt
                0x0000000000002e64        0xa ./StdPeriphDriver/CH58x_sys.o
                0x0000000000002e64                SYS_GetSysTickCnt
 .text.WWDG_ResetCfg
                0x0000000000002e6e       0x38 ./StdPeriphDriver/CH58x_sys.o
                0x0000000000002e6e                WWDG_ResetCfg
 .text._write   0x0000000000002ea6       0x28 ./StdPeriphDriver/CH58x_sys.o
                0x0000000000002ea6                _write
 .text.TMR1_PWMInit
                0x0000000000002ece       0x18 ./StdPeriphDriver/CH58x_timer1.o
                0x0000000000002ece                TMR1_PWMInit
 .text.TMR1_DMACfg
                0x0000000000002ee6       0x20 ./StdPeriphDriver/CH58x_timer1.o
                0x0000000000002ee6                TMR1_DMACfg
 .text.UART1_BaudRateCfg
                0x0000000000002f06       0x30 ./StdPeriphDriver/CH58x_uart1.o
                0x0000000000002f06                UART1_BaudRateCfg
 .text.UART1_DefInit
                0x0000000000002f36       0x32 ./StdPeriphDriver/CH58x_uart1.o
                0x0000000000002f36                UART1_DefInit
 .text.battMeasure
                0x0000000000002f68       0x8c ./Profile/battservice.o
 .text.battWriteAttrCB
                0x0000000000002ff4       0x62 ./Profile/battservice.o
 .text.battReadAttrCB
                0x0000000000003056       0x7e ./Profile/battservice.o
 .text.battNotifyCB
                0x00000000000030d4       0x7a ./Profile/battservice.o
 .text.Batt_AddService
                0x000000000000314e       0x30 ./Profile/battservice.o
                0x000000000000314e                Batt_AddService
 .text.Batt_Register
                0x000000000000317e        0xa ./Profile/battservice.o
                0x000000000000317e                Batt_Register
 .text.Batt_SetParameter
                0x0000000000003188       0x3e ./Profile/battservice.o
                0x0000000000003188                Batt_SetParameter
 .text.Batt_GetParameter
                0x00000000000031c6       0x72 ./Profile/battservice.o
                0x00000000000031c6                Batt_GetParameter
 .text.Batt_MeasLevel
                0x0000000000003238       0x2e ./Profile/battservice.o
                0x0000000000003238                Batt_MeasLevel
 .text.Batt_HandleConnStatusCB
                0x0000000000003266       0x42 ./Profile/battservice.o
                0x0000000000003266                Batt_HandleConnStatusCB
 .text.devInfo_ReadAttrCB
                0x00000000000032a8      0x19e ./Profile/devinfoservice.o
 .text.DevInfo_AddService
                0x0000000000003446       0x18 ./Profile/devinfoservice.o
                0x0000000000003446                DevInfo_AddService
 .text.hidDevScanParamCB
                0x000000000000345e        0x2 ./Profile/hiddev.o
 .text.hidDevRptByHandle
                0x0000000000003460       0x3c ./Profile/hiddev.o
 .text.hidDevParamUpdateCB
                0x000000000000349c       0x12 ./Profile/hiddev.o
 .text.hidDevInitialAdvertising
                0x00000000000034ae       0x3c ./Profile/hiddev.o
 .text.hidDevBattCB
                0x00000000000034ea       0x30 ./Profile/hiddev.o
 .text.hidDevPairStateCB
                0x000000000000351a       0x38 ./Profile/hiddev.o
 .text.hidDevPasscodeCB
                0x0000000000003552       0x38 ./Profile/hiddev.o
 .text.HidDev_ProcessEvent
                0x000000000000358a       0xf4 ./Profile/hiddev.o
                0x000000000000358a                HidDev_ProcessEvent
 .text.hidDevGapStateCB
                0x000000000000367e      0x15e ./Profile/hiddev.o
 .text.HidDev_Init
                0x00000000000037dc       0x6a ./Profile/hiddev.o
                0x00000000000037dc                HidDev_Init
 .text.HidDev_Register
                0x0000000000003846       0x12 ./Profile/hiddev.o
                0x0000000000003846                HidDev_Register
 .text.HidDev_RegisterReports
                0x0000000000003858       0x12 ./Profile/hiddev.o
                0x0000000000003858                HidDev_RegisterReports
 .text.HidDev_Report
                0x000000000000386a      0x14c ./Profile/hiddev.o
                0x000000000000386a                HidDev_Report
 .text.HidDev_ReadAttrCB
                0x00000000000039b6      0x10c ./Profile/hiddev.o
                0x00000000000039b6                HidDev_ReadAttrCB
 .text.HidDev_WriteAttrCB
                0x0000000000003ac2      0x15e ./Profile/hiddev.o
                0x0000000000003ac2                HidDev_WriteAttrCB
 .text.Hid_AddService
                0x0000000000003c20       0xae ./Profile/hidjoytickservice.o
                0x0000000000003c20                Hid_AddService
 .text.Hid_SetParameter
                0x0000000000003cce       0x2c ./Profile/hidjoytickservice.o
                0x0000000000003cce                Hid_SetParameter
 .text.Hid_GetParameter
                0x0000000000003cfa       0x2c ./Profile/hidjoytickservice.o
                0x0000000000003cfa                Hid_GetParameter
 .text.scanParamReadAttrCB
                0x0000000000003d26        0x4 ./Profile/scanparamservice.o
 .text.scanParamWriteAttrCB
                0x0000000000003d2a       0x6a ./Profile/scanparamservice.o
 .text.ScanParam_AddService
                0x0000000000003d94       0x30 ./Profile/scanparamservice.o
                0x0000000000003d94                ScanParam_AddService
 .text.ScanParam_Register
                0x0000000000003dc4        0xa ./Profile/scanparamservice.o
                0x0000000000003dc4                ScanParam_Register
 .text.ScanParam_RefreshNotify
                0x0000000000003dce       0x60 ./Profile/scanparamservice.o
                0x0000000000003dce                ScanParam_RefreshNotify
 .text.ScanParam_HandleConnStatusCB
                0x0000000000003e2e       0x42 ./Profile/scanparamservice.o
                0x0000000000003e2e                ScanParam_HandleConnStatusCB
 .text.BATTERY_ADC_Calculation
                0x0000000000003e70       0x60 ./HAL/BATTERY.o
                0x0000000000003e70                BATTERY_ADC_Calculation
 .text.BATTERY_ADC_Convert
                0x0000000000003ed0       0x40 ./HAL/BATTERY.o
                0x0000000000003ed0                BATTERY_ADC_Convert
 .text.BATTERY_Init
                0x0000000000003f10       0x6e ./HAL/BATTERY.o
                0x0000000000003f10                BATTERY_Init
 .text.hidEmuEvtCB
                0x0000000000003f7e        0x2 ./HAL/BLE.o
 .text.hidEmuStateCB
                0x0000000000003f80      0x104 ./HAL/BLE.o
 .text.hidEmuRptCB
                0x0000000000004084       0x1c ./HAL/BLE.o
 .text.HidEmu_ProcessEvent
                0x00000000000040a0       0xb0 ./HAL/BLE.o
                0x00000000000040a0                HidEmu_ProcessEvent
 .text.HidEmu_Init
                0x0000000000004150       0xf6 ./HAL/BLE.o
                0x0000000000004150                HidEmu_Init
 .text.PFIC_DisableIRQ
                0x0000000000004246       0x14 ./HAL/CORE.o
 .text.MySqrt   0x000000000000425a       0x84 ./HAL/ICM20602.o
 .text.ICM20602_write_byte
                0x00000000000042de       0x3a ./HAL/ICM20602.o
                0x00000000000042de                ICM20602_write_byte
 .text.ICM20602_read_byte
                0x0000000000004318       0x38 ./HAL/ICM20602.o
                0x0000000000004318                ICM20602_read_byte
 .text.ICM20602_read_bytes
                0x0000000000004350       0x50 ./HAL/ICM20602.o
                0x0000000000004350                ICM20602_read_bytes
 .text.ICM20602_get_acc
                0x00000000000043a0       0x4c ./HAL/ICM20602.o
                0x00000000000043a0                ICM20602_get_acc
 .text.ICM20602_get_gyro
                0x00000000000043ec       0x4c ./HAL/ICM20602.o
                0x00000000000043ec                ICM20602_get_gyro
 .text.ICM20602_gyro_offset_init
                0x0000000000004438       0x7c ./HAL/ICM20602.o
                0x0000000000004438                ICM20602_gyro_offset_init
 .text.ICM20602_get_orign_data
                0x00000000000044b4      0x182 ./HAL/ICM20602.o
                0x00000000000044b4                ICM20602_get_orign_data
 .text.ICM20602_AHRS_update
                0x0000000000004636      0x424 ./HAL/ICM20602.o
                0x0000000000004636                ICM20602_AHRS_update
 .text.ICM20602_euler_angle_update
                0x0000000000004a5a      0x1c4 ./HAL/ICM20602.o
                0x0000000000004a5a                ICM20602_euler_angle_update
 .text.ICM20602_data_update
                0x0000000000004c1e       0x22 ./HAL/ICM20602.o
                0x0000000000004c1e                ICM20602_data_update
 .text.ICM20602_init
                0x0000000000004c40       0xde ./HAL/ICM20602.o
                0x0000000000004c40                ICM20602_init
 .text.ICM20602_angle_diff
                0x0000000000004d1e       0x5a ./HAL/ICM20602.o
                0x0000000000004d1e                ICM20602_angle_diff
 .text.ICM20602_report
                0x0000000000004d78      0x1c6 ./HAL/ICM20602.o
                0x0000000000004d78                ICM20602_report
 .text.HAL_key_callback
                0x0000000000004f3e      0x1b4 ./HAL/KEY.o
                0x0000000000004f3e                HAL_key_callback
 .text.HalKeyConfig
                0x00000000000050f2       0x1a ./HAL/KEY.o
                0x00000000000050f2                HalKeyConfig
 .text.HAL_KeyInit
                0x000000000000510c      0x184 ./HAL/KEY.o
                0x000000000000510c                HAL_KeyInit
 .text.HAL_KeyPoll
                0x0000000000005290       0xea ./HAL/KEY.o
                0x0000000000005290                HAL_KeyPoll
 .text.Lib_Calibration_LSI
                0x000000000000537a        0x6 ./HAL/MCU.o
                0x000000000000537a                Lib_Calibration_LSI
 .text.Lib_Read_Flash
                0x0000000000005380       0x1c ./HAL/MCU.o
                0x0000000000005380                Lib_Read_Flash
 .text.Lib_Write_Flash
                0x000000000000539c       0x40 ./HAL/MCU.o
                0x000000000000539c                Lib_Write_Flash
 .text.HAL_GetInterTempValue
                0x00000000000053dc       0x72 ./HAL/MCU.o
                0x00000000000053dc                HAL_GetInterTempValue
 .text.HAL_ProcessEvent
                0x000000000000544e      0x2a2 ./HAL/MCU.o
                0x000000000000544e                HAL_ProcessEvent
 .text.CH58X_BLEInit
                0x00000000000056f0      0x12e ./HAL/MCU.o
                0x00000000000056f0                CH58X_BLEInit
 .text.HAL_Init
                0x000000000000581e       0xac ./HAL/MCU.o
                0x000000000000581e                HAL_Init
 .text.HAL_TimeInit
                0x00000000000058ca       0x3e ./HAL/RTC.o
                0x00000000000058ca                HAL_TimeInit
 .text.SWITCH_data_reset
                0x0000000000005908       0x2e ./HAL/SWITCH.o
                0x0000000000005908                SWITCH_data_reset
 .text.SWITCH_data_read_fromVIA
                0x0000000000005936       0x42 ./HAL/SWITCH.o
                0x0000000000005936                SWITCH_data_read_fromVIA
 .text.SWITCH_data_sync_toVIA
                0x0000000000005978       0x42 ./HAL/SWITCH.o
                0x0000000000005978                SWITCH_data_sync_toVIA
 .text.SWITCH_Init
                0x00000000000059ba       0x24 ./HAL/SWITCH.o
                0x00000000000059ba                SWITCH_Init
 .text.SWITCH_ADC_ENABLE
                0x00000000000059de      0x1ce ./HAL/SWITCH.o
                0x00000000000059de                SWITCH_ADC_ENABLE
 .text.SWITCH_Calibration
                0x0000000000005bac      0x1b2 ./HAL/SWITCH.o
                0x0000000000005bac                SWITCH_Calibration
 .text.usbd_hid_gamepad_in_callback
                0x0000000000005d5e        0x2 ./HAL/USB.o
 .text.usbd_hid_gamepad_out_callback
                0x0000000000005d60        0x2 ./HAL/USB.o
 .text.usbd_cdc_acm_bulk_out_callback
                0x0000000000005d62       0x12 ./HAL/USB.o
 .text.usbd_hid_raw_out_callback
                0x0000000000005d74       0x38 ./HAL/USB.o
 .text.usbd_cdc_acm_bulk_in_callback
                0x0000000000005dac       0x1e ./HAL/USB.o
 .text.USB_ProcessEvent
                0x0000000000005dca       0x68 ./HAL/USB.o
                0x0000000000005dca                USB_ProcessEvent
 .text.usbd_hid_raw_in_callback
                0x0000000000005e32        0x2 ./HAL/USB.o
 .text.usbd_configure_done_callback
                0x0000000000005e34       0x2c ./HAL/USB.o
                0x0000000000005e34                usbd_configure_done_callback
 .text.usbh_hid_set_idle
                0x0000000000005e60        0x2 ./HAL/USB.o
                0x0000000000005e60                usbh_hid_set_idle
 .text.usbh_hid_set_protocol
                0x0000000000005e62        0x2 ./HAL/USB.o
                0x0000000000005e62                usbh_hid_set_protocol
 .text.usbh_hid_set_report
                0x0000000000005e64        0x2 ./HAL/USB.o
                0x0000000000005e64                usbh_hid_set_report
 .text.usb_suspend_wake_up_cb
                0x0000000000005e66        0x2 ./HAL/USB.o
                0x0000000000005e66                usb_suspend_wake_up_cb
 .text.usb_printf
                0x0000000000005e68       0x4e ./HAL/USB.o
                0x0000000000005e68                usb_printf
 .text.HAL_USBInit
                0x0000000000005eb6       0xd4 ./HAL/USB.o
                0x0000000000005eb6                HAL_USBInit
 .text.usb_dc_low_level_init
                0x0000000000005f8a       0x22 ./HAL/USB.o
                0x0000000000005f8a                usb_dc_low_level_init
 .text.WS2812_Style_Off
                0x0000000000005fac       0x1c ./HAL/WS2812.o
                0x0000000000005fac                WS2812_Style_Off
 .text.WS2812_PWM_Init
                0x0000000000005fc8       0x34 ./HAL/WS2812.o
                0x0000000000005fc8                WS2812_PWM_Init
 .text.WS2812_Style_Normal
                0x0000000000005ffc       0xcc ./HAL/WS2812.o
                0x0000000000005ffc                WS2812_Style_Normal
 .text.WS2812_Style_Warning
                0x00000000000060c8       0x94 ./HAL/WS2812.o
                0x00000000000060c8                WS2812_Style_Warning
 .text.WS2812_Change_Style_to
                0x000000000000615c       0x14 ./HAL/WS2812.o
                0x000000000000615c                WS2812_Change_Style_to
 .text.WS2812_Send
                0x0000000000006170       0x96 ./HAL/WS2812.o
                0x0000000000006170                WS2812_Send
 .text.usbd_class_event_notify_handler
                0x0000000000006206       0x34 ./CherryUSB/core/usbd_core.o
 .text.usbd_set_endpoint
                0x000000000000623a       0x6a ./CherryUSB/core/usbd_core.o
 .text.usbd_event_ep0_in_complete_handler
                0x00000000000062a4       0x60 ./CherryUSB/core/usbd_core.o
                0x00000000000062a4                usbd_event_ep0_in_complete_handler
 .text.usbd_print_setup.constprop.12
                0x0000000000006304       0x48 ./CherryUSB/core/usbd_core.o
 .text.usbd_setup_request_handler.constprop.3
                0x000000000000634c      0x6da ./CherryUSB/core/usbd_core.o
 .text.usbd_event_ep0_out_complete_handler
                0x0000000000006a26       0x5e ./CherryUSB/core/usbd_core.o
                0x0000000000006a26                usbd_event_ep0_out_complete_handler
 .text.usbd_event_reset_handler
                0x0000000000006a84       0x34 ./CherryUSB/core/usbd_core.o
                0x0000000000006a84                usbd_event_reset_handler
 .text.usbd_event_ep0_setup_complete_handler
                0x0000000000006ab8      0x11c ./CherryUSB/core/usbd_core.o
                0x0000000000006ab8                usbd_event_ep0_setup_complete_handler
 .text.usbd_event_ep_in_complete_handler
                0x0000000000006bd4       0x20 ./CherryUSB/core/usbd_core.o
                0x0000000000006bd4                usbd_event_ep_in_complete_handler
 .text.usbd_event_ep_out_complete_handler
                0x0000000000006bf4       0x20 ./CherryUSB/core/usbd_core.o
                0x0000000000006bf4                usbd_event_ep_out_complete_handler
 .text.usbd_desc_register
                0x0000000000006c14       0x40 ./CherryUSB/core/usbd_core.o
                0x0000000000006c14                usbd_desc_register
 .text.usbd_add_interface
                0x0000000000006c54       0x2e ./CherryUSB/core/usbd_core.o
                0x0000000000006c54                usbd_add_interface
 .text.usbd_add_endpoint
                0x0000000000006c82       0x3c ./CherryUSB/core/usbd_core.o
                0x0000000000006c82                usbd_add_endpoint
 .text.usb_device_is_configured
                0x0000000000006cbe        0xa ./CherryUSB/core/usbd_core.o
                0x0000000000006cbe                usb_device_is_configured
 .text.usbd_initialize
                0x0000000000006cc8        0x2 ./CherryUSB/core/usbd_core.o
                0x0000000000006cc8                usbd_initialize
 .text.usbd_hid_init_intf
                0x0000000000006cca       0x1c ./CherryUSB/class/hid/usbd_hid.o
                0x0000000000006cca                usbd_hid_init_intf
 .text.usbh_hid_get_report
                0x0000000000006ce6        0x4 ./CherryUSB/class/hid/usbd_hid.o
                0x0000000000006ce6                usbh_hid_get_report
 .text.usbh_hid_get_idle
                0x0000000000006cea        0x4 ./CherryUSB/class/hid/usbd_hid.o
                0x0000000000006cea                usbh_hid_get_idle
 .text.usbh_hid_get_protocol
                0x0000000000006cee        0x4 ./CherryUSB/class/hid/usbd_hid.o
                0x0000000000006cee                usbh_hid_get_protocol
 .text.hid_class_interface_request_handler
                0x0000000000006cf2       0xee ./CherryUSB/class/hid/usbd_hid.o
 .text.cdc_notify_handler
                0x0000000000006de0        0x2 ./CherryUSB/class/cdc/usbd_cdc.o
 .text.usbd_cdc_acm_init_intf
                0x0000000000006de2       0x1e ./CherryUSB/class/cdc/usbd_cdc.o
                0x0000000000006de2                usbd_cdc_acm_init_intf
 .text.usbd_cdc_acm_set_line_coding
                0x0000000000006e00        0x2 ./CherryUSB/class/cdc/usbd_cdc.o
                0x0000000000006e00                usbd_cdc_acm_set_line_coding
 .text.usbd_cdc_acm_get_line_coding
                0x0000000000006e02       0x2a ./CherryUSB/class/cdc/usbd_cdc.o
                0x0000000000006e02                usbd_cdc_acm_get_line_coding
 .text.usbd_cdc_acm_set_dtr
                0x0000000000006e2c        0x2 ./CherryUSB/class/cdc/usbd_cdc.o
                0x0000000000006e2c                usbd_cdc_acm_set_dtr
 .text.usbd_cdc_acm_set_rts
                0x0000000000006e2e        0x2 ./CherryUSB/class/cdc/usbd_cdc.o
                0x0000000000006e2e                usbd_cdc_acm_set_rts
 .text.cdc_acm_class_interface_request_handler
                0x0000000000006e30       0xc8 ./CherryUSB/class/cdc/usbd_cdc.o
 .text.usbd_set_address
                0x0000000000006ef8       0x1e ./CherryUSB/usb_ch58x_dc_usbfs.o
                0x0000000000006ef8                usbd_set_address
 .text.usbd_ep_open
                0x0000000000006f16       0x94 ./CherryUSB/usb_ch58x_dc_usbfs.o
                0x0000000000006f16                usbd_ep_open
 .text.usbd_ep_close
                0x0000000000006faa       0x2a ./CherryUSB/usb_ch58x_dc_usbfs.o
                0x0000000000006faa                usbd_ep_close
 .text.usbd_ep_start_write
                0x0000000000006fd4       0xbe ./CherryUSB/usb_ch58x_dc_usbfs.o
                0x0000000000006fd4                usbd_ep_start_write
 .text.usbd_ep_start_read
                0x0000000000007092       0x7c ./CherryUSB/usb_ch58x_dc_usbfs.o
                0x0000000000007092                usbd_ep_start_read
 .text.usbd_ep_set_stall
                0x000000000000710e       0x3e ./CherryUSB/usb_ch58x_dc_usbfs.o
                0x000000000000710e                usbd_ep_set_stall
 .text.usbd_ep_clear_stall
                0x000000000000714c       0x42 ./CherryUSB/usb_ch58x_dc_usbfs.o
                0x000000000000714c                usbd_ep_clear_stall
 .text.usb_dc_init
                0x000000000000718e       0xfa ./CherryUSB/usb_ch58x_dc_usbfs.o
                0x000000000000718e                usb_dc_init
 .text.startup.main
                0x0000000000007288       0x56 ./APP/main.o
                0x0000000000007288                main
 .text.via_set_default_config
                0x00000000000072de       0xd8 ./APP/tp78_joyticks_via.o
                0x00000000000072de                via_set_default_config
 .text.via_data_read
                0x00000000000073b6       0x18 ./APP/tp78_joyticks_via.o
                0x00000000000073b6                via_data_read
 .text.via_data_write
                0x00000000000073ce       0x3e ./APP/tp78_joyticks_via.o
                0x00000000000073ce                via_data_write
 .text.via_data_processing
                0x000000000000740c      0x5da ./APP/tp78_joyticks_via.o
                0x000000000000740c                via_data_processing
 .text.tmos_msg_enqueue
                0x00000000000079e6       0x1e E:\Project\CH582M_joyticks\LIB\libCH58xBLE.a(message.o)
                0x00000000000079e6                tmos_msg_enqueue
 .text.tmos_msg_deallocate
                0x0000000000007a04       0x2c E:\Project\CH582M_joyticks\LIB\libCH58xBLE.a(message.o)
                0x0000000000007a04                tmos_msg_deallocate
 .text.tmos_msg_allocate
                0x0000000000007a30       0x46 E:\Project\CH582M_joyticks\LIB\libCH58xBLE.a(message.o)
                0x0000000000007a30                tmos_msg_allocate
 .text.tmos_msg_receive
                0x0000000000007a76       0x72 E:\Project\CH582M_joyticks\LIB\libCH58xBLE.a(message.o)
                0x0000000000007a76                tmos_msg_receive
 .text.tmos_msg_send
                0x0000000000007ae8       0x66 E:\Project\CH582M_joyticks\LIB\libCH58xBLE.a(message.o)
                0x0000000000007ae8                tmos_msg_send
 .text.tmos_msg_init
                0x0000000000007b4e        0xa E:\Project\CH582M_joyticks\LIB\libCH58xBLE.a(message.o)
                0x0000000000007b4e                tmos_msg_init
 .text.tmosFindTask
                0x0000000000007b58       0x24 E:\Project\CH582M_joyticks\LIB\libCH58xBLE.a(tmos.o)
 .text.TMOS_CB_PeriodicProcessEvent
                0x0000000000007b7c       0x86 E:\Project\CH582M_joyticks\LIB\libCH58xBLE.a(tmos.o)
                0x0000000000007b7c                TMOS_CB_PeriodicProcessEvent
 .text.TMOS_CB_ProcessEvent
                0x0000000000007c02       0x84 E:\Project\CH582M_joyticks\LIB\libCH58xBLE.a(tmos.o)
                0x0000000000007c02                TMOS_CB_ProcessEvent
 .text.tmos_rand
                0x0000000000007c86       0x5e E:\Project\CH582M_joyticks\LIB\libCH58xBLE.a(tmos.o)
                0x0000000000007c86                tmos_rand
 .text.tmos_proces_sleep
                0x0000000000007ce4      0x132 E:\Project\CH582M_joyticks\LIB\libCH58xBLE.a(tmos.o)
                0x0000000000007ce4                tmos_proces_sleep
 .text.tmos_start_periodic_callback_task
                0x0000000000007e16       0xfc E:\Project\CH582M_joyticks\LIB\libCH58xBLE.a(tmos.o)
                0x0000000000007e16                tmos_start_periodic_callback_task
 .text.tmos_set_event
                0x0000000000007f12       0x2e E:\Project\CH582M_joyticks\LIB\libCH58xBLE.a(tmos.o)
                0x0000000000007f12                tmos_set_event
 .text.tmos_clear_event
                0x0000000000007f40       0x32 E:\Project\CH582M_joyticks\LIB\libCH58xBLE.a(tmos.o)
                0x0000000000007f40                tmos_clear_event
 .text.tmos_update_callback_timer
                0x0000000000007f72       0xc4 E:\Project\CH582M_joyticks\LIB\libCH58xBLE.a(tmos.o)
                0x0000000000007f72                tmos_update_callback_timer
 .text.tmos_start_task
                0x0000000000008036      0x120 E:\Project\CH582M_joyticks\LIB\libCH58xBLE.a(tmos.o)
                0x0000000000008036                tmos_start_task
 .text.tmos_start_callback_task
                0x0000000000008156       0x9a E:\Project\CH582M_joyticks\LIB\libCH58xBLE.a(tmos.o)
                0x0000000000008156                tmos_start_callback_task
 .text.tmos_start_reload_task
                0x00000000000081f0       0x58 E:\Project\CH582M_joyticks\LIB\libCH58xBLE.a(tmos.o)
                0x00000000000081f0                tmos_start_reload_task
 .text.tmos_stop_task
                0x0000000000008248       0x52 E:\Project\CH582M_joyticks\LIB\libCH58xBLE.a(tmos.o)
                0x0000000000008248                tmos_stop_task
 .text.tmos_stop_callback_task
                0x000000000000829a       0x5c E:\Project\CH582M_joyticks\LIB\libCH58xBLE.a(tmos.o)
                0x000000000000829a                tmos_stop_callback_task
 .text.tmos_get_task_timer
                0x00000000000082f6       0x6c E:\Project\CH582M_joyticks\LIB\libCH58xBLE.a(tmos.o)
                0x00000000000082f6                tmos_get_task_timer
 .text.TMOS_TimerRegister
                0x0000000000008362       0x1e E:\Project\CH582M_joyticks\LIB\libCH58xBLE.a(tmos.o)
                0x0000000000008362                TMOS_TimerRegister
 .text.TMOS_ProcessRegister
                0x0000000000008380       0x16 E:\Project\CH582M_joyticks\LIB\libCH58xBLE.a(tmos.o)
                0x0000000000008380                TMOS_ProcessRegister
 .text.TMOS_Init
                0x0000000000008396      0x12e E:\Project\CH582M_joyticks\LIB\libCH58xBLE.a(tmos.o)
                0x0000000000008396                TMOS_Init
 .text.TMOS_ProcessEventRegister
                0x00000000000084c4       0x3c E:\Project\CH582M_joyticks\LIB\libCH58xBLE.a(tmos.o)
                0x00000000000084c4                TMOS_ProcessEventRegister
 .text.BLE_LibInit
                0x0000000000008500      0x174 E:\Project\CH582M_joyticks\LIB\libCH58xBLE.a(tmos.o)
                0x0000000000008500                BLE_LibInit
 .text.clockGetTickValve
                0x0000000000008674       0x70 E:\Project\CH582M_joyticks\LIB\libCH58xBLE.a(tmos_hw.o)
 .text.ll_get_sca_divisor
                0x00000000000086e4       0x40 E:\Project\CH582M_joyticks\LIB\libCH58xBLE.a(tmos_hw.o)
                0x00000000000086e4                ll_get_sca_divisor
 .text.ll_get_sca_own
                0x0000000000008724       0x46 E:\Project\CH582M_joyticks\LIB\libCH58xBLE.a(tmos_hw.o)
                0x0000000000008724                ll_get_sca_own
 .text.ble_ll_common_rand8
                0x000000000000876a       0x24 E:\Project\CH582M_joyticks\LIB\libCH58xBLE.a(tmos_hw.o)
                0x000000000000876a                ble_ll_common_rand8
 .text.ble_ll_common_rand16
                0x000000000000878e       0x24 E:\Project\CH582M_joyticks\LIB\libCH58xBLE.a(tmos_hw.o)
                0x000000000000878e                ble_ll_common_rand16
 .text.ble_ll_common_rand32
                0x00000000000087b2       0x20 E:\Project\CH582M_joyticks\LIB\libCH58xBLE.a(tmos_hw.o)
                0x00000000000087b2                ble_ll_common_rand32
 .text.TMOS_TempSample
                0x00000000000087d2       0x62 E:\Project\CH582M_joyticks\LIB\libCH58xBLE.a(tmos_hw.o)
                0x00000000000087d2                TMOS_TempSample
 .text.TMOS_TimerInit
                0x0000000000008834       0xca E:\Project\CH582M_joyticks\LIB\libCH58xBLE.a(tmos_hw.o)
                0x0000000000008834                TMOS_TimerInit
 .text.tmos_snv_init
                0x00000000000088fe       0xc0 E:\Project\CH582M_joyticks\LIB\libCH58xBLE.a(tmos_snv.o)
                0x00000000000088fe                tmos_snv_init
 .text.tmos_snv_clear
                0x00000000000089be       0xb2 E:\Project\CH582M_joyticks\LIB\libCH58xBLE.a(tmos_snv.o)
                0x00000000000089be                tmos_snv_clear
 .text.tmos_snv_read
                0x0000000000008a70      0x292 E:\Project\CH582M_joyticks\LIB\libCH58xBLE.a(tmos_snv.o)
                0x0000000000008a70                tmos_snv_read
 .text.tmos_snv_notify
                0x0000000000008d02       0x5a E:\Project\CH582M_joyticks\LIB\libCH58xBLE.a(tmos_snv.o)
                0x0000000000008d02                tmos_snv_notify
 .text.tmos_snv_write
                0x0000000000008d5c      0x2ce E:\Project\CH582M_joyticks\LIB\libCH58xBLE.a(tmos_snv.o)
                0x0000000000008d5c                tmos_snv_write
 .text.tmos_snv_compact
                0x000000000000902a        0x4 E:\Project\CH582M_joyticks\LIB\libCH58xBLE.a(tmos_snv.o)
                0x000000000000902a                tmos_snv_compact
 .text.disconnectNext
                0x000000000000902e       0x22 E:\Project\CH582M_joyticks\LIB\libCH58xBLE.a(gap.o)
 .text.GAP_ParamInit
                0x0000000000009050      0x180 E:\Project\CH582M_joyticks\LIB\libCH58xBLE.a(gap.o)
                0x0000000000009050                GAP_ParamInit
 .text.sendTerminateEvent
                0x00000000000091d0       0x58 E:\Project\CH582M_joyticks\LIB\libCH58xBLE.a(gap.o)
                0x00000000000091d0                sendTerminateEvent
 .text.gapRegisterCentral
                0x0000000000009228        0xa E:\Project\CH582M_joyticks\LIB\libCH58xBLE.a(gap.o)
                0x0000000000009228                gapRegisterCentral
 .text.gapRegisterCentralConn
                0x0000000000009232        0xa E:\Project\CH582M_joyticks\LIB\libCH58xBLE.a(gap.o)
                0x0000000000009232                gapRegisterCentralConn
 .text.gapRegisterPeripheral
                0x000000000000923c        0xa E:\Project\CH582M_joyticks\LIB\libCH58xBLE.a(gap.o)
                0x000000000000923c                gapRegisterPeripheral
 .text.gapRegisterPeripheralConn
                0x0000000000009246        0xa E:\Project\CH582M_joyticks\LIB\libCH58xBLE.a(gap.o)
                0x0000000000009246                gapRegisterPeripheralConn
 .text.smGenerateRandBuf
                0x0000000000009250       0x56 E:\Project\CH582M_joyticks\LIB\libCH58xBLE.a(gap.o)
                0x0000000000009250                smGenerateRandBuf
 .text.gapL2capConnParamUpdateReq
                0x00000000000092a6       0x3a E:\Project\CH582M_joyticks\LIB\libCH58xBLE.a(gap.o)
                0x00000000000092a6                gapL2capConnParamUpdateReq
 .text.gapValidADType
                0x00000000000092e0       0x16 E:\Project\CH582M_joyticks\LIB\libCH58xBLE.a(gap.o)
                0x00000000000092e0                gapValidADType
 .text.gapFindADType
                0x00000000000092f6       0x94 E:\Project\CH582M_joyticks\LIB\libCH58xBLE.a(gap.o)
                0x00000000000092f6                gapFindADType
 .text.GAP_SecParamsInit
                0x000000000000938a       0xae E:\Project\CH582M_joyticks\LIB\libCH58xBLE.a(gap.o)
                0x000000000000938a                GAP_SecParamsInit
 .text.GAP_ParamsInit
                0x0000000000009438       0x50 E:\Project\CH582M_joyticks\LIB\libCH58xBLE.a(gap.o)
                0x0000000000009438                GAP_ParamsInit
 .text.gapAddAddrAdj
                0x0000000000009488       0x48 E:\Project\CH582M_joyticks\LIB\libCH58xBLE.a(gap.o)
                0x0000000000009488                gapAddAddrAdj
 .text.gapDetermineAddrType
                0x00000000000094d0       0x28 E:\Project\CH582M_joyticks\LIB\libCH58xBLE.a(gap.o)
                0x00000000000094d0                gapDetermineAddrType
 .text.gapFreeAuthLink
                0x00000000000094f8       0x4a E:\Project\CH582M_joyticks\LIB\libCH58xBLE.a(gap.o)
                0x00000000000094f8                gapFreeAuthLink
 .text.gapGetDevAddress
                0x0000000000009542       0x28 E:\Project\CH582M_joyticks\LIB\libCH58xBLE.a(gap.o)
                0x0000000000009542                gapGetDevAddress
 .text.gapGetDevAddressMode
                0x000000000000956a        0xa E:\Project\CH582M_joyticks\LIB\libCH58xBLE.a(gap.o)
                0x000000000000956a                gapGetDevAddressMode
 .text.gapGetIRK
                0x0000000000009574        0xc E:\Project\CH582M_joyticks\LIB\libCH58xBLE.a(gap.o)
                0x0000000000009574                gapGetIRK
 .text.gapGetSRK
                0x0000000000009580        0xc E:\Project\CH582M_joyticks\LIB\libCH58xBLE.a(gap.o)
                0x0000000000009580                gapGetSRK
 .text.gapGetSignCounter
                0x000000000000958c        0xe E:\Project\CH582M_joyticks\LIB\libCH58xBLE.a(gap.o)
                0x000000000000958c                gapGetSignCounter
 .text.gapIncSignCounter
                0x000000000000959a       0x28 E:\Project\CH582M_joyticks\LIB\libCH58xBLE.a(gap.o)
                0x000000000000959a                gapIncSignCounter
 .text.gapProcessConnEvt
                0x00000000000095c2       0x50 E:\Project\CH582M_joyticks\LIB\libCH58xBLE.a(gap.o)
                0x00000000000095c2                gapProcessConnEvt
 .text.gapProcessDisconnectCompleteEvt
                0x0000000000009612       0xb6 E:\Project\CH582M_joyticks\LIB\libCH58xBLE.a(gap.o)
                0x0000000000009612                gapProcessDisconnectCompleteEvt
 .text.sendAuthEvent
                0x00000000000096c8      0x120 E:\Project\CH582M_joyticks\LIB\libCH58xBLE.a(gap.o)
                0x00000000000096c8                sendAuthEvent
 .text.gapSendBondCompleteEvent
                0x00000000000097e8       0x74 E:\Project\CH582M_joyticks\LIB\libCH58xBLE.a(gap.o)
                0x00000000000097e8                gapSendBondCompleteEvent
 .text.gapSendPairingReqEvent
                0x000000000000985c       0x96 E:\Project\CH582M_joyticks\LIB\libCH58xBLE.a(gap.o)
                0x000000000000985c                gapSendPairingReqEvent
 .text.gapSendSlaveSecurityReqEvent
                0x00000000000098f2       0x68 E:\Project\CH582M_joyticks\LIB\libCH58xBLE.a(gap.o)
                0x00000000000098f2                gapSendSlaveSecurityReqEvent
 .text.gapSendDeviceInitDoneEvent
                0x000000000000995a       0x88 E:\Project\CH582M_joyticks\LIB\libCH58xBLE.a(gap.o)
                0x000000000000995a                gapSendDeviceInitDoneEvent
 .text.gapSendLinkUpdateEvent
                0x00000000000099e2       0xb6 E:\Project\CH582M_joyticks\LIB\libCH58xBLE.a(gap.o)
                0x00000000000099e2                gapSendLinkUpdateEvent
 .text.gapSendPhyUpdateEvent
                0x0000000000009a98       0x58 E:\Project\CH582M_joyticks\LIB\libCH58xBLE.a(gap.o)
                0x0000000000009a98                gapSendPhyUpdateEvent
 .text.gapSendEstLinkEvent
                0x0000000000009af0       0xbc E:\Project\CH582M_joyticks\LIB\libCH58xBLE.a(gap.o)
                0x0000000000009af0                gapSendEstLinkEvent
 .text.gapProcessNewAddr
                0x0000000000009bac       0x4a E:\Project\CH582M_joyticks\LIB\libCH58xBLE.a(gap.o)
                0x0000000000009bac                gapProcessNewAddr
 .text.gapProcessRandomAddrComplete
                0x0000000000009bf6       0xc2 E:\Project\CH582M_joyticks\LIB\libCH58xBLE.a(gap.o)
                0x0000000000009bf6                gapProcessRandomAddrComplete
 .text.GAP_Authenticate
                0x0000000000009cb8       0xde E:\Project\CH582M_joyticks\LIB\libCH58xBLE.a(gap.o)
                0x0000000000009cb8                GAP_Authenticate
 .text.GAP_Bond
                0x0000000000009d96       0xaa E:\Project\CH582M_joyticks\LIB\libCH58xBLE.a(gap.o)
                0x0000000000009d96                GAP_Bond
 .text.GAP_GetParamValue
                0x0000000000009e40       0x20 E:\Project\CH582M_joyticks\LIB\libCH58xBLE.a(gap.o)
                0x0000000000009e40                GAP_GetParamValue
 .text.GAP_PasscodeUpdate
                0x0000000000009e60       0x54 E:\Project\CH582M_joyticks\LIB\libCH58xBLE.a(gap.o)
                0x0000000000009e60                GAP_PasscodeUpdate
 .text.GAP_RegisterForMsgs
                0x0000000000009eb4        0xa E:\Project\CH582M_joyticks\LIB\libCH58xBLE.a(gap.o)
                0x0000000000009eb4                GAP_RegisterForMsgs
 .text.GAP_ResolvePrivateAddr
                0x0000000000009ebe        0x4 E:\Project\CH582M_joyticks\LIB\libCH58xBLE.a(gap.o)
                0x0000000000009ebe                GAP_ResolvePrivateAddr
 .text.gapPairingCompleteCB
                0x0000000000009ec2      0x18c E:\Project\CH582M_joyticks\LIB\libCH58xBLE.a(gap.o)
                0x0000000000009ec2                gapPairingCompleteCB
 .text.gapPasskeyNeededCB
                0x000000000000a04e       0x8e E:\Project\CH582M_joyticks\LIB\libCH58xBLE.a(gap.o)
                0x000000000000a04e                gapPasskeyNeededCB
 .text.gapOobNeededCB
                0x000000000000a0dc       0xa6 E:\Project\CH582M_joyticks\LIB\libCH58xBLE.a(gap.o)
                0x000000000000a0dc                gapOobNeededCB
 .text.gapFreeEstLink
                0x000000000000a182       0x28 E:\Project\CH582M_joyticks\LIB\libCH58xBLE.a(gap.o)
                0x000000000000a182                gapFreeEstLink
 .text.gapUpdateConnSignCounter
                0x000000000000a1aa       0x7a E:\Project\CH582M_joyticks\LIB\libCH58xBLE.a(gap.o)
                0x000000000000a1aa                gapUpdateConnSignCounter
 .text.GAP_SendSlaveSecurityRequest
                0x000000000000a224       0x4a E:\Project\CH582M_joyticks\LIB\libCH58xBLE.a(gap.o)
                0x000000000000a224                GAP_SendSlaveSecurityRequest
 .text.GAP_Signable
                0x000000000000a26e       0x6a E:\Project\CH582M_joyticks\LIB\libCH58xBLE.a(gap.o)
                0x000000000000a26e                GAP_Signable
 .text.GAP_TerminateAuth
                0x000000000000a2d8       0x2a E:\Project\CH582M_joyticks\LIB\libCH58xBLE.a(gap.o)
                0x000000000000a2d8                GAP_TerminateAuth
 .text.GAP_NumActiveConnections
                0x000000000000a302        0x4 E:\Project\CH582M_joyticks\LIB\libCH58xBLE.a(gap.o)
                0x000000000000a302                GAP_NumActiveConnections
 .text.GAP_TerminateLinkReq
                0x000000000000a306       0x9e E:\Project\CH582M_joyticks\LIB\libCH58xBLE.a(gap.o)
                0x000000000000a306                GAP_TerminateLinkReq
 .text.GAP_SetParamValue
                0x000000000000a3a4       0x6c E:\Project\CH582M_joyticks\LIB\libCH58xBLE.a(gap.o)
                0x000000000000a3a4                GAP_SetParamValue
 .text.GAP_Init
                0x000000000000a410       0x48 E:\Project\CH582M_joyticks\LIB\libCH58xBLE.a(gap.o)
                0x000000000000a410                GAP_Init
 .text.GAP_ProcessEvent
                0x000000000000a458      0x6c0 E:\Project\CH582M_joyticks\LIB\libCH58xBLE.a(gap.o)
                0x000000000000a458                GAP_ProcessEvent
 .text.gapSendScanEnable
                0x000000000000ab18       0x3a E:\Project\CH582M_joyticks\LIB\libCH58xBLE.a(gap_central.o)
 .text.gapCentProcessConnEvt
                0x000000000000ab52      0x16c E:\Project\CH582M_joyticks\LIB\libCH58xBLE.a(gap_central.o)
                0x000000000000ab52                gapCentProcessConnEvt
 .text.gapProcessScanningPeriodicAdvEvt
                0x000000000000acbe       0xa0 E:\Project\CH582M_joyticks\LIB\libCH58xBLE.a(gap_central.o)
                0x000000000000acbe                gapProcessScanningPeriodicAdvEvt
 .text.gapCancelLinkReq
                0x000000000000ad5e       0x40 E:\Project\CH582M_joyticks\LIB\libCH58xBLE.a(gap_central.o)
                0x000000000000ad5e                gapCancelLinkReq
 .text.gapProcessAdvertDevInfo
                0x000000000000ad9e      0x252 E:\Project\CH582M_joyticks\LIB\libCH58xBLE.a(gap_central.o)
                0x000000000000ad9e                gapProcessAdvertDevInfo
 .text.gapProcessExtAdvertDevInfo
                0x000000000000aff0      0x278 E:\Project\CH582M_joyticks\LIB\libCH58xBLE.a(gap_central.o)
                0x000000000000aff0                gapProcessExtAdvertDevInfo
 .text.gapProcessPeriodicAdvertisingSyncEstablishedEvt
                0x000000000000b268       0xae E:\Project\CH582M_joyticks\LIB\libCH58xBLE.a(gap_central.o)
                0x000000000000b268                gapProcessPeriodicAdvertisingSyncEstablishedEvt
 .text.gapProcessPeriodicAdvertisingSyncLostEvt
                0x000000000000b316       0x56 E:\Project\CH582M_joyticks\LIB\libCH58xBLE.a(gap_central.o)
                0x000000000000b316                gapProcessPeriodicAdvertisingSyncLostEvt
 .text.gapFreeScanRecs
                0x000000000000b36c       0xae E:\Project\CH582M_joyticks\LIB\libCH58xBLE.a(gap_central.o)
                0x000000000000b36c                gapFreeScanRecs
 .text.gapSendDevDiscEvent
                0x000000000000b41a      0x142 E:\Project\CH582M_joyticks\LIB\libCH58xBLE.a(gap_central.o)
                0x000000000000b41a                gapSendDevDiscEvent
 .text.gapSetScanParamStatus
                0x000000000000b55c       0x5c E:\Project\CH582M_joyticks\LIB\libCH58xBLE.a(gap_central.o)
 .text.gapCentProcessHCICmdEvt
                0x000000000000b5b8       0x3e E:\Project\CH582M_joyticks\LIB\libCH58xBLE.a(gap_central.o)
                0x000000000000b5b8                gapCentProcessHCICmdEvt
 .text.gapProcessScanningEvt
                0x000000000000b5f6      0x118 E:\Project\CH582M_joyticks\LIB\libCH58xBLE.a(gap_central.o)
                0x000000000000b5f6                gapProcessScanningEvt
 .text.gapProcessScanningDirectEvt
                0x000000000000b70e      0x106 E:\Project\CH582M_joyticks\LIB\libCH58xBLE.a(gap_central.o)
                0x000000000000b70e                gapProcessScanningDirectEvt
 .text.gapProcessScanningExtAdvEvt
                0x000000000000b814      0x272 E:\Project\CH582M_joyticks\LIB\libCH58xBLE.a(gap_central.o)
                0x000000000000b814                gapProcessScanningExtAdvEvt
 .text.GAP_CentConnRegister
                0x000000000000ba86       0x1a E:\Project\CH582M_joyticks\LIB\libCH58xBLE.a(gap_central.o)
                0x000000000000ba86                GAP_CentConnRegister
 .text.GAP_CentralParamInit
                0x000000000000baa0       0x7a E:\Project\CH582M_joyticks\LIB\libCH58xBLE.a(gap_central.o)
                0x000000000000baa0                GAP_CentralParamInit
 .text.GAP_CentDevMgrInit
                0x000000000000bb1a       0xbc E:\Project\CH582M_joyticks\LIB\libCH58xBLE.a(gap_central.o)
                0x000000000000bb1a                GAP_CentDevMgrInit
 .text.gapFreeAdvertState
                0x000000000000bbd6       0x28 E:\Project\CH582M_joyticks\LIB\libCH58xBLE.a(gap_peripheral.o)
 .text.gapSetPeriodicAdvParams
                0x000000000000bbfe       0x30 E:\Project\CH582M_joyticks\LIB\libCH58xBLE.a(gap_peripheral.o)
 .text.gapSetConnectionlessCTEParams
                0x000000000000bc2e       0x54 E:\Project\CH582M_joyticks\LIB\libCH58xBLE.a(gap_peripheral.o)
 .text.gapSetAdvParams
                0x000000000000bc82      0x100 E:\Project\CH582M_joyticks\LIB\libCH58xBLE.a(gap_peripheral.o)
 .text.gapPeriProcessConnEvt
                0x000000000000bd82       0xd0 E:\Project\CH582M_joyticks\LIB\libCH58xBLE.a(gap_peripheral.o)
 .text.gapWriteAdvDataStatus
                0x000000000000be52       0x98 E:\Project\CH582M_joyticks\LIB\libCH58xBLE.a(gap_peripheral.o)
 .text.GAP_MakeDiscoverable
                0x000000000000beea      0x180 E:\Project\CH582M_joyticks\LIB\libCH58xBLE.a(gap_peripheral.o)
                0x000000000000beea                GAP_MakeDiscoverable
 .text.GAP_EndDiscoverable
                0x000000000000c06a       0x6e E:\Project\CH582M_joyticks\LIB\libCH58xBLE.a(gap_peripheral.o)
                0x000000000000c06a                GAP_EndDiscoverable
 .text.gapProcessAdvertisingEvt
                0x000000000000c0d8      0x134 E:\Project\CH582M_joyticks\LIB\libCH58xBLE.a(gap_peripheral.o)
 .text.GAP_MakePeriodic
                0x000000000000c20c       0x2e E:\Project\CH582M_joyticks\LIB\libCH58xBLE.a(gap_peripheral.o)
                0x000000000000c20c                GAP_MakePeriodic
 .text.GAP_EndPeriodic
                0x000000000000c23a       0x10 E:\Project\CH582M_joyticks\LIB\libCH58xBLE.a(gap_peripheral.o)
                0x000000000000c23a                GAP_EndPeriodic
 .text.GAP_MakeConnecttionlessCTE
                0x000000000000c24a       0x1e E:\Project\CH582M_joyticks\LIB\libCH58xBLE.a(gap_peripheral.o)
                0x000000000000c24a                GAP_MakeConnecttionlessCTE
 .text.GAP_EndConnecttionlessCTE
                0x000000000000c268       0x10 E:\Project\CH582M_joyticks\LIB\libCH58xBLE.a(gap_peripheral.o)
                0x000000000000c268                GAP_EndConnecttionlessCTE
 .text.GAP_SetAdvertisingAdvData
                0x000000000000c278      0x11a E:\Project\CH582M_joyticks\LIB\libCH58xBLE.a(gap_peripheral.o)
                0x000000000000c278                GAP_SetAdvertisingAdvData
 .text.GAP_SetAdvertisingRspData
                0x000000000000c392      0x11a E:\Project\CH582M_joyticks\LIB\libCH58xBLE.a(gap_peripheral.o)
                0x000000000000c392                GAP_SetAdvertisingRspData
 .text.GAP_SetPeriodicAdvertisingData
                0x000000000000c4ac       0xd6 E:\Project\CH582M_joyticks\LIB\libCH58xBLE.a(gap_peripheral.o)
                0x000000000000c4ac                GAP_SetPeriodicAdvertisingData
 .text.GAP_GetAdvertisingAdvData
                0x000000000000c582       0x2a E:\Project\CH582M_joyticks\LIB\libCH58xBLE.a(gap_peripheral.o)
                0x000000000000c582                GAP_GetAdvertisingAdvData
 .text.GAP_GetAdvertisingRspData
                0x000000000000c5ac       0x3c E:\Project\CH582M_joyticks\LIB\libCH58xBLE.a(gap_peripheral.o)
                0x000000000000c5ac                GAP_GetAdvertisingRspData
 .text.GAP_GetPeriodicAdvertisingData
                0x000000000000c5e8       0x3c E:\Project\CH582M_joyticks\LIB\libCH58xBLE.a(gap_peripheral.o)
                0x000000000000c5e8                GAP_GetPeriodicAdvertisingData
 .text.GAP_ConfigDeviceAddr
                0x000000000000c624      0x124 E:\Project\CH582M_joyticks\LIB\libCH58xBLE.a(gap_peripheral.o)
                0x000000000000c624                GAP_ConfigDeviceAddr
 .text.GAP_PeriConnRegister
                0x000000000000c748       0x32 E:\Project\CH582M_joyticks\LIB\libCH58xBLE.a(gap_peripheral.o)
                0x000000000000c748                GAP_PeriConnRegister
 .text.GAP_PeripheralParamInit
                0x000000000000c77a       0x90 E:\Project\CH582M_joyticks\LIB\libCH58xBLE.a(gap_peripheral.o)
                0x000000000000c77a                GAP_PeripheralParamInit
 .text.gapSendMakeDiscEvent
                0x000000000000c80a       0x54 E:\Project\CH582M_joyticks\LIB\libCH58xBLE.a(gap_peripheral.o)
                0x000000000000c80a                gapSendMakeDiscEvent
 .text.gapWriteAdvEnableStatus
                0x000000000000c85e      0x11c E:\Project\CH582M_joyticks\LIB\libCH58xBLE.a(gap_peripheral.o)
 .text.gapSendMakePeriodicEvent
                0x000000000000c97a       0x3e E:\Project\CH582M_joyticks\LIB\libCH58xBLE.a(gap_peripheral.o)
                0x000000000000c97a                gapSendMakePeriodicEvent
 .text.gapSendMakeConnectionlessCTEEvent
                0x000000000000c9b8       0x3e E:\Project\CH582M_joyticks\LIB\libCH58xBLE.a(gap_peripheral.o)
                0x000000000000c9b8                gapSendMakeConnectionlessCTEEvent
 .text.gapPeriProcessHCICmdCompleteEvt
                0x000000000000c9f6      0x1fc E:\Project\CH582M_joyticks\LIB\libCH58xBLE.a(gap_peripheral.o)
 .text.GAP_PeriDevMgrInit
                0x000000000000cbf2       0x2e E:\Project\CH582M_joyticks\LIB\libCH58xBLE.a(gap_peripheral.o)
                0x000000000000cbf2                GAP_PeriDevMgrInit
 .text.ggs_SetAttrWPermit
                0x000000000000cc20       0x68 E:\Project\CH582M_joyticks\LIB\libCH58xBLE.a(gapgattserver.o)
 .text.ggs_ReadAttrCB
                0x000000000000cc88      0x156 E:\Project\CH582M_joyticks\LIB\libCH58xBLE.a(gapgattserver.o)
 .text.ggs_WriteAttrCB
                0x000000000000cdde      0x168 E:\Project\CH582M_joyticks\LIB\libCH58xBLE.a(gapgattserver.o)
 .text.GGS_ParamInit
                0x000000000000cf46      0x27e E:\Project\CH582M_joyticks\LIB\libCH58xBLE.a(gapgattserver.o)
                0x000000000000cf46                GGS_ParamInit
 .text.GGS_SetParameter
                0x000000000000d1c4       0xee E:\Project\CH582M_joyticks\LIB\libCH58xBLE.a(gapgattserver.o)
                0x000000000000d1c4                GGS_SetParameter
 .text.GGS_AddService
                0x000000000000d2b2       0x34 E:\Project\CH582M_joyticks\LIB\libCH58xBLE.a(gapgattserver.o)
                0x000000000000d2b2                GGS_AddService
 .text.GAP_DeviceInit
                0x000000000000d2e6       0xd8 E:\Project\CH582M_joyticks\LIB\libCH58xBLE.a(gapgattserver.o)
                0x000000000000d2e6                GAP_DeviceInit
 .text.gattGetPayload
                0x000000000000d3be       0x7e E:\Project\CH582M_joyticks\LIB\libCH58xBLE.a(gatt.o)
                0x000000000000d3be                gattGetPayload
 .text.gattNotifyEvent
                0x000000000000d43c       0x84 E:\Project\CH582M_joyticks\LIB\libCH58xBLE.a(gatt.o)
                0x000000000000d43c                gattNotifyEvent
 .text.gattSendFlowCtrlEvt
                0x000000000000d4c0       0x52 E:\Project\CH582M_joyticks\LIB\libCH58xBLE.a(gatt.o)
                0x000000000000d4c0                gattSendFlowCtrlEvt
 .text.gattStartTimer
                0x000000000000d512        0xc E:\Project\CH582M_joyticks\LIB\libCH58xBLE.a(gatt.o)
                0x000000000000d512                gattStartTimer
 .text.gattStopTimer
                0x000000000000d51e       0x32 E:\Project\CH582M_joyticks\LIB\libCH58xBLE.a(gatt.o)
                0x000000000000d51e                gattStopTimer
 .text.GATT_AppCompletedMsg
                0x000000000000d550       0x30 E:\Project\CH582M_joyticks\LIB\libCH58xBLE.a(gatt.o)
                0x000000000000d550                GATT_AppCompletedMsg
 .text.GATT_NotifyEvent
                0x000000000000d580       0x56 E:\Project\CH582M_joyticks\LIB\libCH58xBLE.a(gatt.o)
                0x000000000000d580                GATT_NotifyEvent
 .text.gattRegisterServer
                0x000000000000d5d6        0xa E:\Project\CH582M_joyticks\LIB\libCH58xBLE.a(gatt.o)
                0x000000000000d5d6                gattRegisterServer
 .text.GATT_UpdateMTU
                0x000000000000d5e0       0x5a E:\Project\CH582M_joyticks\LIB\libCH58xBLE.a(gatt.o)
                0x000000000000d5e0                GATT_UpdateMTU
 .text.GATT_bm_alloc
                0x000000000000d63a       0xe8 E:\Project\CH582M_joyticks\LIB\libCH58xBLE.a(gatt.o)
                0x000000000000d63a                GATT_bm_alloc
 .text.GATT_ServiceChangedInd
                0x000000000000d722       0x94 E:\Project\CH582M_joyticks\LIB\libCH58xBLE.a(gatt.o)
                0x000000000000d722                GATT_ServiceChangedInd
 .text.GATT_bm_free
                0x000000000000d7b6       0x1c E:\Project\CH582M_joyticks\LIB\libCH58xBLE.a(gatt.o)
                0x000000000000d7b6                GATT_bm_free
 .text.GATT_Init
                0x000000000000d7d2       0x32 E:\Project\CH582M_joyticks\LIB\libCH58xBLE.a(gatt.o)
                0x000000000000d7d2                GATT_Init
 .text.GATT_ProcessEvent
                0x000000000000d804      0x146 E:\Project\CH582M_joyticks\LIB\libCH58xBLE.a(gatt.o)
                0x000000000000d804                GATT_ProcessEvent
 .text.gattProcessExchangeMTUReq
                0x000000000000d94a        0x4 E:\Project\CH582M_joyticks\LIB\libCH58xBLE.a(gattservapp.o)
 .text.gattServApp_FindCharCfgItem
                0x000000000000d94e       0x24 E:\Project\CH582M_joyticks\LIB\libCH58xBLE.a(gattservapp.o)
 .text.gattServerHandleTimerCB
                0x000000000000d972       0x3c E:\Project\CH582M_joyticks\LIB\libCH58xBLE.a(gattservapp.o)
 .text.GATTServApp_InitCharCfg.part.12
                0x000000000000d9ae       0x20 E:\Project\CH582M_joyticks\LIB\libCH58xBLE.a(gattservapp.o)
 .text.gattProcessExecuteWriteReq
                0x000000000000d9ce        0x4 E:\Project\CH582M_joyticks\LIB\libCH58xBLE.a(gattservapp.o)
 .text.GATTServApp_ParamInit
                0x000000000000d9d2      0x106 E:\Project\CH582M_joyticks\LIB\libCH58xBLE.a(gattservapp.o)
                0x000000000000d9d2                GATTServApp_ParamInit
 .text.GATTServApp_ReadCharCfg
                0x000000000000dad8       0x18 E:\Project\CH582M_joyticks\LIB\libCH58xBLE.a(gattservapp.o)
                0x000000000000dad8                GATTServApp_ReadCharCfg
 .text.GATTServApp_WriteCharCfg
                0x000000000000daf0       0x3c E:\Project\CH582M_joyticks\LIB\libCH58xBLE.a(gattservapp.o)
                0x000000000000daf0                GATTServApp_WriteCharCfg
 .text.GATTServApp_ProcessCCCWriteReq
                0x000000000000db2c       0x60 E:\Project\CH582M_joyticks\LIB\libCH58xBLE.a(gattservapp.o)
                0x000000000000db2c                GATTServApp_ProcessCCCWriteReq
 .text.gattServApp_WriteAttrCB
                0x000000000000db8c       0x34 E:\Project\CH582M_joyticks\LIB\libCH58xBLE.a(gattservapp.o)
                0x000000000000db8c                gattServApp_WriteAttrCB
 .text.GATTServApp_SendCCCUpdatedEvent
                0x000000000000dbc0       0x66 E:\Project\CH582M_joyticks\LIB\libCH58xBLE.a(gattservapp.o)
                0x000000000000dbc0                GATTServApp_SendCCCUpdatedEvent
 .text.GATTServApp_SendServiceChangedInd
                0x000000000000dc26       0x3a E:\Project\CH582M_joyticks\LIB\libCH58xBLE.a(gattservapp.o)
                0x000000000000dc26                GATTServApp_SendServiceChangedInd
 .text.gattServApp_ClearPrepareWriteQ
                0x000000000000dc60       0x50 E:\Project\CH582M_joyticks\LIB\libCH58xBLE.a(gattservapp.o)
                0x000000000000dc60                gattServApp_ClearPrepareWriteQ
 .text.gattServApp_FindPrepareWriteQ
                0x000000000000dcb0       0x34 E:\Project\CH582M_joyticks\LIB\libCH58xBLE.a(gattservapp.o)
                0x000000000000dcb0                gattServApp_FindPrepareWriteQ
 .text.gattServApp_FindServiceCBs
                0x000000000000dce4       0x1c E:\Project\CH582M_joyticks\LIB\libCH58xBLE.a(gattservapp.o)
                0x000000000000dce4                gattServApp_FindServiceCBs
 .text.gattServApp_FindAuthorizeAttrCB
                0x000000000000dd00       0x16 E:\Project\CH582M_joyticks\LIB\libCH58xBLE.a(gattservapp.o)
                0x000000000000dd00                gattServApp_FindAuthorizeAttrCB
 .text.gattServApp_IsWriteLong
                0x000000000000dd16       0xea E:\Project\CH582M_joyticks\LIB\libCH58xBLE.a(gattservapp.o)
                0x000000000000dd16                gattServApp_IsWriteLong
 .text.gattFindService
                0x000000000000de00       0x20 E:\Project\CH582M_joyticks\LIB\libCH58xBLE.a(gattservapp.o)
                0x000000000000de00                gattFindService
 .text.GATT_ServiceNumAttrs
                0x000000000000de20       0x18 E:\Project\CH582M_joyticks\LIB\libCH58xBLE.a(gattservapp.o)
                0x000000000000de20                GATT_ServiceNumAttrs
 .text.GATT_ServiceEncKeySize
                0x000000000000de38       0x18 E:\Project\CH582M_joyticks\LIB\libCH58xBLE.a(gattservapp.o)
                0x000000000000de38                GATT_ServiceEncKeySize
 .text.GATT_VerifyWritePermissions.part.7
                0x000000000000de50       0x2e E:\Project\CH582M_joyticks\LIB\libCH58xBLE.a(gattservapp.o)
 .text.gattResetServerInfo
                0x000000000000de7e       0x1c E:\Project\CH582M_joyticks\LIB\libCH58xBLE.a(gattservapp.o)
                0x000000000000de7e                gattResetServerInfo
 .text.gattFindServerInfo
                0x000000000000de9a       0x30 E:\Project\CH582M_joyticks\LIB\libCH58xBLE.a(gattservapp.o)
                0x000000000000de9a                gattFindServerInfo
 .text.gattServerHandleConnStatusCB
                0x000000000000deca       0x98 E:\Project\CH582M_joyticks\LIB\libCH58xBLE.a(gattservapp.o)
                0x000000000000deca                gattServerHandleConnStatusCB
 .text.gattServerProcessMsgCB
                0x000000000000df62      0x1c8 E:\Project\CH582M_joyticks\LIB\libCH58xBLE.a(gattservapp.o)
                0x000000000000df62                gattServerProcessMsgCB
 .text.gattServerNotifyTxCB
                0x000000000000e12a       0x28 E:\Project\CH582M_joyticks\LIB\libCH58xBLE.a(gattservapp.o)
 .text.GATT_FindHandle
                0x000000000000e152       0x4e E:\Project\CH582M_joyticks\LIB\libCH58xBLE.a(gattservapp.o)
                0x000000000000e152                GATT_FindHandle
 .text.GATTServApp_WriteAttr
                0x000000000000e1a0       0xa8 E:\Project\CH582M_joyticks\LIB\libCH58xBLE.a(gattservapp.o)
                0x000000000000e1a0                GATTServApp_WriteAttr
 .text.gattServApp_ProcessExecuteWriteReq
                0x000000000000e248      0x100 E:\Project\CH582M_joyticks\LIB\libCH58xBLE.a(gattservapp.o)
                0x000000000000e248                gattServApp_ProcessExecuteWriteReq
 .text.GATTServApp_UpdateCharCfg
                0x000000000000e348       0x1e E:\Project\CH582M_joyticks\LIB\libCH58xBLE.a(gattservapp.o)
                0x000000000000e348                GATTServApp_UpdateCharCfg
 .text.gattServApp_ProcessPrepareWriteReq
                0x000000000000e366      0x10e E:\Project\CH582M_joyticks\LIB\libCH58xBLE.a(gattservapp.o)
                0x000000000000e366                gattServApp_ProcessPrepareWriteReq
 .text.gattServApp_ProcessWriteReq
                0x000000000000e474       0xb0 E:\Project\CH582M_joyticks\LIB\libCH58xBLE.a(gattservapp.o)
                0x000000000000e474                gattServApp_ProcessWriteReq
 .text.GATT_Indication
                0x000000000000e524       0xa4 E:\Project\CH582M_joyticks\LIB\libCH58xBLE.a(gattservapp.o)
                0x000000000000e524                GATT_Indication
 .text.GATT_FindHandleUUID
                0x000000000000e5c8       0x98 E:\Project\CH582M_joyticks\LIB\libCH58xBLE.a(gattservapp.o)
                0x000000000000e5c8                GATT_FindHandleUUID
 .text.gattProcessReadByGrpTypeReq
                0x000000000000e660       0x60 E:\Project\CH582M_joyticks\LIB\libCH58xBLE.a(gattservapp.o)
 .text.gattProcessReadByTypeReq
                0x000000000000e6c0       0x34 E:\Project\CH582M_joyticks\LIB\libCH58xBLE.a(gattservapp.o)
 .text.gattProcessFindByTypeValueReq
                0x000000000000e6f4       0x34 E:\Project\CH582M_joyticks\LIB\libCH58xBLE.a(gattservapp.o)
 .text.gattProcessFindInfoReq
                0x000000000000e728      0x1aa E:\Project\CH582M_joyticks\LIB\libCH58xBLE.a(gattservapp.o)
 .text.GATT_Notification
                0x000000000000e8d2       0x74 E:\Project\CH582M_joyticks\LIB\libCH58xBLE.a(gattservapp.o)
                0x000000000000e8d2                GATT_Notification
 .text.GATT_VerifyWritePermissions
                0x000000000000e946       0x6a E:\Project\CH582M_joyticks\LIB\libCH58xBLE.a(gattservapp.o)
                0x000000000000e946                GATT_VerifyWritePermissions
 .text.gattProcessWriteReq
                0x000000000000e9b0       0x36 E:\Project\CH582M_joyticks\LIB\libCH58xBLE.a(gattservapp.o)
 .text.GATT_VerifyPrepareWritePermissions
                0x000000000000e9e6       0x56 E:\Project\CH582M_joyticks\LIB\libCH58xBLE.a(gattservapp.o)
                0x000000000000e9e6                GATT_VerifyPrepareWritePermissions
 .text.gattProcessPrepareWriteReq
                0x000000000000ea3c       0x36 E:\Project\CH582M_joyticks\LIB\libCH58xBLE.a(gattservapp.o)
 .text.GATT_FindNextAttr
                0x000000000000ea72       0xc2 E:\Project\CH582M_joyticks\LIB\libCH58xBLE.a(gattservapp.o)
                0x000000000000ea72                GATT_FindNextAttr
 .text.GATTServApp_ReadAttr
                0x000000000000eb34      0x2ea E:\Project\CH582M_joyticks\LIB\libCH58xBLE.a(gattservapp.o)
                0x000000000000eb34                GATTServApp_ReadAttr
 .text.gattServApp_ProcessReadMultiReq
                0x000000000000ee1e      0x182 E:\Project\CH582M_joyticks\LIB\libCH58xBLE.a(gattservapp.o)
                0x000000000000ee1e                gattServApp_ProcessReadMultiReq
 .text.gattServApp_ProcessFindByTypeValueReq
                0x000000000000efa0      0x1ac E:\Project\CH582M_joyticks\LIB\libCH58xBLE.a(gattservapp.o)
                0x000000000000efa0                gattServApp_ProcessFindByTypeValueReq
 .text.GATT_VerifyReadPermissions
                0x000000000000f14c       0x68 E:\Project\CH582M_joyticks\LIB\libCH58xBLE.a(gattservapp.o)
                0x000000000000f14c                GATT_VerifyReadPermissions
 .text.gattProcessReadMultiReq
                0x000000000000f1b4       0xae E:\Project\CH582M_joyticks\LIB\libCH58xBLE.a(gattservapp.o)
 .text.gattProcessReadReq
                0x000000000000f262       0x30 E:\Project\CH582M_joyticks\LIB\libCH58xBLE.a(gattservapp.o)
 .text.gattServApp_ProcessReadByGrpTypeReq
                0x000000000000f292      0x234 E:\Project\CH582M_joyticks\LIB\libCH58xBLE.a(gattservapp.o)
                0x000000000000f292                gattServApp_ProcessReadByGrpTypeReq
 .text.gattServApp_ProcessReadByTypeReq
                0x000000000000f4c6      0x1c6 E:\Project\CH582M_joyticks\LIB\libCH58xBLE.a(gattservapp.o)
                0x000000000000f4c6                gattServApp_ProcessReadByTypeReq
 .text.GATT_RegisterService
                0x000000000000f68c      0x114 E:\Project\CH582M_joyticks\LIB\libCH58xBLE.a(gattservapp.o)
                0x000000000000f68c                GATT_RegisterService
 .text.GATTServApp_RegisterService
                0x000000000000f7a0       0x84 E:\Project\CH582M_joyticks\LIB\libCH58xBLE.a(gattservapp.o)
                0x000000000000f7a0                GATTServApp_RegisterService
 .text.GATTServApp_AddService
                0x000000000000f824       0x34 E:\Project\CH582M_joyticks\LIB\libCH58xBLE.a(gattservapp.o)
                0x000000000000f824                GATTServApp_AddService
 .text.GATTServApp_RegisterForMsg
                0x000000000000f858        0xa E:\Project\CH582M_joyticks\LIB\libCH58xBLE.a(gattservapp.o)
                0x000000000000f858                GATTServApp_RegisterForMsg
 .text.GATTServApp_InitCharCfg
                0x000000000000f862       0x28 E:\Project\CH582M_joyticks\LIB\libCH58xBLE.a(gattservapp.o)
                0x000000000000f862                GATTServApp_InitCharCfg
 .text.gattServApp_HandleConnStatusCB
                0x000000000000f88a       0x74 E:\Project\CH582M_joyticks\LIB\libCH58xBLE.a(gattservapp.o)
                0x000000000000f88a                gattServApp_HandleConnStatusCB
 .text.GATT_InitServer
                0x000000000000f8fe      0x116 E:\Project\CH582M_joyticks\LIB\libCH58xBLE.a(gattservapp.o)
                0x000000000000f8fe                GATT_InitServer
 .text.GATTServApp_Init
                0x000000000000fa14       0x40 E:\Project\CH582M_joyticks\LIB\libCH58xBLE.a(gattservapp.o)
                0x000000000000fa14                GATTServApp_Init
 .text.GATTServApp_ProcessEvent
                0x000000000000fa54      0x376 E:\Project\CH582M_joyticks\LIB\libCH58xBLE.a(gattservapp.o)
                0x000000000000fa54                GATTServApp_ProcessEvent
 .text.l2capAllocConnChannel
                0x000000000000fdca       0xec E:\Project\CH582M_joyticks\LIB\libCH58xBLE.a(l2cap.o)
                0x000000000000fdca                l2capAllocConnChannel
 .text.l2capFindLocalCID
                0x000000000000feb6       0x34 E:\Project\CH582M_joyticks\LIB\libCH58xBLE.a(l2cap.o)
                0x000000000000feb6                l2capFindLocalCID
 .text.l2capFindLocalId
                0x000000000000feea       0x38 E:\Project\CH582M_joyticks\LIB\libCH58xBLE.a(l2cap.o)
                0x000000000000feea                l2capFindLocalId
 .text.l2capFindPsm
                0x000000000000ff22       0x34 E:\Project\CH582M_joyticks\LIB\libCH58xBLE.a(l2cap.o)
                0x000000000000ff22                l2capFindPsm
 .text.l2capFindRemoteCID
                0x000000000000ff56       0x44 E:\Project\CH582M_joyticks\LIB\libCH58xBLE.a(l2cap.o)
                0x000000000000ff56                l2capFindRemoteCID
 .text.l2capFreeChannel
                0x000000000000ff9a       0x4e E:\Project\CH582M_joyticks\LIB\libCH58xBLE.a(l2cap.o)
                0x000000000000ff9a                l2capFreeChannel
 .text.l2capDisconnectChannel
                0x000000000000ffe8       0x28 E:\Project\CH582M_joyticks\LIB\libCH58xBLE.a(l2cap.o)
                0x000000000000ffe8                l2capDisconnectChannel
 .text.l2capHandleTimerCB
                0x0000000000010010       0x2c E:\Project\CH582M_joyticks\LIB\libCH58xBLE.a(l2cap.o)
                0x0000000000010010                l2capHandleTimerCB
 .text.l2capFreePendingPkt
                0x000000000001003c       0x58 E:\Project\CH582M_joyticks\LIB\libCH58xBLE.a(l2cap.o)
                0x000000000001003c                l2capFreePendingPkt
 .text.l2capGetCoChannelInfo
                0x0000000000010094       0x8a E:\Project\CH582M_joyticks\LIB\libCH58xBLE.a(l2cap.o)
                0x0000000000010094                l2capGetCoChannelInfo
 .text.l2capNumActiveChannnels
                0x000000000001011e       0x50 E:\Project\CH582M_joyticks\LIB\libCH58xBLE.a(l2cap.o)
                0x000000000001011e                l2capNumActiveChannnels
 .text.l2capStartTimer
                0x000000000001016e       0x1a E:\Project\CH582M_joyticks\LIB\libCH58xBLE.a(l2cap.o)
                0x000000000001016e                l2capStartTimer
 .text.l2capStopTimer
                0x0000000000010188       0x1e E:\Project\CH582M_joyticks\LIB\libCH58xBLE.a(l2cap.o)
                0x0000000000010188                l2capStopTimer
 .text.l2capDisconnectAllChannels
                0x00000000000101a6       0xec E:\Project\CH582M_joyticks\LIB\libCH58xBLE.a(l2cap.o)
                0x00000000000101a6                l2capDisconnectAllChannels
 .text.l2capHandleConnStatusCB
                0x0000000000010292       0x3c E:\Project\CH582M_joyticks\LIB\libCH58xBLE.a(l2cap.o)
                0x0000000000010292                l2capHandleConnStatusCB
 .text.l2capHandleRxError
                0x00000000000102ce        0x6 E:\Project\CH582M_joyticks\LIB\libCH58xBLE.a(l2cap.o)
                0x00000000000102ce                l2capHandleRxError
 .text.L2CAP_GetMTU
                0x00000000000102d4        0xa E:\Project\CH582M_joyticks\LIB\libCH58xBLE.a(l2cap.o)
                0x00000000000102d4                L2CAP_GetMTU
 .text.L2CAP_HostNumCompletedPkts
                0x00000000000102de       0x2c E:\Project\CH582M_joyticks\LIB\libCH58xBLE.a(l2cap.o)
                0x00000000000102de                L2CAP_HostNumCompletedPkts
 .text.L2CAP_ParseConnectReq
                0x000000000001030a       0x5e E:\Project\CH582M_joyticks\LIB\libCH58xBLE.a(l2cap.o)
                0x000000000001030a                L2CAP_ParseConnectReq
 .text.L2CAP_ParseFlowCtrlCredit
                0x0000000000010368       0x2e E:\Project\CH582M_joyticks\LIB\libCH58xBLE.a(l2cap.o)
                0x0000000000010368                L2CAP_ParseFlowCtrlCredit
 .text.L2CAP_RegisterApp
                0x0000000000010396       0x30 E:\Project\CH582M_joyticks\LIB\libCH58xBLE.a(l2cap.o)
                0x0000000000010396                L2CAP_RegisterApp
 .text.L2CAP_SetBufSize
                0x00000000000103c6       0x2a E:\Project\CH582M_joyticks\LIB\libCH58xBLE.a(l2cap.o)
                0x00000000000103c6                L2CAP_SetBufSize
 .text.L2CAP_bm_alloc
                0x00000000000103f0       0x2a E:\Project\CH582M_joyticks\LIB\libCH58xBLE.a(l2cap.o)
                0x00000000000103f0                L2CAP_bm_alloc
 .text.L2CAP_Init
                0x000000000001041a      0x160 E:\Project\CH582M_joyticks\LIB\libCH58xBLE.a(l2cap.o)
                0x000000000001041a                L2CAP_Init
 .text.L2CAP_ProcessEvent
                0x000000000001057a       0xe4 E:\Project\CH582M_joyticks\LIB\libCH58xBLE.a(l2cap.o)
                0x000000000001057a                L2CAP_ProcessEvent
 .text.l2capParseCmdReject
                0x000000000001065e       0x5e E:\Project\CH582M_joyticks\LIB\libCH58xBLE.a(l2cap_input.o)
                0x000000000001065e                l2capParseCmdReject
 .text.l2capParseDisconnectReq
                0x00000000000106bc       0x2e E:\Project\CH582M_joyticks\LIB\libCH58xBLE.a(l2cap_input.o)
                0x00000000000106bc                l2capParseDisconnectReq
 .text.l2capParseDisconnectRsp
                0x00000000000106ea       0x2e E:\Project\CH582M_joyticks\LIB\libCH58xBLE.a(l2cap_input.o)
                0x00000000000106ea                l2capParseDisconnectRsp
 .text.L2CAP_ParseParamUpdateReq
                0x0000000000010718       0x4e E:\Project\CH582M_joyticks\LIB\libCH58xBLE.a(l2cap_input.o)
                0x0000000000010718                L2CAP_ParseParamUpdateReq
 .text.l2capParseParamUpdateRsp
                0x0000000000010766       0x1e E:\Project\CH582M_joyticks\LIB\libCH58xBLE.a(l2cap_input.o)
                0x0000000000010766                l2capParseParamUpdateRsp
 .text.l2capProcessConnectReq
                0x0000000000010784       0xfc E:\Project\CH582M_joyticks\LIB\libCH58xBLE.a(l2cap_input.o)
                0x0000000000010784                l2capProcessConnectReq
 .text.l2capParseConnectRsp
                0x0000000000010880       0x5e E:\Project\CH582M_joyticks\LIB\libCH58xBLE.a(l2cap_input.o)
                0x0000000000010880                l2capParseConnectRsp
 .text.l2capParseSignalHdr
                0x00000000000108de       0x22 E:\Project\CH582M_joyticks\LIB\libCH58xBLE.a(l2cap_input.o)
                0x00000000000108de                l2capParseSignalHdr
 .text.l2capParsePacket
                0x0000000000010900       0x8c E:\Project\CH582M_joyticks\LIB\libCH58xBLE.a(l2cap_input.o)
                0x0000000000010900                l2capParsePacket
 .text.l2capProcessReq
                0x000000000001098c      0x162 E:\Project\CH582M_joyticks\LIB\libCH58xBLE.a(l2cap_input.o)
                0x000000000001098c                l2capProcessReq
 .text.l2capProcessRsp
                0x0000000000010aee      0x150 E:\Project\CH582M_joyticks\LIB\libCH58xBLE.a(l2cap_input.o)
                0x0000000000010aee                l2capProcessRsp
 .text.l2capProcessRxData
                0x0000000000010c3e       0xf8 E:\Project\CH582M_joyticks\LIB\libCH58xBLE.a(l2cap_input.o)
                0x0000000000010c3e                l2capProcessRxData
 .text.l2capNotifyData
                0x0000000000010d36       0x5e E:\Project\CH582M_joyticks\LIB\libCH58xBLE.a(l2cap_output.o)
                0x0000000000010d36                l2capNotifyData
 .text.l2capNotifySignal
                0x0000000000010d94       0x7a E:\Project\CH582M_joyticks\LIB\libCH58xBLE.a(l2cap_output.o)
                0x0000000000010d94                l2capNotifySignal
 .text.l2capNotifyCreditEvt
                0x0000000000010e0e       0xa8 E:\Project\CH582M_joyticks\LIB\libCH58xBLE.a(l2cap_output.o)
                0x0000000000010e0e                l2capNotifyCreditEvt
 .text.l2capNotifyChannelEstEvt
                0x0000000000010eb6       0x5c E:\Project\CH582M_joyticks\LIB\libCH58xBLE.a(l2cap_output.o)
                0x0000000000010eb6                l2capNotifyChannelEstEvt
 .text.l2capNotifyChannelTermEvt
                0x0000000000010f12       0x3e E:\Project\CH582M_joyticks\LIB\libCH58xBLE.a(l2cap_output.o)
                0x0000000000010f12                l2capNotifyChannelTermEvt
 .text.l2capNotifyEvent
                0x0000000000010f50       0x66 E:\Project\CH582M_joyticks\LIB\libCH58xBLE.a(l2cap_output.o)
                0x0000000000010f50                l2capNotifyEvent
 .text.l2capStoreFCPkt
                0x0000000000010fb6       0x32 E:\Project\CH582M_joyticks\LIB\libCH58xBLE.a(l2cap_output.o)
                0x0000000000010fb6                l2capStoreFCPkt
 .text.l2capFreeTxSDU
                0x0000000000010fe8       0x9e E:\Project\CH582M_joyticks\LIB\libCH58xBLE.a(l2cap_output.o)
                0x0000000000010fe8                l2capFreeTxSDU
 .text.l2capReassembleSegment
                0x0000000000011086      0x178 E:\Project\CH582M_joyticks\LIB\libCH58xBLE.a(l2cap_output.o)
                0x0000000000011086                l2capReassembleSegment
 .text.l2capEncapSendData
                0x00000000000111fe      0x100 E:\Project\CH582M_joyticks\LIB\libCH58xBLE.a(l2cap_output.o)
                0x00000000000111fe                l2capEncapSendData
 .text.l2capSendFCPkt.part.3
                0x00000000000112fe       0x74 E:\Project\CH582M_joyticks\LIB\libCH58xBLE.a(l2cap_output.o)
 .text.l2capSendSegment
                0x0000000000011372      0x10c E:\Project\CH582M_joyticks\LIB\libCH58xBLE.a(l2cap_output.o)
                0x0000000000011372                l2capSendSegment
 .text.l2capSendNextSegment
                0x000000000001147e       0xd0 E:\Project\CH582M_joyticks\LIB\libCH58xBLE.a(l2cap_output.o)
                0x000000000001147e                l2capSendNextSegment
 .text.l2capSendPkt
                0x000000000001154e       0x3e E:\Project\CH582M_joyticks\LIB\libCH58xBLE.a(l2cap_output.o)
                0x000000000001154e                l2capSendPkt
 .text.L2CAP_SendData
                0x000000000001158c       0x8a E:\Project\CH582M_joyticks\LIB\libCH58xBLE.a(l2cap_output.o)
                0x000000000001158c                L2CAP_SendData
 .text.l2capSendCmd
                0x0000000000011616       0x8e E:\Project\CH582M_joyticks\LIB\libCH58xBLE.a(l2cap_output.o)
                0x0000000000011616                l2capSendCmd
 .text.l2capSendReq
                0x00000000000116a4       0xc8 E:\Project\CH582M_joyticks\LIB\libCH58xBLE.a(l2cap_output.o)
                0x00000000000116a4                l2capSendReq
 .text.l2capBuildDisconnectReq
                0x000000000001176c       0x28 E:\Project\CH582M_joyticks\LIB\libCH58xBLE.a(l2cap_sdu.o)
 .text.l2capBuildParamUpdateReq
                0x0000000000011794       0x4c E:\Project\CH582M_joyticks\LIB\libCH58xBLE.a(l2cap_sdu.o)
 .text.l2capBuildParamUpdateRsp
                0x00000000000117e0       0x16 E:\Project\CH582M_joyticks\LIB\libCH58xBLE.a(l2cap_sdu.o)
 .text.l2capBuildConnectRsp
                0x00000000000117f6       0x5e E:\Project\CH582M_joyticks\LIB\libCH58xBLE.a(l2cap_sdu.o)
 .text.l2capBuildCmdReject
                0x0000000000011854       0x62 E:\Project\CH582M_joyticks\LIB\libCH58xBLE.a(l2cap_sdu.o)
                0x0000000000011854                l2capBuildCmdReject
 .text.l2capBuildDisconnectRsp
                0x00000000000118b6       0x28 E:\Project\CH582M_joyticks\LIB\libCH58xBLE.a(l2cap_sdu.o)
                0x00000000000118b6                l2capBuildDisconnectRsp
 .text.l2capSendConnectRsp
                0x00000000000118de       0xae E:\Project\CH582M_joyticks\LIB\libCH58xBLE.a(l2cap_sdu.o)
                0x00000000000118de                l2capSendConnectRsp
 .text.L2CAP_CmdReject
                0x000000000001198c       0x12 E:\Project\CH582M_joyticks\LIB\libCH58xBLE.a(l2cap_sdu.o)
                0x000000000001198c                L2CAP_CmdReject
 .text.L2CAP_DisconnectReq
                0x000000000001199e       0x2a E:\Project\CH582M_joyticks\LIB\libCH58xBLE.a(l2cap_sdu.o)
                0x000000000001199e                L2CAP_DisconnectReq
 .text.L2CAP_ConnParamUpdateReq
                0x00000000000119c8       0x16 E:\Project\CH582M_joyticks\LIB\libCH58xBLE.a(l2cap_sdu.o)
                0x00000000000119c8                L2CAP_ConnParamUpdateReq
 .text.L2CAP_ConnParamUpdateRsp
                0x00000000000119de       0x12 E:\Project\CH582M_joyticks\LIB\libCH58xBLE.a(l2cap_sdu.o)
                0x00000000000119de                L2CAP_ConnParamUpdateRsp
 .text.reportStatusChange
                0x00000000000119f0       0x3e E:\Project\CH582M_joyticks\LIB\libCH58xBLE.a(linkdb.o)
 .text.linkDB_Init
                0x0000000000011a2e       0xa8 E:\Project\CH582M_joyticks\LIB\libCH58xBLE.a(linkdb.o)
                0x0000000000011a2e                linkDB_Init
 .text.linkDB_Find
                0x0000000000011ad6       0x34 E:\Project\CH582M_joyticks\LIB\libCH58xBLE.a(linkdb.o)
                0x0000000000011ad6                linkDB_Find
 .text.linkDB_Authen
                0x0000000000011b0a       0x5c E:\Project\CH582M_joyticks\LIB\libCH58xBLE.a(linkdb.o)
                0x0000000000011b0a                linkDB_Authen
 .text.linkDB_FindByAddr
                0x0000000000011b66       0x82 E:\Project\CH582M_joyticks\LIB\libCH58xBLE.a(linkdb.o)
                0x0000000000011b66                linkDB_FindByAddr
 .text.linkDB_FindFirst
                0x0000000000011be8       0x40 E:\Project\CH582M_joyticks\LIB\libCH58xBLE.a(linkdb.o)
                0x0000000000011be8                linkDB_FindFirst
 .text.linkDB_MTU
                0x0000000000011c28       0x18 E:\Project\CH582M_joyticks\LIB\libCH58xBLE.a(linkdb.o)
                0x0000000000011c28                linkDB_MTU
 .text.linkDB_NumActive
                0x0000000000011c40       0x36 E:\Project\CH582M_joyticks\LIB\libCH58xBLE.a(linkdb.o)
                0x0000000000011c40                linkDB_NumActive
 .text.linkDB_NumConns
                0x0000000000011c76        0xa E:\Project\CH582M_joyticks\LIB\libCH58xBLE.a(linkdb.o)
                0x0000000000011c76                linkDB_NumConns
 .text.linkDB_Register
                0x0000000000011c80       0x28 E:\Project\CH582M_joyticks\LIB\libCH58xBLE.a(linkdb.o)
                0x0000000000011c80                linkDB_Register
 .text.linkDB_Remove
                0x0000000000011ca8       0x4c E:\Project\CH582M_joyticks\LIB\libCH58xBLE.a(linkdb.o)
                0x0000000000011ca8                linkDB_Remove
 .text.linkDB_Role
                0x0000000000011cf4       0x18 E:\Project\CH582M_joyticks\LIB\libCH58xBLE.a(linkdb.o)
                0x0000000000011cf4                linkDB_Role
 .text.linkDB_State
                0x0000000000011d0c       0x30 E:\Project\CH582M_joyticks\LIB\libCH58xBLE.a(linkdb.o)
                0x0000000000011d0c                linkDB_State
 .text.linkDB_UpdateMTU
                0x0000000000011d3c       0x28 E:\Project\CH582M_joyticks\LIB\libCH58xBLE.a(linkdb.o)
                0x0000000000011d3c                linkDB_UpdateMTU
 .text.linkDB_PerformFunc
                0x0000000000011d64       0x5a E:\Project\CH582M_joyticks\LIB\libCH58xBLE.a(linkdb.o)
                0x0000000000011d64                linkDB_PerformFunc
 .text.linkDB_PeripheralLinkNum
                0x0000000000011dbe       0x46 E:\Project\CH582M_joyticks\LIB\libCH58xBLE.a(linkdb.o)
                0x0000000000011dbe                linkDB_PeripheralLinkNum
 .text.linkDB_GetSMEvtID
                0x0000000000011e04       0x60 E:\Project\CH582M_joyticks\LIB\libCH58xBLE.a(linkdb.o)
                0x0000000000011e04                linkDB_GetSMEvtID
 .text.linkDB_Add
                0x0000000000011e64       0xb2 E:\Project\CH582M_joyticks\LIB\libCH58xBLE.a(linkdb.o)
                0x0000000000011e64                linkDB_Add
 .text.linkDB_GetHandleFromSMEvtID
                0x0000000000011f16       0x3a E:\Project\CH582M_joyticks\LIB\libCH58xBLE.a(linkdb.o)
                0x0000000000011f16                linkDB_GetHandleFromSMEvtID
 .text.linkDB_GetPairingParam