Archive member included to satisfy reference by file (symbol)

../StdPeriphDriver\libISP583.a(ISP583.o)
                              ./StdPeriphDriver/CH58x_flash.o (FLASH_EEPROM_CMD)
E:\Project\CH582M_joyticks\LIB\libCH58xBLE.a(message.o)
                              ./Profile/hiddev.o (tmos_msg_deallocate)
E:\Project\CH582M_joyticks\LIB\libCH58xBLE.a(tmos.o)
                              E:\Project\CH582M_joyticks\LIB\libCH58xBLE.a(message.o) (gTmosPara)
E:\Project\CH582M_joyticks\LIB\libCH58xBLE.a(tmos_hw.o)
                              E:\Project\CH582M_joyticks\LIB\libCH58xBLE.a(tmos.o) (fnGetClockCBs)
E:\Project\CH582M_joyticks\LIB\libCH58xBLE.a(tmos_snv.o)
                              E:\Project\CH582M_joyticks\LIB\libCH58xBLE.a(tmos.o) (tmos_snv_init)
E:\Project\CH582M_joyticks\LIB\libCH58xBLE.a(gap.o)
                              ./Profile/hiddev.o (GAP_SetParamValue)
E:\Project\CH582M_joyticks\LIB\libCH58xBLE.a(gap_central.o)
                              E:\Project\CH582M_joyticks\LIB\libCH58xBLE.a(gap.o) (gapProcessPeriodicAdvertisingSyncEstablishedEvt)
E:\Project\CH582M_joyticks\LIB\libCH58xBLE.a(gap_peripheral.o)
                              ./HAL/BLE.o (GAP_ConfigDeviceAddr)
E:\Project\CH582M_joyticks\LIB\libCH58xBLE.a(gapgattserver.o)
                              ./HAL/BLE.o (GGS_SetParameter)
E:\Project\CH582M_joyticks\LIB\libCH58xBLE.a(gatt.o)
                              ./Profile/battservice.o (GATT_bm_alloc)
E:\Project\CH582M_joyticks\LIB\libCH58xBLE.a(gatt_uuid.o)
                              ./Profile/battservice.o (reportRefUUID)
E:\Project\CH582M_joyticks\LIB\libCH58xBLE.a(gattclientapp.o)
                              E:\Project\CH582M_joyticks\LIB\libCH58xBLE.a(gatt.o) (gattGetClientStatus)
E:\Project\CH582M_joyticks\LIB\libCH58xBLE.a(gattservapp.o)
                              ./Profile/battservice.o (GATTServApp_ReadCharCfg)
E:\Project\CH582M_joyticks\LIB\libCH58xBLE.a(l2cap.o)
                              E:\Project\CH582M_joyticks\LIB\libCH58xBLE.a(gatt.o) (L2CAP_GetMTU)
E:\Project\CH582M_joyticks\LIB\libCH58xBLE.a(l2cap_input.o)
                              E:\Project\CH582M_joyticks\LIB\libCH58xBLE.a(l2cap.o) (l2capProcessRxData)
E:\Project\CH582M_joyticks\LIB\libCH58xBLE.a(l2cap_output.o)
                              E:\Project\CH582M_joyticks\LIB\libCH58xBLE.a(l2cap_input.o) (l2capNotifyData)
E:\Project\CH582M_joyticks\LIB\libCH58xBLE.a(l2cap_sdu.o)
                              E:\Project\CH582M_joyticks\LIB\libCH58xBLE.a(l2cap_input.o) (l2capBuildDisconnectRsp)
E:\Project\CH582M_joyticks\LIB\libCH58xBLE.a(linkdb.o)
                              E:\Project\CH582M_joyticks\LIB\libCH58xBLE.a(l2cap.o) (linkDB_Init)
E:\Project\CH582M_joyticks\LIB\libCH58xBLE.a(sm.o)
                              E:\Project\CH582M_joyticks\LIB\libCH58xBLE.a(gap.o) (smFreePairingParams)
E:\Project\CH582M_joyticks\LIB\libCH58xBLE.a(sm_initiator.o)
                              E:\Project\CH582M_joyticks\LIB\libCH58xBLE.a(sm.o) (smInitiatorSendNextKeyInfo)
E:\Project\CH582M_joyticks\LIB\libCH58xBLE.a(sm_pdu.o)
                              E:\Project\CH582M_joyticks\LIB\libCH58xBLE.a(sm.o) (smpBuildPairingReq)
E:\Project\CH582M_joyticks\LIB\libCH58xBLE.a(sm_responding.o)
                              E:\Project\CH582M_joyticks\LIB\libCH58xBLE.a(sm.o) (smResponderSendNextKeyInfo)
E:\Project\CH582M_joyticks\LIB\libCH58xBLE.a(sm_toolbox.o)
                              E:\Project\CH582M_joyticks\LIB\libCH58xBLE.a(sm.o) (sm_ah)
E:\Project\CH582M_joyticks\LIB\libCH58xBLE.a(host_input.o)
                              E:\Project\CH582M_joyticks\LIB\libCH58xBLE.a(gap.o) (gBleHostPara)
E:\Project\CH582M_joyticks\LIB\libCH58xBLE.a(host_output.o)
                              E:\Project\CH582M_joyticks\LIB\libCH58xBLE.a(gap.o) (HCI_DisconnectCmd)
E:\Project\CH582M_joyticks\LIB\libCH58xBLE.a(ll_connect.o)
                              E:\Project\CH582M_joyticks\LIB\libCH58xBLE.a(tmos.o) (LL_GetNextConnectEventTime)
E:\Project\CH582M_joyticks\LIB\libCH58xBLE.a(ll_core.o)
                              E:\Project\CH582M_joyticks\LIB\libCH58xBLE.a(ll_connect.o) (LL_CoreGetCore)
E:\Project\CH582M_joyticks\LIB\libCH58xBLE.a(ll_hop.o)
                              E:\Project\CH582M_joyticks\LIB\libCH58xBLE.a(ll_connect.o) (LL_HopGetChannel)
E:\Project\CH582M_joyticks\LIB\libCH58xBLE.a(ll_master.o)
                              E:\Project\CH582M_joyticks\LIB\libCH58xBLE.a(ll_connect.o) (ll_master_process)
E:\Project\CH582M_joyticks\LIB\libCH58xBLE.a(ll_pdu.o)
                              E:\Project\CH582M_joyticks\LIB\libCH58xBLE.a(ll_master.o) (LL_ConnectionUpdateInd)
E:\Project\CH582M_joyticks\LIB\libCH58xBLE.a(ll_report.o)
                              E:\Project\CH582M_joyticks\LIB\libCH58xBLE.a(ll_connect.o) (LL_ReportGenerateEvent)
E:\Project\CH582M_joyticks\LIB\libCH58xBLE.a(ll_scan.o)
                              E:\Project\CH582M_joyticks\LIB\libCH58xBLE.a(ll_master.o) (LL_ScanEnable)
[...]
Memory Configuration

Name             Origin             Length             Attributes
FLASH            0x0000000000000000 0x0000000000060000 xr
RAM              0x0000000020000000 0x0000000000007ffc xrw
*default*        0x0000000000000000 0xffffffffffffffff

Linker script and memory map

LOAD ./StdPeriphDriver/CH58x_adc.o
LOAD ./StdPeriphDriver/CH58x_clk.o
LOAD ./StdPeriphDriver/CH58x_flash.o
LOAD ./StdPeriphDriver/CH58x_gpio.o
LOAD ./StdPeriphDriver/CH58x_i2c.o
LOAD ./StdPeriphDriver/CH58x_pwm.o
LOAD ./StdPeriphDriver/CH58x_pwr.o
LOAD ./StdPeriphDriver/CH58x_spi0.o
LOAD ./StdPeriphDriver/CH58x_spi1.o
LOAD ./StdPeriphDriver/CH58x_sys.o
LOAD ./StdPeriphDriver/CH58x_timer0.o
LOAD ./StdPeriphDriver/CH58x_timer1.o
LOAD ./StdPeriphDriver/CH58x_timer2.o
LOAD ./StdPeriphDriver/CH58x_timer3.o
LOAD ./StdPeriphDriver/CH58x_uart0.o
LOAD ./StdPeriphDriver/CH58x_uart1.o
LOAD ./StdPeriphDriver/CH58x_uart2.o
LOAD ./StdPeriphDriver/CH58x_uart3.o
LOAD ./StdPeriphDriver/CH58x_usb2dev.o
LOAD ./StdPeriphDriver/CH58x_usb2hostBase.o
LOAD ./StdPeriphDriver/CH58x_usb2hostClass.o
LOAD ./StdPeriphDriver/CH58x_usbdev.o
LOAD ./Startup/startup_CH583.o
LOAD ./RVMSIS/core_riscv.o
LOAD ./Profile/battservice.o
LOAD ./Profile/devinfoservice.o
LOAD ./Profile/hiddev.o
LOAD ./Profile/hidjoytickservice.o
LOAD ./Profile/scanparamservice.o
LOAD ./HAL/BATTERY.o
LOAD ./HAL/BLE.o
LOAD ./HAL/CORE.o
LOAD ./HAL/HW_I2C.o
LOAD ./HAL/ICM20602.o
LOAD ./HAL/KEY.o
LOAD ./HAL/MCU.o
LOAD ./HAL/RTC.o
LOAD ./HAL/SLEEP.o
LOAD ./HAL/SWITCH.o
LOAD ./HAL/USB.o
LOAD ./HAL/WS2812.o
LOAD ./CherryUSB/core/usbd_core.o
LOAD ./CherryUSB/class/msc/usbd_msc.o
LOAD ./CherryUSB/class/hid/usbd_hid.o
LOAD ./CherryUSB/class/cdc/usbd_cdc.o
LOAD ./CherryUSB/usb_ch58x_dc_usbfs.o
LOAD ./APP/main.o
LOAD ./APP/tp78_joyticks_via.o
LOAD ../StdPeriphDriver\libISP583.a
LOAD E:\Project\CH582M_joyticks\LIB\libCH58xBLE.a
LOAD d:/mounriver/mounriver_studio/toolchain/risc-v embedded gcc/bin/../lib/gcc/riscv-none-embed/8.2.0/../../../../riscv-none-embed/lib/rv32imac/ilp32\libm.a
LOAD d:/mounriver/mounriver_studio/toolchain/risc-v embedded gcc/bin/../lib/gcc/riscv-none-embed/8.2.0/rv32imac/ilp32\libgcc.a
LOAD d:/mounriver/mounriver_studio/toolchain/risc-v embedded gcc/bin/../lib/gcc/riscv-none-embed/8.2.0/../../../../riscv-none-embed/lib/rv32imac/ilp32\libg_nano.a
LOAD d:/mounriver/mounriver_studio/toolchain/risc-v embedded gcc/bin/../lib/gcc/riscv-none-embed/8.2.0/../../../../riscv-none-embed/lib/rv32imac/ilp32\libc_nano.a
LOAD d:/mounriver/mounriver_studio/toolchain/risc-v embedded gcc/bin/../lib/gcc/riscv-none-embed/8.2.0/rv32imac/ilp32\libgcc.a
START GROUP
LOAD d:/mounriver/mounriver_studio/toolchain/risc-v embedded gcc/bin/../lib/gcc/riscv-none-embed/8.2.0/rv32imac/ilp32\libgcc.a
LOAD d:/mounriver/mounriver_studio/toolchain/risc-v embedded gcc/bin/../lib/gcc/riscv-none-embed/8.2.0/../../../../riscv-none-embed/lib/rv32imac/ilp32\libc_nano.a
LOAD d:/mounriver/mounriver_studio/toolchain/risc-v embedded gcc/bin/../lib/gcc/riscv-none-embed/8.2.0/../../../../riscv-none-embed/lib/rv32imac/ilp32\libnosys.a
END GROUP
START GROUP
LOAD d:/mounriver/mounriver_studio/toolchain/risc-v embedded gcc/bin/../lib/gcc/riscv-none-embed/8.2.0/rv32imac/ilp32\libgcc.a
LOAD d:/mounriver/mounriver_studio/toolchain/risc-v embedded gcc/bin/../lib/gcc/riscv-none-embed/8.2.0/../../../../riscv-none-embed/lib/rv32imac/ilp32\libc_nano.a
LOAD d:/mounriver/mounriver_studio/toolchain/risc-v embedded gcc/bin/../lib/gcc/riscv-none-embed/8.2.0/../../../../riscv-none-embed/lib/rv32imac/ilp32\libnosys.a
END GROUP

.init           0x0000000000000000        0x4
                0x0000000000000000                _sinit = .
                0x0000000000000000                . = ALIGN (0x4)
 *(SORT_NONE(.init))
 .init          0x0000000000000000        0x4 ./Startup/startup_CH583.o
                0x0000000000000000                _start
                0x0000000000000004                . = ALIGN (0x4)
                0x0000000000000004                _einit = .

.highcodelalign
                0x0000000000000004        0x0
                0x0000000000000004                . = ALIGN (0x4)
                0x0000000000000004                PROVIDE (_highcode_lma = .)

.highcode       0x0000000020000000     0x24e0 load address 0x0000000000000004
                0x0000000020000000                . = ALIGN (0x4)
                0x0000000020000000                PROVIDE (_highcode_vma_start = .)
 *(.vector)
 .vector        0x0000000020000000       0x90 ./Startup/startup_CH583.o
 *(SORT_NONE(.vector_handler))
 .vector_handler
                0x0000000020000090       0x36 ./Startup/startup_CH583.o
                0x0000000020000090                NMI_Handler
                0x0000000020000094                Ecall_M_Mode_Handler
                0x0000000020000096                Ecall_U_Mode_Handler
                0x0000000020000098                Break_Point_Handler
                0x000000002000009a                SysTick_Handler
                0x000000002000009c                SW_Handler
                0x000000002000009e                TMR0_IRQHandler
                0x00000000200000a4                SPI0_IRQHandler
                0x00000000200000a6                BB_IRQHandler
                0x00000000200000a8                LLE_IRQHandler
                0x00000000200000ac                USB2_IRQHandler
                0x00000000200000ae                TMR1_IRQHandler
                0x00000000200000b0                TMR2_IRQHandler
                0x00000000200000b2                UART0_IRQHandler
                0x00000000200000b4                UART1_IRQHandler
                0x00000000200000ba                I2C_IRQHandler
                0x00000000200000bc                PWMX_IRQHandler
                0x00000000200000be                TMR3_IRQHandler
                0x00000000200000c0                UART2_IRQHandler
                0x00000000200000c2                UART3_IRQHandler
                0x00000000200000c4                WDOG_BAT_IRQHandler
 *(.highcode)
 .highcode      0x00000000200000c6      0x22c ./StdPeriphDriver/CH58x_sys.o
                0x00000000200000c6                SetSysClock
                0x000000002000023a                SYS_ResetExecute
                0x0000000020000276                HardFault_Handler
                0x00000000200002bc                mDelayuS
                0x00000000200002ca                mDelaymS
 .highcode      0x00000000200002f2       0x3e ./HAL/BATTERY.o
                0x00000000200002f2                ADC_IRQHandler
 .highcode      0x0000000020000330      0x100 ./HAL/CORE.o
                0x0000000020000330                APPJumpBoot
                0x00000000200003b6                SoftReset
 .highcode      0x0000000020000430       0x1a ./HAL/RTC.o
                0x0000000020000430                RTC_IRQHandler
 .highcode      0x000000002000044a      0x3ba ./CherryUSB/usb_ch58x_dc_usbfs.o
                0x000000002000044a                USB_IRQHandler
 .highcode      0x0000000020000804       0x10 ./APP/main.o
                0x0000000020000804                Main_Circulation
                0x000000002000080c                GPIOA_IRQHandler
                0x0000000020000810                GPIOB_IRQHandler
 .highcode      0x0000000020000814      0x426 ../StdPeriphDriver\libISP583.a(ISP583.o)
                0x0000000020000814                FLASH_ROM_BEG
                0x0000000020000826                FLASH_ROM_END
                0x0000000020000834                FLASH_ROM_IN
                0x0000000020000842                FLASH_ROM_OUT
                0x0000000020000850                FLASH_ROM_ADDR
                0x0000000020000898                FLASH_ROM_WAIT
                0x00000000200008d0                FLASH_EEPROM_CMD
 .highcode      0x0000000020000c3a      0x44c E:\Project\CH582M_joyticks\LIB\libCH58xBLE.a(tmos.o)
                0x0000000020000c3a                tmos_memcpy
                0x0000000020000c5a                tmos_memcpy_word
                0x0000000020000c72                tmos_memset
                0x0000000020000c84                tmos_strlen
                0x0000000020000c98                tmos_memdup
                0x0000000020000cca                tmos_memcmp
                0x0000000020000cf8                tmos_revmemcpy
                0x0000000020000d14                tmos_isbufset
                0x0000000020000d36                tmos_proces_system_time
                0x0000000020000e80                TMOS_SystemProcess
 .highcode      0x0000000020001086       0x4c E:\Project\CH582M_joyticks\LIB\libCH58xBLE.a(tmos_hw.o)
                0x00000000200010d0                TMOS_TimerIRQHandler
 .highcode      0x00000000200010d2      0x2d2 E:\Project\CH582M_joyticks\LIB\libCH58xBLE.a(ll_connect.o)
                0x00000000200010d2                ll_connect_send_data
                0x00000000200011fa                ll_connect_recv_data
                0x00000000200012da                ll_connect_event_continue
 .highcode      0x00000000200013a4      0x310 E:\Project\CH582M_joyticks\LIB\libCH58xBLE.a(ll_hop.o)
                0x00000000200013a4                LL_HopGetChannel
                0x000000002000144a                LL_HopGetChannel2
 .highcode      0x00000000200016b4       0x50 E:\Project\CH582M_joyticks\LIB\libCH58xBLE.a(ll_whitelist.o)
                0x00000000200016b4                LL_WhitelistLookup
 .highcode      0x0000000020001704      0x1e0 E:\Project\CH582M_joyticks\LIB\libCH58xBLE.a(aes.o)
                0x0000000020001704                AES_DevAESEnc
 .highcode      0x00000000200018e4      0x15a E:\Project\CH582M_joyticks\LIB\libCH58xBLE.a(bb.o)
                0x00000000200018e4                BB_IRQLibHandler
                0x00000000200019f4                BB_IRQLibFunction
 .highcode      0x0000000020001a3e      0x3dc E:\Project\CH582M_joyticks\LIB\libCH58xBLE.a(ip.o)
                0x0000000020001a3e                ll_rx_wait_finish
                0x0000000020001a7c                ble_ll_chkcrc
                0x0000000020001b1e                ll_tx_wait_finish
                0x0000000020001c42                BLE_CheckHoppingMap
 .highcode      0x0000000020001e1a      0x23c E:\Project\CH582M_joyticks\LIB\libCH58xBLE.a(lle.o)
                0x0000000020001e1a                LLE_IRQLibHandler
                0x000000002000200c                LLE_IRQLibFunction
 .highcode      0x0000000020002056      0x1be E:\Project\CH582M_joyticks\LIB\libCH58xBLE.a(rf_fh.o)
                0x0000000020002056                RF_HopGetChannel
                0x00000000200020c4                RF_FrequencyHoppingGet
                0x000000002000217a                RF_FrequencyHoppingChange
 .highcode      0x0000000020002214       0x30 E:\Project\CH582M_joyticks\LIB\libCH58xBLE.a(rfend.o)
                0x0000000020002214                RFEND_WaitTune
 .highcode      0x0000000020002244      0x1c2 E:\Project\CH582M_joyticks\LIB\libCH58xBLE.a(memory.o)
                0x0000000020002244                tmos_memory_allocate
                0x0000000020002316                tmos_memory_free
 .highcode      0x0000000020002406       0xd8 E:\Project\CH582M_joyticks\LIB\libCH58xBLE.a(ll_resolvinglist.o)
                0x0000000020002406                LL_ResolvinglistPeerIdentifyAddressGetIrk
                0x000000002000245a                LL_ResolvinglistPeerRpaAddressGetIrk
                0x000000002000249c                LL_ResolvinglistLocalRpaAddressGetIrk
 *(.highcode.*)
                0x00000000200024e0                . = ALIGN (0x4)
 *fill*         0x00000000200024de        0x2 
                0x00000000200024e0                PROVIDE (_highcode_vma_end = .)

.text           0x00000000000024e8    0x2c754
                0x00000000000024e8                . = ALIGN (0x4)
 *(SORT_NONE(.handle_reset))
 .handle_reset  0x00000000000024e8       0xb6 ./Startup/startup_CH583.o
                0x00000000000024e8                handle_reset
 *(.text)
 .text          0x000000000000259e       0xa8 d:/mounriver/mounriver_studio/toolchain/risc-v embedded gcc/bin/../lib/gcc/riscv-none-embed/8.2.0/../../../../riscv-none-embed/lib/rv32imac/ilp32\libg_nano.a(lib_a-memset.o)
                0x000000000000259e                memset
 *(.text.*)
 .text.ADC_DataCalib_Rough
                0x0000000000002646       0x82 ./StdPeriphDriver/CH58x_adc.o
                0x0000000000002646                ADC_DataCalib_Rough
 .text.ADC_ExtSingleChSampInit
                0x00000000000026c8       0x24 ./StdPeriphDriver/CH58x_adc.o
                0x00000000000026c8                ADC_ExtSingleChSampInit
 .text.ADC_InterTSSampInit
                0x00000000000026ec       0x28 ./StdPeriphDriver/CH58x_adc.o
                0x00000000000026ec                ADC_InterTSSampInit
 .text.ADC_ExcutSingleConver
                0x0000000000002714       0x20 ./StdPeriphDriver/CH58x_adc.o
                0x0000000000002714                ADC_ExcutSingleConver
 .text.RTC_GetCycle32k
                0x0000000000002734       0x18 ./StdPeriphDriver/CH58x_clk.o
                0x0000000000002734                RTC_GetCycle32k
 .text.Calibration_LSI
                0x000000000000274c      0x4da ./StdPeriphDriver/CH58x_clk.o
                0x000000000000274c                Calibration_LSI
 .text.GPIOA_ModeCfg
                0x0000000000002c26       0xa6 ./StdPeriphDriver/CH58x_gpio.o
                0x0000000000002c26                GPIOA_ModeCfg
 .text.GPIOB_ModeCfg
                0x0000000000002ccc       0xa6 ./StdPeriphDriver/CH58x_gpio.o
                0x0000000000002ccc                GPIOB_ModeCfg
 .text.SPI0_MasterDefInit
                0x0000000000002d72       0x32 ./StdPeriphDriver/CH58x_spi0.o
                0x0000000000002d72                SPI0_MasterDefInit
 .text.SPI0_MasterSendByte
                0x0000000000002da4       0x24 ./StdPeriphDriver/CH58x_spi0.o
                0x0000000000002da4                SPI0_MasterSendByte
 .text.SPI0_MasterRecvByte
                0x0000000000002dc8       0x2a ./StdPeriphDriver/CH58x_spi0.o
                0x0000000000002dc8                SPI0_MasterRecvByte
 .text.GetSysClock
                0x0000000000002df2       0x42 ./StdPeriphDriver/CH58x_sys.o
                0x0000000000002df2                GetSysClock
 .text.SYS_DisableAllIrq
                0x0000000000002e34       0x1c ./StdPeriphDriver/CH58x_sys.o
                0x0000000000002e34                SYS_DisableAllIrq
 .text.SYS_RecoverIrq
                0x0000000000002e50       0x14 ./StdPeriphDriver/CH58x_sys.o
                0x0000000000002e50                SYS_RecoverIrq
 .text.SYS_GetSysTickCnt
                0x0000000000002e64        0xa ./StdPeriphDriver/CH58x_sys.o
                0x0000000000002e64                SYS_GetSysTickCnt
 .text.WWDG_ResetCfg
                0x0000000000002e6e       0x38 ./StdPeriphDriver/CH58x_sys.o
                0x0000000000002e6e                WWDG_ResetCfg
 .text._write   0x0000000000002ea6       0x28 ./StdPeriphDriver/CH58x_sys.o
                0x0000000000002ea6                _write
 .text.TMR1_PWMInit
                0x0000000000002ece       0x18 ./StdPeriphDriver/CH58x_timer1.o
                0x0000000000002ece                TMR1_PWMInit
 .text.TMR1_DMACfg
                0x0000000000002ee6       0x20 ./StdPeriphDriver/CH58x_timer1.o
                0x0000000000002ee6                TMR1_DMACfg
 .text.UART1_BaudRateCfg
                0x0000000000002f06       0x30 ./StdPeriphDriver/CH58x_uart1.o
                0x0000000000002f06                UART1_BaudRateCfg
 .text.UART1_DefInit
                0x0000000000002f36       0x32 ./StdPeriphDriver/CH58x_uart1.o
                0x0000000000002f36                UART1_DefInit
 .text.battMeasure
                0x0000000000002f68       0x8c ./Profile/battservice.o
 .text.battWriteAttrCB
                0x0000000000002ff4       0x62 ./Profile/battservice.o
 .text.battReadAttrCB
                0x0000000000003056       0x7e ./Profile/battservice.o
 .text.battNotifyCB
                0x00000000000030d4       0x7a ./Profile/battservice.o
 .text.Batt_AddService
                0x000000000000314e       0x30 ./Profile/battservice.o
                0x000000000000314e                Batt_AddService
 .text.Batt_Register
                0x000000000000317e        0xa ./Profile/battservice.o
                0x000000000000317e                Batt_Register
 .text.Batt_SetParameter
                0x0000000000003188       0x3e ./Profile/battservice.o
                0x0000000000003188                Batt_SetParameter
 .text.Batt_GetParameter
                0x00000000000031c6       0x72 ./Profile/battservice.o
                0x00000000000031c6                Batt_GetParameter
 .text.Batt_MeasLevel
                0x0000000000003238       0x2e ./Profile/battservice.o
                0x0000000000003238                Batt_MeasLevel
 .text.Batt_HandleConnStatusCB
                0x0000000000003266       0x42 ./Profile/battservice.o
                0x0000000000003266                Batt_HandleConnStatusCB
 .text.devInfo_ReadAttrCB
                0x00000000000032a8      0x19e ./Profile/devinfoservice.o
 .text.DevInfo_AddService
                0x0000000000003446       0x18 ./Profile/devinfoservice.o
                0x0000000000003446                DevInfo_AddService
 .text.hidDevScanParamCB
                0x000000000000345e        0x2 ./Profile/hiddev.o
 .text.hidDevRptByHandle
                0x0000000000003460       0x3c ./Profile/hiddev.o
 .text.hidDevParamUpdateCB
                0x000000000000349c       0x12 ./Profile/hiddev.o
 .text.hidDevInitialAdvertising
                0x00000000000034ae       0x3c ./Profile/hiddev.o
 .text.hidDevBattCB
                0x00000000000034ea       0x30 ./Profile/hiddev.o
 .text.hidDevPairStateCB
                0x000000000000351a       0x38 ./Profile/hiddev.o
 .text.hidDevPasscodeCB
                0x0000000000003552       0x38 ./Profile/hiddev.o
 .text.HidDev_ProcessEvent
                0x000000000000358a       0xf4 ./Profile/hiddev.o
                0x000000000000358a                HidDev_ProcessEvent
 .text.hidDevGapStateCB
                0x000000000000367e      0x15e ./Profile/hiddev.o
 .text.HidDev_Init
                0x00000000000037dc       0x6a ./Profile/hiddev.o
                0x00000000000037dc                HidDev_Init
 .text.HidDev_Register
                0x0000000000003846       0x12 ./Profile/hiddev.o
                0x0000000000003846                HidDev_Register
 .text.HidDev_RegisterReports
                0x0000000000003858       0x12 ./Profile/hiddev.o
                0x0000000000003858                HidDev_RegisterReports
 .text.HidDev_Report
                0x000000000000386a      0x14c ./Profile/hiddev.o
                0x000000000000386a                HidDev_Report
 .text.HidDev_ReadAttrCB
                0x00000000000039b6      0x10c ./Profile/hiddev.o
                0x00000000000039b6                HidDev_ReadAttrCB
 .text.HidDev_WriteAttrCB
                0x0000000000003ac2      0x15e ./Profile/hiddev.o
                0x0000000000003ac2                HidDev_WriteAttrCB
 .text.Hid_AddService
                0x0000000000003c20       0xae ./Profile/hidjoytickservice.o
                0x0000000000003c20                Hid_AddService
 .text.Hid_SetParameter
                0x0000000000003cce       0x2c ./Profile/hidjoytickservice.o
                0x0000000000003cce                Hid_SetParameter
 .text.Hid_GetParameter
                0x0000000000003cfa       0x2c ./Profile/hidjoytickservice.o
                0x0000000000003cfa                Hid_GetParameter
 .text.scanParamReadAttrCB
                0x0000000000003d26        0x4 ./Profile/scanparamservice.o
 .text.scanParamWriteAttrCB
                0x0000000000003d2a       0x6a ./Profile/scanparamservice.o
 .text.ScanParam_AddService
                0x0000000000003d94       0x30 ./Profile/scanparamservice.o
                0x0000000000003d94                ScanParam_AddService
 .text.ScanParam_Register
                0x0000000000003dc4        0xa ./Profile/scanparamservice.o
                0x0000000000003dc4                ScanParam_Register
 .text.ScanParam_RefreshNotify
                0x0000000000003dce       0x60 ./Profile/scanparamservice.o
                0x0000000000003dce                ScanParam_RefreshNotify
 .text.ScanParam_HandleConnStatusCB
                0x0000000000003e2e       0x42 ./Profile/scanparamservice.o
                0x0000000000003e2e                ScanParam_HandleConnStatusCB
 .text.BATTERY_ADC_Calculation
                0x0000000000003e70       0x60 ./HAL/BATTERY.o
                0x0000000000003e70                BATTERY_ADC_Calculation
 .text.BATTERY_ADC_Convert
                0x0000000000003ed0       0x40 ./HAL/BATTERY.o
                0x0000000000003ed0                BATTERY_ADC_Convert
 .text.BATTERY_Init
                0x0000000000003f10       0x6e ./HAL/BATTERY.o
                0x0000000000003f10                BATTERY_Init
 .text.hidEmuEvtCB
                0x0000000000003f7e        0x2 ./HAL/BLE.o
 .text.hidEmuStateCB
                0x0000000000003f80      0x104 ./HAL/BLE.o
 .text.hidEmuRptCB
                0x0000000000004084       0x1c ./HAL/BLE.o
 .text.HidEmu_ProcessEvent
                0x00000000000040a0       0xea ./HAL/BLE.o
                0x00000000000040a0                HidEmu_ProcessEvent
 .text.HidEmu_Init
                0x000000000000418a       0xf8 ./HAL/BLE.o
                0x000000000000418a                HidEmu_Init
 .text.PFIC_DisableIRQ
                0x0000000000004282       0x14 ./HAL/CORE.o
 .text.MySqrt   0x0000000000004296       0x84 ./HAL/ICM20602.o
 .text.ICM20602_write_byte
                0x000000000000431a       0x3a ./HAL/ICM20602.o
                0x000000000000431a                ICM20602_write_byte
 .text.ICM20602_read_byte
                0x0000000000004354       0x38 ./HAL/ICM20602.o
                0x0000000000004354                ICM20602_read_byte
 .text.ICM20602_read_bytes
                0x000000000000438c       0x50 ./HAL/ICM20602.o
                0x000000000000438c                ICM20602_read_bytes
 .text.ICM20602_get_acc
                0x00000000000043dc       0x4c ./HAL/ICM20602.o
                0x00000000000043dc                ICM20602_get_acc
 .text.ICM20602_get_gyro
                0x0000000000004428       0x4c ./HAL/ICM20602.o
                0x0000000000004428                ICM20602_get_gyro
 .text.ICM20602_gyro_offset_init
                0x0000000000004474       0x7c ./HAL/ICM20602.o
                0x0000000000004474                ICM20602_gyro_offset_init
 .text.ICM20602_get_orign_data
                0x00000000000044f0      0x182 ./HAL/ICM20602.o
                0x00000000000044f0                ICM20602_get_orign_data
 .text.ICM20602_AHRS_update
                0x0000000000004672      0x424 ./HAL/ICM20602.o
                0x0000000000004672                ICM20602_AHRS_update
 .text.ICM20602_euler_angle_update
                0x0000000000004a96      0x1c4 ./HAL/ICM20602.o
                0x0000000000004a96                ICM20602_euler_angle_update
 .text.ICM20602_data_update
                0x0000000000004c5a       0x22 ./HAL/ICM20602.o
                0x0000000000004c5a                ICM20602_data_update
 .text.ICM20602_init
                0x0000000000004c7c       0xde ./HAL/ICM20602.o
                0x0000000000004c7c                ICM20602_init
 .text.ICM20602_angle_diff
                0x0000000000004d5a       0x5a ./HAL/ICM20602.o
                0x0000000000004d5a                ICM20602_angle_diff
 .text.ICM20602_report
                0x0000000000004db4      0x1cc ./HAL/ICM20602.o
                0x0000000000004db4                ICM20602_report
 .text.HAL_key_callback
                0x0000000000004f80       0xd0 ./HAL/KEY.o
                0x0000000000004f80                HAL_key_callback
 .text.HalKeyConfig
                0x0000000000005050       0x1a ./HAL/KEY.o
                0x0000000000005050                HalKeyConfig
 .text.HAL_KeyInit
                0x000000000000506a      0x184 ./HAL/KEY.o
                0x000000000000506a                HAL_KeyInit
 .text.HAL_KeyPoll
                0x00000000000051ee       0xea ./HAL/KEY.o
                0x00000000000051ee                HAL_KeyPoll
 .text.Lib_Calibration_LSI
                0x00000000000052d8        0x6 ./HAL/MCU.o
                0x00000000000052d8                Lib_Calibration_LSI
 .text.Lib_Read_Flash
                0x00000000000052de       0x1c ./HAL/MCU.o
                0x00000000000052de                Lib_Read_Flash
 .text.Lib_Write_Flash
                0x00000000000052fa       0x40 ./HAL/MCU.o
                0x00000000000052fa                Lib_Write_Flash
 .text.HAL_GetInterTempValue
                0x000000000000533a       0x72 ./HAL/MCU.o
                0x000000000000533a                HAL_GetInterTempValue
 .text.HAL_ProcessEvent
                0x00000000000053ac      0x26e ./HAL/MCU.o
                0x00000000000053ac                HAL_ProcessEvent
 .text.CH58X_BLEInit
                0x000000000000561a      0x12e ./HAL/MCU.o
                0x000000000000561a                CH58X_BLEInit
 .text.HAL_Init
                0x0000000000005748       0xac ./HAL/MCU.o
                0x0000000000005748                HAL_Init
 .text.HAL_TimeInit
                0x00000000000057f4       0x3e ./HAL/RTC.o
                0x00000000000057f4                HAL_TimeInit
 .text.SWITCH_data_reset
                0x0000000000005832       0x2e ./HAL/SWITCH.o
                0x0000000000005832                SWITCH_data_reset
 .text.SWITCH_data_read_fromVIA
                0x0000000000005860       0x42 ./HAL/SWITCH.o
                0x0000000000005860                SWITCH_data_read_fromVIA
 .text.SWITCH_data_sync_toVIA
                0x00000000000058a2       0x42 ./HAL/SWITCH.o
                0x00000000000058a2                SWITCH_data_sync_toVIA
 .text.SWITCH_Init
                0x00000000000058e4       0x24 ./HAL/SWITCH.o
                0x00000000000058e4                SWITCH_Init
 .text.SWITCH_ADC_ENABLE
                0x0000000000005908      0x19e ./HAL/SWITCH.o
                0x0000000000005908                SWITCH_ADC_ENABLE
 .text.SWITCH_Calibration
                0x0000000000005aa6      0x1b2 ./HAL/SWITCH.o
                0x0000000000005aa6                SWITCH_Calibration
 .text.usbd_hid_gamepad_in_callback
                0x0000000000005c58        0x2 ./HAL/USB.o
 .text.usbd_hid_gamepad_out_callback
                0x0000000000005c5a        0x2 ./HAL/USB.o
 .text.usbd_cdc_acm_bulk_out_callback
                0x0000000000005c5c       0xc2 ./HAL/USB.o
 .text.usbd_hid_raw_out_callback
                0x0000000000005d1e       0x38 ./HAL/USB.o
 .text.usbd_cdc_acm_bulk_in_callback
                0x0000000000005d56       0x1e ./HAL/USB.o
 .text.USB_ProcessEvent
                0x0000000000005d74       0x68 ./HAL/USB.o
                0x0000000000005d74                USB_ProcessEvent
 .text.usbd_hid_raw_in_callback
                0x0000000000005ddc        0x2 ./HAL/USB.o
 .text.usbd_configure_done_callback
                0x0000000000005dde       0x2c ./HAL/USB.o
                0x0000000000005dde                usbd_configure_done_callback
 .text.usbh_hid_set_idle
                0x0000000000005e0a        0x2 ./HAL/USB.o
                0x0000000000005e0a                usbh_hid_set_idle
 .text.usbh_hid_set_protocol
                0x0000000000005e0c        0x2 ./HAL/USB.o
                0x0000000000005e0c                usbh_hid_set_protocol
 .text.usbh_hid_set_report
                0x0000000000005e0e        0x2 ./HAL/USB.o
                0x0000000000005e0e                usbh_hid_set_report
 .text.usb_suspend_wake_up_cb
                0x0000000000005e10        0x2 ./HAL/USB.o
                0x0000000000005e10                usb_suspend_wake_up_cb
 .text.usb_printf
                0x0000000000005e12       0x4e ./HAL/USB.o
                0x0000000000005e12                usb_printf
 .text.HAL_USBInit
                0x0000000000005e60       0xd4 ./HAL/USB.o
                0x0000000000005e60                HAL_USBInit
 .text.usb_dc_low_level_init
                0x0000000000005f34       0x22 ./HAL/USB.o
                0x0000000000005f34                usb_dc_low_level_init
 .text.WS2812_Style_Off
                0x0000000000005f56       0x1c ./HAL/WS2812.o
                0x0000000000005f56                WS2812_Style_Off
 .text.WS2812_PWM_Init
                0x0000000000005f72       0x34 ./HAL/WS2812.o
                0x0000000000005f72                WS2812_PWM_Init
 .text.WS2812_Style_Normal
                0x0000000000005fa6       0xcc ./HAL/WS2812.o
                0x0000000000005fa6                WS2812_Style_Normal
 .text.WS2812_Style_Warning
                0x0000000000006072       0x94 ./HAL/WS2812.o
                0x0000000000006072                WS2812_Style_Warning
 .text.WS2812_Change_Style_to
                0x0000000000006106       0x14 ./HAL/WS2812.o
                0x0000000000006106                WS2812_Change_Style_to
 .text.WS2812_Send
                0x000000000000611a       0x96 ./HAL/WS2812.o
                0x000000000000611a                WS2812_Send
 .text.usbd_class_event_notify_handler
                0x00000000000061b0       0x34 ./CherryUSB/core/usbd_core.o
 .text.usbd_set_endpoint
                0x00000000000061e4       0x6a ./CherryUSB/core/usbd_core.o
 .text.usbd_event_ep0_in_complete_handler
                0x000000000000624e       0x60 ./CherryUSB/core/usbd_core.o
                0x000000000000624e                usbd_event_ep0_in_complete_handler
 .text.usbd_print_setup.constprop.12
                0x00000000000062ae       0x48 ./CherryUSB/core/usbd_core.o
 .text.usbd_setup_request_handler.constprop.3
                0x00000000000062f6      0x6da ./CherryUSB/core/usbd_core.o
 .text.usbd_event_ep0_out_complete_handler
                0x00000000000069d0       0x5e ./CherryUSB/core/usbd_core.o
                0x00000000000069d0                usbd_event_ep0_out_complete_handler
 .text.usbd_event_reset_handler
                0x0000000000006a2e       0x34 ./CherryUSB/core/usbd_core.o
                0x0000000000006a2e                usbd_event_reset_handler
 .text.usbd_event_ep0_setup_complete_handler
                0x0000000000006a62      0x11c ./CherryUSB/core/usbd_core.o
                0x0000000000006a62                usbd_event_ep0_setup_complete_handler
 .text.usbd_event_ep_in_complete_handler
                0x0000000000006b7e       0x20 ./CherryUSB/core/usbd_core.o
                0x0000000000006b7e                usbd_event_ep_in_complete_handler
 .text.usbd_event_ep_out_complete_handler
                0x0000000000006b9e       0x20 ./CherryUSB/core/usbd_core.o
                0x0000000000006b9e                usbd_event_ep_out_complete_handler
 .text.usbd_desc_register
                0x0000000000006bbe       0x40 ./CherryUSB/core/usbd_core.o
                0x0000000000006bbe                usbd_desc_register
 .text.usbd_add_interface
                0x0000000000006bfe       0x2e ./CherryUSB/core/usbd_core.o
                0x0000000000006bfe                usbd_add_interface
 .text.usbd_add_endpoint
                0x0000000000006c2c       0x3c ./CherryUSB/core/usbd_core.o
                0x0000000000006c2c                usbd_add_endpoint
 .text.usb_device_is_configured
                0x0000000000006c68        0xa ./CherryUSB/core/usbd_core.o
                0x0000000000006c68                usb_device_is_configured
 .text.usbd_initialize
                0x0000000000006c72        0x2 ./CherryUSB/core/usbd_core.o
                0x0000000000006c72                usbd_initialize
 .text.usbd_hid_init_intf
                0x0000000000006c74       0x1c ./CherryUSB/class/hid/usbd_hid.o
                0x0000000000006c74                usbd_hid_init_intf
 .text.usbh_hid_get_report
                0x0000000000006c90        0x4 ./CherryUSB/class/hid/usbd_hid.o
                0x0000000000006c90                usbh_hid_get_report
 .text.usbh_hid_get_idle
                0x0000000000006c94        0x4 ./CherryUSB/class/hid/usbd_hid.o
                0x0000000000006c94                usbh_hid_get_idle
 .text.usbh_hid_get_protocol
                0x0000000000006c98        0x4 ./CherryUSB/class/hid/usbd_hid.o
                0x0000000000006c98                usbh_hid_get_protocol
 .text.hid_class_interface_request_handler
                0x0000000000006c9c       0xee ./CherryUSB/class/hid/usbd_hid.o
 .text.cdc_notify_handler
                0x0000000000006d8a        0x2 ./CherryUSB/class/cdc/usbd_cdc.o
 .text.usbd_cdc_acm_init_intf
                0x0000000000006d8c       0x1e ./CherryUSB/class/cdc/usbd_cdc.o
                0x0000000000006d8c                usbd_cdc_acm_init_intf
 .text.usbd_cdc_acm_set_line_coding
                0x0000000000006daa        0x2 ./CherryUSB/class/cdc/usbd_cdc.o
                0x0000000000006daa                usbd_cdc_acm_set_line_coding
 .text.usbd_cdc_acm_get_line_coding
                0x0000000000006dac       0x2a ./CherryUSB/class/cdc/usbd_cdc.o
                0x0000000000006dac                usbd_cdc_acm_get_line_coding
 .text.usbd_cdc_acm_set_dtr
                0x0000000000006dd6        0x2 ./CherryUSB/class/cdc/usbd_cdc.o
                0x0000000000006dd6                usbd_cdc_acm_set_dtr
 .text.usbd_cdc_acm_set_rts
                0x0000000000006dd8        0x2 ./CherryUSB/class/cdc/usbd_cdc.o
                0x0000000000006dd8                usbd_cdc_acm_set_rts
 .text.cdc_acm_class_interface_request_handler
                0x0000000000006dda       0xc8 ./CherryUSB/class/cdc/usbd_cdc.o
 .text.usbd_set_address
                0x0000000000006ea2       0x1e ./CherryUSB/usb_ch58x_dc_usbfs.o
                0x0000000000006ea2                usbd_set_address
 .text.usbd_ep_open
                0x0000000000006ec0       0x94 ./CherryUSB/usb_ch58x_dc_usbfs.o
                0x0000000000006ec0                usbd_ep_open
 .text.usbd_ep_close
                0x0000000000006f54       0x2a ./CherryUSB/usb_ch58x_dc_usbfs.o
                0x0000000000006f54                usbd_ep_close
 .text.usbd_ep_start_write
                0x0000000000006f7e       0xbe ./CherryUSB/usb_ch58x_dc_usbfs.o
                0x0000000000006f7e                usbd_ep_start_write
 .text.usbd_ep_start_read
                0x000000000000703c       0x7c ./CherryUSB/usb_ch58x_dc_usbfs.o
                0x000000000000703c                usbd_ep_start_read
 .text.usbd_ep_set_stall
                0x00000000000070b8       0x3e ./CherryUSB/usb_ch58x_dc_usbfs.o
                0x00000000000070b8                usbd_ep_set_stall
 .text.usbd_ep_clear_stall
                0x00000000000070f6       0x42 ./CherryUSB/usb_ch58x_dc_usbfs.o
                0x00000000000070f6                usbd_ep_clear_stall
 .text.usb_dc_init
                0x0000000000007138       0xfa ./CherryUSB/usb_ch58x_dc_usbfs.o
                0x0000000000007138                usb_dc_init
 .text.startup.main
                0x0000000000007232       0x56 ./APP/main.o
                0x0000000000007232                main
 .text.via_set_default_config
                0x0000000000007288       0x46 ./APP/tp78_joyticks_via.o
                0x0000000000007288                via_set_default_config
 .text.via_data_read
                0x00000000000072ce       0x18 ./APP/tp78_joyticks_via.o
                0x00000000000072ce                via_data_read
 .text.via_data_write
                0x00000000000072e6       0x3e ./APP/tp78_joyticks_via.o
                0x00000000000072e6                via_data_write
 .text.via_data_processing
                0x0000000000007324      0x4b0 ./APP/tp78_joyticks_via.o
                0x0000000000007324                via_data_processing
 .text.tmos_msg_enqueue
                0x00000000000077d4       0x1e E:\Project\CH582M_joyticks\LIB\libCH58xBLE.a(message.o)
                0x00000000000077d4                tmos_msg_enqueue
 .text.tmos_msg_deallocate
                0x00000000000077f2       0x2c E:\Project\CH582M_joyticks\LIB\libCH58xBLE.a(message.o)
                0x00000000000077f2                tmos_msg_deallocate
 .text.tmos_msg_allocate
                0x000000000000781e       0x46 E:\Project\CH582M_joyticks\LIB\libCH58xBLE.a(message.o)
                0x000000000000781e                tmos_msg_allocate
 .text.tmos_msg_receive
                0x0000000000007864       0x72 E:\Project\CH582M_joyticks\LIB\libCH58xBLE.a(message.o)
                0x0000000000007864                tmos_msg_receive
 .text.tmos_msg_send
                0x00000000000078d6       0x66 E:\Project\CH582M_joyticks\LIB\libCH58xBLE.a(message.o)
                0x00000000000078d6                tmos_msg_send
 .text.tmos_msg_init
                0x000000000000793c        0xa E:\Project\CH582M_joyticks\LIB\libCH58xBLE.a(message.o)
                0x000000000000793c                tmos_msg_init
 .text.tmosFindTask
                0x0000000000007946       0x24 E:\Project\CH582M_joyticks\LIB\libCH58xBLE.a(tmos.o)
 .text.TMOS_CB_PeriodicProcessEvent
                0x000000000000796a       0x86 E:\Project\CH582M_joyticks\LIB\libCH58xBLE.a(tmos.o)
                0x000000000000796a                TMOS_CB_PeriodicProcessEvent
 .text.TMOS_CB_ProcessEvent
                0x00000000000079f0       0x84 E:\Project\CH582M_joyticks\LIB\libCH58xBLE.a(tmos.o)
                0x00000000000079f0                TMOS_CB_ProcessEvent
 .text.tmos_rand
                0x0000000000007a74       0x5e E:\Project\CH582M_joyticks\LIB\libCH58xBLE.a(tmos.o)
                0x0000000000007a74                tmos_rand
 .text.tmos_proces_sleep
                0x0000000000007ad2      0x132 E:\Project\CH582M_joyticks\LIB\libCH58xBLE.a(tmos.o)
                0x0000000000007ad2                tmos_proces_sleep
 .text.tmos_start_periodic_callback_task
                0x0000000000007c04       0xfc E:\Project\CH582M_joyticks\LIB\libCH58xBLE.a(tmos.o)
                0x0000000000007c04                tmos_start_periodic_callback_task
 .text.tmos_set_event
                0x0000000000007d00       0x2e E:\Project\CH582M_joyticks\LIB\libCH58xBLE.a(tmos.o)
                0x0000000000007d00                tmos_set_event
 .text.tmos_clear_event
                0x0000000000007d2e       0x32 E:\Project\CH582M_joyticks\LIB\libCH58xBLE.a(tmos.o)
                0x0000000000007d2e                tmos_clear_event
 .text.tmos_update_callback_timer
                0x0000000000007d60       0xc4 E:\Project\CH582M_joyticks\LIB\libCH58xBLE.a(tmos.o)
                0x0000000000007d60                tmos_update_callback_timer
 .text.tmos_start_task
                0x0000000000007e24      0x120 E:\Project\CH582M_joyticks\LIB\libCH58xBLE.a(tmos.o)
                0x0000000000007e24                tmos_start_task
 .text.tmos_start_callback_task
                0x0000000000007f44       0x9a E:\Project\CH582M_joyticks\LIB\libCH58xBLE.a(tmos.o)
                0x0000000000007f44                tmos_start_callback_task
 .text.tmos_start_reload_task
                0x0000000000007fde       0x58 E:\Project\CH582M_joyticks\LIB\libCH58xBLE.a(tmos.o)
                0x0000000000007fde                tmos_start_reload_task
 .text.tmos_stop_task
                0x0000000000008036       0x52 E:\Project\CH582M_joyticks\LIB\libCH58xBLE.a(tmos.o)
                0x0000000000008036                tmos_stop_task
 .text.tmos_stop_callback_task
                0x0000000000008088       0x5c E:\Project\CH582M_joyticks\LIB\libCH58xBLE.a(tmos.o)
                0x0000000000008088                tmos_stop_callback_task
 .text.tmos_get_task_timer
                0x00000000000080e4       0x6c E:\Project\CH582M_joyticks\LIB\libCH58xBLE.a(tmos.o)
                0x00000000000080e4                tmos_get_task_timer
 .text.TMOS_TimerRegister
                0x0000000000008150       0x1e E:\Project\CH582M_joyticks\LIB\libCH58xBLE.a(tmos.o)
                0x0000000000008150                TMOS_TimerRegister
 .text.TMOS_ProcessRegister
                0x000000000000816e       0x16 E:\Project\CH582M_joyticks\LIB\libCH58xBLE.a(tmos.o)
                0x000000000000816e                TMOS_ProcessRegister
 .text.TMOS_Init
                0x0000000000008184      0x12e E:\Project\CH582M_joyticks\LIB\libCH58xBLE.a(tmos.o)
                0x0000000000008184                TMOS_Init
 .text.TMOS_ProcessEventRegister
                0x00000000000082b2       0x3c E:\Project\CH582M_joyticks\LIB\libCH58xBLE.a(tmos.o)
                0x00000000000082b2                TMOS_ProcessEventRegister
 .text.BLE_LibInit
                0x00000000000082ee      0x174 E:\Project\CH582M_joyticks\LIB\libCH58xBLE.a(tmos.o)
                0x00000000000082ee                BLE_LibInit
 .text.clockGetTickValve
                0x0000000000008462       0x70 E:\Project\CH582M_joyticks\LIB\libCH58xBLE.a(tmos_hw.o)
 .text.ll_get_sca_divisor
                0x00000000000084d2       0x40 E:\Project\CH582M_joyticks\LIB\libCH58xBLE.a(tmos_hw.o)
                0x00000000000084d2                ll_get_sca_divisor
 .text.ll_get_sca_own
                0x0000000000008512       0x46 E:\Project\CH582M_joyticks\LIB\libCH58xBLE.a(tmos_hw.o)
                0x0000000000008512                ll_get_sca_own
 .text.ble_ll_common_rand8
                0x0000000000008558       0x24 E:\Project\CH582M_joyticks\LIB\libCH58xBLE.a(tmos_hw.o)
                0x0000000000008558                ble_ll_common_rand8
 .text.ble_ll_common_rand16
                0x000000000000857c       0x24 E:\Project\CH582M_joyticks\LIB\libCH58xBLE.a(tmos_hw.o)
                0x000000000000857c                ble_ll_common_rand16
 .text.ble_ll_common_rand32
                0x00000000000085a0       0x20 E:\Project\CH582M_joyticks\LIB\libCH58xBLE.a(tmos_hw.o)
                0x00000000000085a0                ble_ll_common_rand32
 .text.TMOS_TempSample
                0x00000000000085c0       0x62 E:\Project\CH582M_joyticks\LIB\libCH58xBLE.a(tmos_hw.o)
                0x00000000000085c0                TMOS_TempSample
 .text.TMOS_TimerInit
                0x0000000000008622       0xca E:\Project\CH582M_joyticks\LIB\libCH58xBLE.a(tmos_hw.o)
                0x0000000000008622                TMOS_TimerInit
 .text.tmos_snv_init
                0x00000000000086ec       0xc0 E:\Project\CH582M_joyticks\LIB\libCH58xBLE.a(tmos_snv.o)
                0x00000000000086ec                tmos_snv_init
 .text.tmos_snv_clear
                0x00000000000087ac       0xb2 E:\Project\CH582M_joyticks\LIB\libCH58xBLE.a(tmos_snv.o)
                0x00000000000087ac                tmos_snv_clear
 .text.tmos_snv_read
                0x000000000000885e      0x292 E:\Project\CH582M_joyticks\LIB\libCH58xBLE.a(tmos_snv.o)
                0x000000000000885e                tmos_snv_read
 .text.tmos_snv_notify
                0x0000000000008af0       0x5a E:\Project\CH582M_joyticks\LIB\libCH58xBLE.a(tmos_snv.o)
                0x0000000000008af0                tmos_snv_notify
 .text.tmos_snv_write
                0x0000000000008b4a      0x2ce E:\Project\CH582M_joyticks\LIB\libCH58xBLE.a(tmos_snv.o)
                0x0000000000008b4a                tmos_snv_write
 .text.tmos_snv_compact
                0x0000000000008e18        0x4 E:\Project\CH582M_joyticks\LIB\libCH58xBLE.a(tmos_snv.o)
                0x0000000000008e18                tmos_snv_compact
 .text.disconnectNext
                0x0000000000008e1c       0x22 E:\Project\CH582M_joyticks\LIB\libCH58xBLE.a(gap.o)
 .text.GAP_ParamInit
                0x0000000000008e3e      0x180 E:\Project\CH582M_joyticks\LIB\libCH58xBLE.a(gap.o)
                0x0000000000008e3e                GAP_ParamInit
 .text.sendTerminateEvent
                0x0000000000008fbe       0x58 E:\Project\CH582M_joyticks\LIB\libCH58xBLE.a(gap.o)
                0x0000000000008fbe                sendTerminateEvent
 .text.gapRegisterCentral
                0x0000000000009016        0xa E:\Project\CH582M_joyticks\LIB\libCH58xBLE.a(gap.o)
                0x0000000000009016                gapRegisterCentral
 .text.gapRegisterCentralConn
                0x0000000000009020        0xa E:\Project\CH582M_joyticks\LIB\libCH58xBLE.a(gap.o)
                0x0000000000009020                gapRegisterCentralConn
 .text.gapRegisterPeripheral
                0x000000000000902a        0xa E:\Project\CH582M_joyticks\LIB\libCH58xBLE.a(gap.o)
                0x000000000000902a                gapRegisterPeripheral
 .text.gapRegisterPeripheralConn
                0x0000000000009034        0xa E:\Project\CH582M_joyticks\LIB\libCH58xBLE.a(gap.o)
                0x0000000000009034                gapRegisterPeripheralConn
 .text.smGenerateRandBuf
                0x000000000000903e       0x56 E:\Project\CH582M_joyticks\LIB\libCH58xBLE.a(gap.o)
                0x000000000000903e                smGenerateRandBuf
 .text.gapL2capConnParamUpdateReq
                0x0000000000009094       0x3a E:\Project\CH582M_joyticks\LIB\libCH58xBLE.a(gap.o)
                0x0000000000009094                gapL2capConnParamUpdateReq
 .text.gapValidADType
                0x00000000000090ce       0x16 E:\Project\CH582M_joyticks\LIB\libCH58xBLE.a(gap.o)
                0x00000000000090ce                gapValidADType
 .text.gapFindADType
                0x00000000000090e4       0x94 E:\Project\CH582M_joyticks\LIB\libCH58xBLE.a(gap.o)
                0x00000000000090e4                gapFindADType
 .text.GAP_SecParamsInit
                0x0000000000009178       0xae E:\Project\CH582M_joyticks\LIB\libCH58xBLE.a(gap.o)
                0x0000000000009178                GAP_SecParamsInit
 .text.GAP_ParamsInit
                0x0000000000009226       0x50 E:\Project\CH582M_joyticks\LIB\libCH58xBLE.a(gap.o)
                0x0000000000009226                GAP_ParamsInit
 .text.gapAddAddrAdj
                0x0000000000009276       0x48 E:\Project\CH582M_joyticks\LIB\libCH58xBLE.a(gap.o)
                0x0000000000009276                gapAddAddrAdj
 .text.gapDetermineAddrType
                0x00000000000092be       0x28 E:\Project\CH582M_joyticks\LIB\libCH58xBLE.a(gap.o)
                0x00000000000092be                gapDetermineAddrType
 .text.gapFreeAuthLink
                0x00000000000092e6       0x4a E:\Project\CH582M_joyticks\LIB\libCH58xBLE.a(gap.o)
                0x00000000000092e6                gapFreeAuthLink
 .text.gapGetDevAddress
                0x0000000000009330       0x28 E:\Project\CH582M_joyticks\LIB\libCH58xBLE.a(gap.o)
                0x0000000000009330                gapGetDevAddress
 .text.gapGetDevAddressMode
                0x0000000000009358        0xa E:\Project\CH582M_joyticks\LIB\libCH58xBLE.a(gap.o)
                0x0000000000009358                gapGetDevAddressMode
 .text.gapGetIRK
                0x0000000000009362        0xc E:\Project\CH582M_joyticks\LIB\libCH58xBLE.a(gap.o)
                0x0000000000009362                gapGetIRK
 .text.gapGetSRK
                0x000000000000936e        0xc E:\Project\CH582M_joyticks\LIB\libCH58xBLE.a(gap.o)
                0x000000000000936e                gapGetSRK
 .text.gapGetSignCounter
                0x000000000000937a        0xe E:\Project\CH582M_joyticks\LIB\libCH58xBLE.a(gap.o)
                0x000000000000937a                gapGetSignCounter
 .text.gapIncSignCounter
                0x0000000000009388       0x28 E:\Project\CH582M_joyticks\LIB\libCH58xBLE.a(gap.o)
                0x0000000000009388                gapIncSignCounter
 .text.gapProcessConnEvt
                0x00000000000093b0       0x50 E:\Project\CH582M_joyticks\LIB\libCH58xBLE.a(gap.o)
                0x00000000000093b0                gapProcessConnEvt
 .text.gapProcessDisconnectCompleteEvt
                0x0000000000009400       0xb6 E:\Project\CH582M_joyticks\LIB\libCH58xBLE.a(gap.o)
                0x0000000000009400                gapProcessDisconnectCompleteEvt
 .text.sendAuthEvent
                0x00000000000094b6      0x120 E:\Project\CH582M_joyticks\LIB\libCH58xBLE.a(gap.o)
                0x00000000000094b6                sendAuthEvent
 .text.gapSendBondCompleteEvent
                0x00000000000095d6       0x74 E:\Project\CH582M_joyticks\LIB\libCH58xBLE.a(gap.o)
                0x00000000000095d6                gapSendBondCompleteEvent
 .text.gapSendPairingReqEvent
                0x000000000000964a       0x96 E:\Project\CH582M_joyticks\LIB\libCH58xBLE.a(gap.o)
                0x000000000000964a                gapSendPairingReqEvent
 .text.gapSendSlaveSecurityReqEvent
                0x00000000000096e0       0x68 E:\Project\CH582M_joyticks\LIB\libCH58xBLE.a(gap.o)
                0x00000000000096e0                gapSendSlaveSecurityReqEvent
 .text.gapSendDeviceInitDoneEvent
                0x0000000000009748       0x88 E:\Project\CH582M_joyticks\LIB\libCH58xBLE.a(gap.o)
                0x0000000000009748                gapSendDeviceInitDoneEvent
 .text.gapSendLinkUpdateEvent
                0x00000000000097d0       0xb6 E:\Project\CH582M_joyticks\LIB\libCH58xBLE.a(gap.o)
                0x00000000000097d0                gapSendLinkUpdateEvent
 .text.gapSendPhyUpdateEvent
                0x0000000000009886       0x58 E:\Project\CH582M_joyticks\LIB\libCH58xBLE.a(gap.o)
                0x0000000000009886                gapSendPhyUpdateEvent
 .text.gapSendEstLinkEvent
                0x00000000000098de       0xbc E:\Project\CH582M_joyticks\LIB\libCH58xBLE.a(gap.o)
                0x00000000000098de                gapSendEstLinkEvent
 .text.gapProcessNewAddr
                0x000000000000999a       0x4a E:\Project\CH582M_joyticks\LIB\libCH58xBLE.a(gap.o)
                0x000000000000999a                gapProcessNewAddr
 .text.gapProcessRandomAddrComplete
                0x00000000000099e4       0xc2 E:\Project\CH582M_joyticks\LIB\libCH58xBLE.a(gap.o)
                0x00000000000099e4                gapProcessRandomAddrComplete
 .text.GAP_Authenticate
                0x0000000000009aa6       0xde E:\Project\CH582M_joyticks\LIB\libCH58xBLE.a(gap.o)
                0x0000000000009aa6                GAP_Authenticate
 .text.GAP_Bond
                0x0000000000009b84       0xaa E:\Project\CH582M_joyticks\LIB\libCH58xBLE.a(gap.o)
                0x0000000000009b84                GAP_Bond
 .text.GAP_GetParamValue
                0x0000000000009c2e       0x20 E:\Project\CH582M_joyticks\LIB\libCH58xBLE.a(gap.o)
                0x0000000000009c2e                GAP_GetParamValue
 .text.GAP_PasscodeUpdate
                0x0000000000009c4e       0x54 E:\Project\CH582M_joyticks\LIB\libCH58xBLE.a(gap.o)
                0x0000000000009c4e                GAP_PasscodeUpdate
 .text.GAP_RegisterForMsgs
                0x0000000000009ca2        0xa E:\Project\CH582M_joyticks\LIB\libCH58xBLE.a(gap.o)
                0x0000000000009ca2                GAP_RegisterForMsgs
 .text.GAP_ResolvePrivateAddr
                0x0000000000009cac        0x4 E:\Project\CH582M_joyticks\LIB\libCH58xBLE.a(gap.o)
                0x0000000000009cac                GAP_ResolvePrivateAddr
 .text.gapPairingCompleteCB
                0x0000000000009cb0      0x18c E:\Project\CH582M_joyticks\LIB\libCH58xBLE.a(gap.o)
                0x0000000000009cb0                gapPairingCompleteCB
 .text.gapPasskeyNeededCB
                0x0000000000009e3c       0x8e E:\Project\CH582M_joyticks\LIB\libCH58xBLE.a(gap.o)
                0x0000000000009e3c                gapPasskeyNeededCB
 .text.gapOobNeededCB
                0x0000000000009eca       0xa6 E:\Project\CH582M_joyticks\LIB\libCH58xBLE.a(gap.o)
                0x0000000000009eca                gapOobNeededCB
 .text.gapFreeEstLink
                0x0000000000009f70       0x28 E:\Project\CH582M_joyticks\LIB\libCH58xBLE.a(gap.o)
                0x0000000000009f70                gapFreeEstLink
 .text.gapUpdateConnSignCounter
                0x0000000000009f98       0x7a E:\Project\CH582M_joyticks\LIB\libCH58xBLE.a(gap.o)
                0x0000000000009f98                gapUpdateConnSignCounter
 .text.GAP_SendSlaveSecurityRequest
                0x000000000000a012       0x4a E:\Project\CH582M_joyticks\LIB\libCH58xBLE.a(gap.o)
                0x000000000000a012                GAP_SendSlaveSecurityRequest
 .text.GAP_Signable
                0x000000000000a05c       0x6a E:\Project\CH582M_joyticks\LIB\libCH58xBLE.a(gap.o)
                0x000000000000a05c                GAP_Signable
 .text.GAP_TerminateAuth
                0x000000000000a0c6       0x2a E:\Project\CH582M_joyticks\LIB\libCH58xBLE.a(gap.o)
                0x000000000000a0c6                GAP_TerminateAuth
 .text.GAP_NumActiveConnections
                0x000000000000a0f0        0x4 E:\Project\CH582M_joyticks\LIB\libCH58xBLE.a(gap.o)
                0x000000000000a0f0                GAP_NumActiveConnections
 .text.GAP_TerminateLinkReq
                0x000000000000a0f4       0x9e E:\Project\CH582M_joyticks\LIB\libCH58xBLE.a(gap.o)
                0x000000000000a0f4                GAP_TerminateLinkReq
 .text.GAP_SetParamValue
                0x000000000000a192       0x6c E:\Project\CH582M_joyticks\LIB\libCH58xBLE.a(gap.o)
                0x000000000000a192                GAP_SetParamValue
 .text.GAP_Init
                0x000000000000a1fe       0x48 E:\Project\CH582M_joyticks\LIB\libCH58xBLE.a(gap.o)
                0x000000000000a1fe                GAP_Init
 .text.GAP_ProcessEvent
                0x000000000000a246      0x6c0 E:\Project\CH582M_joyticks\LIB\libCH58xBLE.a(gap.o)
                0x000000000000a246                GAP_ProcessEvent
 .text.gapSendScanEnable
                0x000000000000a906       0x3a E:\Project\CH582M_joyticks\LIB\libCH58xBLE.a(gap_central.o)
 .text.gapCentProcessConnEvt
                0x000000000000a940      0x16c E:\Project\CH582M_joyticks\LIB\libCH58xBLE.a(gap_central.o)
                0x000000000000a940                gapCentProcessConnEvt
 .text.gapProcessScanningPeriodicAdvEvt
                0x000000000000aaac       0xa0 E:\Project\CH582M_joyticks\LIB\libCH58xBLE.a(gap_central.o)
                0x000000000000aaac                gapProcessScanningPeriodicAdvEvt
 .text.gapCancelLinkReq
                0x000000000000ab4c       0x40 E:\Project\CH582M_joyticks\LIB\libCH58xBLE.a(gap_central.o)
                0x000000000000ab4c                gapCancelLinkReq
 .text.gapProcessAdvertDevInfo
                0x000000000000ab8c      0x252 E:\Project\CH582M_joyticks\LIB\libCH58xBLE.a(gap_central.o)
                0x000000000000ab8c                gapProcessAdvertDevInfo
 .text.gapProcessExtAdvertDevInfo
                0x000000000000adde      0x278 E:\Project\CH582M_joyticks\LIB\libCH58xBLE.a(gap_central.o)
                0x000000000000adde                gapProcessExtAdvertDevInfo
 .text.gapProcessPeriodicAdvertisingSyncEstablishedEvt
                0x000000000000b056       0xae E:\Project\CH582M_joyticks\LIB\libCH58xBLE.a(gap_central.o)
                0x000000000000b056                gapProcessPeriodicAdvertisingSyncEstablishedEvt
 .text.gapProcessPeriodicAdvertisingSyncLostEvt
                0x000000000000b104       0x56 E:\Project\CH582M_joyticks\LIB\libCH58xBLE.a(gap_central.o)
                0x000000000000b104                gapProcessPeriodicAdvertisingSyncLostEvt
 .text.gapFreeScanRecs
                0x000000000000b15a       0xae E:\Project\CH582M_joyticks\LIB\libCH58xBLE.a(gap_central.o)
                0x000000000000b15a                gapFreeScanRecs
 .text.gapSendDevDiscEvent
                0x000000000000b208      0x142 E:\Project\CH582M_joyticks\LIB\libCH58xBLE.a(gap_central.o)
                0x000000000000b208                gapSendDevDiscEvent
 .text.gapSetScanParamStatus
                0x000000000000b34a       0x5c E:\Project\CH582M_joyticks\LIB\libCH58xBLE.a(gap_central.o)
 .text.gapCentProcessHCICmdEvt
                0x000000000000b3a6       0x3e E:\Project\CH582M_joyticks\LIB\libCH58xBLE.a(gap_central.o)
                0x000000000000b3a6                gapCentProcessHCICmdEvt
 .text.gapProcessScanningEvt
                0x000000000000b3e4      0x118 E:\Project\CH582M_joyticks\LIB\libCH58xBLE.a(gap_central.o)
                0x000000000000b3e4                gapProcessScanningEvt
 .text.gapProcessScanningDirectEvt
                0x000000000000b4fc      0x106 E:\Project\CH582M_joyticks\LIB\libCH58xBLE.a(gap_central.o)
                0x000000000000b4fc                gapProcessScanningDirectEvt
 .text.gapProcessScanningExtAdvEvt
                0x000000000000b602      0x272 E:\Project\CH582M_joyticks\LIB\libCH58xBLE.a(gap_central.o)
                0x000000000000b602                gapProcessScanningExtAdvEvt
 .text.GAP_CentConnRegister
                0x000000000000b874       0x1a E:\Project\CH582M_joyticks\LIB\libCH58xBLE.a(gap_central.o)
                0x000000000000b874                GAP_CentConnRegister
 .text.GAP_CentralParamInit
                0x000000000000b88e       0x7a E:\Project\CH582M_joyticks\LIB\libCH58xBLE.a(gap_central.o)
                0x000000000000b88e                GAP_CentralParamInit
 .text.GAP_CentDevMgrInit
                0x000000000000b908       0xbc E:\Project\CH582M_joyticks\LIB\libCH58xBLE.a(gap_central.o)
                0x000000000000b908                GAP_CentDevMgrInit
 .text.gapFreeAdvertState
                0x000000000000b9c4       0x28 E:\Project\CH582M_joyticks\LIB\libCH58xBLE.a(gap_peripheral.o)
 .text.gapSetPeriodicAdvParams
                0x000000000000b9ec       0x30 E:\Project\CH582M_joyticks\LIB\libCH58xBLE.a(gap_peripheral.o)
 .text.gapSetConnectionlessCTEParams
                0x000000000000ba1c       0x54 E:\Project\CH582M_joyticks\LIB\libCH58xBLE.a(gap_peripheral.o)
 .text.gapSetAdvParams
                0x000000000000ba70      0x100 E:\Project\CH582M_joyticks\LIB\libCH58xBLE.a(gap_peripheral.o)
 .text.gapPeriProcessConnEvt
                0x000000000000bb70       0xd0 E:\Project\CH582M_joyticks\LIB\libCH58xBLE.a(gap_peripheral.o)
 .text.gapWriteAdvDataStatus
                0x000000000000bc40       0x98 E:\Project\CH582M_joyticks\LIB\libCH58xBLE.a(gap_peripheral.o)
 .text.GAP_MakeDiscoverable
                0x000000000000bcd8      0x180 E:\Project\CH582M_joyticks\LIB\libCH58xBLE.a(gap_peripheral.o)
                0x000000000000bcd8                GAP_MakeDiscoverable
 .text.GAP_EndDiscoverable
                0x000000000000be58       0x6e E:\Project\CH582M_joyticks\LIB\libCH58xBLE.a(gap_peripheral.o)
                0x000000000000be58                GAP_EndDiscoverable
 .text.gapProcessAdvertisingEvt
                0x000000000000bec6      0x134 E:\Project\CH582M_joyticks\LIB\libCH58xBLE.a(gap_peripheral.o)
 .text.GAP_MakePeriodic
                0x000000000000bffa       0x2e E:\Project\CH582M_joyticks\LIB\libCH58xBLE.a(gap_peripheral.o)
                0x000000000000bffa                GAP_MakePeriodic
 .text.GAP_EndPeriodic
                0x000000000000c028       0x10 E:\Project\CH582M_joyticks\LIB\libCH58xBLE.a(gap_peripheral.o)
                0x000000000000c028                GAP_EndPeriodic
 .text.GAP_MakeConnecttionlessCTE
                0x000000000000c038       0x1e E:\Project\CH582M_joyticks\LIB\libCH58xBLE.a(gap_peripheral.o)
                0x000000000000c038                GAP_MakeConnecttionlessCTE
 .text.GAP_EndConnecttionlessCTE
                0x000000000000c056       0x10 E:\Project\CH582M_joyticks\LIB\libCH58xBLE.a(gap_peripheral.o)
                0x000000000000c056                GAP_EndConnecttionlessCTE
 .text.GAP_SetAdvertisingAdvData
                0x000000000000c066      0x11a E:\Project\CH582M_joyticks\LIB\libCH58xBLE.a(gap_peripheral.o)
                0x000000000000c066                GAP_SetAdvertisingAdvData
 .text.GAP_SetAdvertisingRspData
                0x000000000000c180      0x11a E:\Project\CH582M_joyticks\LIB\libCH58xBLE.a(gap_peripheral.o)
                0x000000000000c180                GAP_SetAdvertisingRspData
 .text.GAP_SetPeriodicAdvertisingData
                0x000000000000c29a       0xd6 E:\Project\CH582M_joyticks\LIB\libCH58xBLE.a(gap_peripheral.o)
                0x000000000000c29a                GAP_SetPeriodicAdvertisingData
 .text.GAP_GetAdvertisingAdvData
                0x000000000000c370       0x2a E:\Project\CH582M_joyticks\LIB\libCH58xBLE.a(gap_peripheral.o)
                0x000000000000c370                GAP_GetAdvertisingAdvData
 .text.GAP_GetAdvertisingRspData
                0x000000000000c39a       0x3c E:\Project\CH582M_joyticks\LIB\libCH58xBLE.a(gap_peripheral.o)
                0x000000000000c39a                GAP_GetAdvertisingRspData
 .text.GAP_GetPeriodicAdvertisingData
                0x000000000000c3d6       0x3c E:\Project\CH582M_joyticks\LIB\libCH58xBLE.a(gap_peripheral.o)
                0x000000000000c3d6                GAP_GetPeriodicAdvertisingData
 .text.GAP_ConfigDeviceAddr
                0x000000000000c412      0x124 E:\Project\CH582M_joyticks\LIB\libCH58xBLE.a(gap_peripheral.o)
                0x000000000000c412                GAP_ConfigDeviceAddr
 .text.GAP_PeriConnRegister
                0x000000000000c536       0x32 E:\Project\CH582M_joyticks\LIB\libCH58xBLE.a(gap_peripheral.o)
                0x000000000000c536                GAP_PeriConnRegister
 .text.GAP_PeripheralParamInit
                0x000000000000c568       0x90 E:\Project\CH582M_joyticks\LIB\libCH58xBLE.a(gap_peripheral.o)
                0x000000000000c568                GAP_PeripheralParamInit
 .text.gapSendMakeDiscEvent
                0x000000000000c5f8       0x54 E:\Project\CH582M_joyticks\LIB\libCH58xBLE.a(gap_peripheral.o)
                0x000000000000c5f8                gapSendMakeDiscEvent
 .text.gapWriteAdvEnableStatus
                0x000000000000c64c      0x11c E:\Project\CH582M_joyticks\LIB\libCH58xBLE.a(gap_peripheral.o)
 .text.gapSendMakePeriodicEvent
                0x000000000000c768       0x3e E:\Project\CH582M_joyticks\LIB\libCH58xBLE.a(gap_peripheral.o)
                0x000000000000c768                gapSendMakePeriodicEvent
 .text.gapSendMakeConnectionlessCTEEvent
                0x000000000000c7a6       0x3e E:\Project\CH582M_joyticks\LIB\libCH58xBLE.a(gap_peripheral.o)
                0x000000000000c7a6                gapSendMakeConnectionlessCTEEvent
 .text.gapPeriProcessHCICmdCompleteEvt
                0x000000000000c7e4      0x1fc E:\Project\CH582M_joyticks\LIB\libCH58xBLE.a(gap_peripheral.o)
 .text.GAP_PeriDevMgrInit
                0x000000000000c9e0       0x2e E:\Project\CH582M_joyticks\LIB\libCH58xBLE.a(gap_peripheral.o)
                0x000000000000c9e0                GAP_PeriDevMgrInit
 .text.ggs_SetAttrWPermit
                0x000000000000ca0e       0x68 E:\Project\CH582M_joyticks\LIB\libCH58xBLE.a(gapgattserver.o)
 .text.ggs_ReadAttrCB
                0x000000000000ca76      0x156 E:\Project\CH582M_joyticks\LIB\libCH58xBLE.a(gapgattserver.o)
 .text.ggs_WriteAttrCB
                0x000000000000cbcc      0x168 E:\Project\CH582M_joyticks\LIB\libCH58xBLE.a(gapgattserver.o)
 .text.GGS_ParamInit
                0x000000000000cd34      0x27e E:\Project\CH582M_joyticks\LIB\libCH58xBLE.a(gapgattserver.o)
                0x000000000000cd34                GGS_ParamInit
 .text.GGS_SetParameter
                0x000000000000cfb2       0xee E:\Project\CH582M_joyticks\LIB\libCH58xBLE.a(gapgattserver.o)
                0x000000000000cfb2                GGS_SetParameter
 .text.GGS_AddService
                0x000000000000d0a0       0x34 E:\Project\CH582M_joyticks\LIB\libCH58xBLE.a(gapgattserver.o)
                0x000000000000d0a0                GGS_AddService
 .text.GAP_DeviceInit
                0x000000000000d0d4       0xd8 E:\Project\CH582M_joyticks\LIB\libCH58xBLE.a(gapgattserver.o)
                0x000000000000d0d4                GAP_DeviceInit
 .text.gattGetPayload
                0x000000000000d1ac       0x7e E:\Project\CH582M_joyticks\LIB\libCH58xBLE.a(gatt.o)
                0x000000000000d1ac                gattGetPayload
 .text.gattNotifyEvent
                0x000000000000d22a       0x84 E:\Project\CH582M_joyticks\LIB\libCH58xBLE.a(gatt.o)
                0x000000000000d22a                gattNotifyEvent
 .text.gattSendFlowCtrlEvt
                0x000000000000d2ae       0x52 E:\Project\CH582M_joyticks\LIB\libCH58xBLE.a(gatt.o)
                0x000000000000d2ae                gattSendFlowCtrlEvt
 .text.gattStartTimer
                0x000000000000d300        0xc E:\Project\CH582M_joyticks\LIB\libCH58xBLE.a(gatt.o)
                0x000000000000d300                gattStartTimer
 .text.gattStopTimer
                0x000000000000d30c       0x32 E:\Project\CH582M_joyticks\LIB\libCH58xBLE.a(gatt.o)
                0x000000000000d30c                gattStopTimer
 .text.GATT_AppCompletedMsg
                0x000000000000d33e       0x30 E:\Project\CH582M_joyticks\LIB\libCH58xBLE.a(gatt.o)
                0x000000000000d33e                GATT_AppCompletedMsg
 .text.GATT_NotifyEvent
                0x000000000000d36e       0x56 E:\Project\CH582M_joyticks\LIB\libCH58xBLE.a(gatt.o)
                0x000000000000d36e                GATT_NotifyEvent
 .text.gattRegisterServer
                0x000000000000d3c4        0xa E:\Project\CH582M_joyticks\LIB\libCH58xBLE.a(gatt.o)
                0x000000000000d3c4                gattRegisterServer
 .text.GATT_UpdateMTU
                0x000000000000d3ce       0x5a E:\Project\CH582M_joyticks\LIB\libCH58xBLE.a(gatt.o)
                0x000000000000d3ce                GATT_UpdateMTU
 .text.GATT_bm_alloc
                0x000000000000d428       0xe8 E:\Project\CH582M_joyticks\LIB\libCH58xBLE.a(gatt.o)
                0x000000000000d428                GATT_bm_alloc
 .text.GATT_ServiceChangedInd
                0x000000000000d510       0x94 E:\Project\CH582M_joyticks\LIB\libCH58xBLE.a(gatt.o)
                0x000000000000d510                GATT_ServiceChangedInd
 .text.GATT_bm_free
                0x000000000000d5a4       0x1c E:\Project\CH582M_joyticks\LIB\libCH58xBLE.a(gatt.o)
                0x000000000000d5a4                GATT_bm_free
 .text.GATT_Init
                0x000000000000d5c0       0x32 E:\Project\CH582M_joyticks\LIB\libCH58xBLE.a(gatt.o)
                0x000000000000d5c0                GATT_Init
 .text.GATT_ProcessEvent
                0x000000000000d5f2      0x146 E:\Project\CH582M_joyticks\LIB\libCH58xBLE.a(gatt.o)
                0x000000000000d5f2                GATT_ProcessEvent
 .text.gattProcessExchangeMTUReq
                0x000000000000d738        0x4 E:\Project\CH582M_joyticks\LIB\libCH58xBLE.a(gattservapp.o)
 .text.gattServApp_FindCharCfgItem
                0x000000000000d73c       0x24 E:\Project\CH582M_joyticks\LIB\libCH58xBLE.a(gattservapp.o)
 .text.gattServerHandleTimerCB
                0x000000000000d760       0x3c E:\Project\CH582M_joyticks\LIB\libCH58xBLE.a(gattservapp.o)
 .text.GATTServApp_InitCharCfg.part.12
                0x000000000000d79c       0x20 E:\Project\CH582M_joyticks\LIB\libCH58xBLE.a(gattservapp.o)
 .text.gattProcessExecuteWriteReq
                0x000000000000d7bc        0x4 E:\Project\CH582M_joyticks\LIB\libCH58xBLE.a(gattservapp.o)
 .text.GATTServApp_ParamInit
                0x000000000000d7c0      0x106 E:\Project\CH582M_joyticks\LIB\libCH58xBLE.a(gattservapp.o)
                0x000000000000d7c0                GATTServApp_ParamInit
 .text.GATTServApp_ReadCharCfg
                0x000000000000d8c6       0x18 E:\Project\CH582M_joyticks\LIB\libCH58xBLE.a(gattservapp.o)
                0x000000000000d8c6                GATTServApp_ReadCharCfg
 .text.GATTServApp_WriteCharCfg
                0x000000000000d8de       0x3c E:\Project\CH582M_joyticks\LIB\libCH58xBLE.a(gattservapp.o)
                0x000000000000d8de                GATTServApp_WriteCharCfg
 .text.GATTServApp_ProcessCCCWriteReq
                0x000000000000d91a       0x60 E:\Project\CH582M_joyticks\LIB\libCH58xBLE.a(gattservapp.o)
                0x000000000000d91a                GATTServApp_ProcessCCCWriteReq
 .text.gattServApp_WriteAttrCB
                0x000000000000d97a       0x34 E:\Project\CH582M_joyticks\LIB\libCH58xBLE.a(gattservapp.o)
                0x000000000000d97a                gattServApp_WriteAttrCB
 .text.GATTServApp_SendCCCUpdatedEvent
                0x000000000000d9ae       0x66 E:\Project\CH582M_joyticks\LIB\libCH58xBLE.a(gattservapp.o)
                0x000000000000d9ae                GATTServApp_SendCCCUpdatedEvent
 .text.GATTServApp_SendServiceChangedInd
                0x000000000000da14       0x3a E:\Project\CH582M_joyticks\LIB\libCH58xBLE.a(gattservapp.o)
                0x000000000000da14                GATTServApp_SendServiceChangedInd
 .text.gattServApp_ClearPrepareWriteQ
                0x000000000000da4e       0x50 E:\Project\CH582M_joyticks\LIB\libCH58xBLE.a(gattservapp.o)
                0x000000000000da4e                gattServApp_ClearPrepareWriteQ
 .text.gattServApp_FindPrepareWriteQ
                0x000000000000da9e       0x34 E:\Project\CH582M_joyticks\LIB\libCH58xBLE.a(gattservapp.o)
                0x000000000000da9e                gattServApp_FindPrepareWriteQ
 .text.gattServApp_FindServiceCBs
                0x000000000000dad2       0x1c E:\Project\CH582M_joyticks\LIB\libCH58xBLE.a(gattservapp.o)
                0x000000000000dad2                gattServApp_FindServiceCBs
 .text.gattServApp_FindAuthorizeAttrCB
                0x000000000000daee       0x16 E:\Project\CH582M_joyticks\LIB\libCH58xBLE.a(gattservapp.o)
                0x000000000000daee                gattServApp_FindAuthorizeAttrCB
 .text.gattServApp_IsWriteLong
                0x000000000000db04       0xea E:\Project\CH582M_joyticks\LIB\libCH58xBLE.a(gattservapp.o)
                0x000000000000db04                gattServApp_IsWriteLong
 .text.gattFindService
                0x000000000000dbee       0x20 E:\Project\CH582M_joyticks\LIB\libCH58xBLE.a(gattservapp.o)
                0x000000000000dbee                gattFindService
 .text.GATT_ServiceNumAttrs
                0x000000000000dc0e       0x18 E:\Project\CH582M_joyticks\LIB\libCH58xBLE.a(gattservapp.o)
                0x000000000000dc0e                GATT_ServiceNumAttrs
 .text.GATT_ServiceEncKeySize
                0x000000000000dc26       0x18 E:\Project\CH582M_joyticks\LIB\libCH58xBLE.a(gattservapp.o)
                0x000000000000dc26                GATT_ServiceEncKeySize
 .text.GATT_VerifyWritePermissions.part.7
                0x000000000000dc3e       0x2e E:\Project\CH582M_joyticks\LIB\libCH58xBLE.a(gattservapp.o)
 .text.gattResetServerInfo
                0x000000000000dc6c       0x1c E:\Project\CH582M_joyticks\LIB\libCH58xBLE.a(gattservapp.o)
                0x000000000000dc6c                gattResetServerInfo
 .text.gattFindServerInfo
                0x000000000000dc88       0x30 E:\Project\CH582M_joyticks\LIB\libCH58xBLE.a(gattservapp.o)
                0x000000000000dc88                gattFindServerInfo
 .text.gattServerHandleConnStatusCB
                0x000000000000dcb8       0x98 E:\Project\CH582M_joyticks\LIB\libCH58xBLE.a(gattservapp.o)
                0x000000000000dcb8                gattServerHandleConnStatusCB
 .text.gattServerProcessMsgCB
                0x000000000000dd50      0x1c8 E:\Project\CH582M_joyticks\LIB\libCH58xBLE.a(gattservapp.o)
                0x000000000000dd50                gattServerProcessMsgCB
 .text.gattServerNotifyTxCB
                0x000000000000df18       0x28 E:\Project\CH582M_joyticks\LIB\libCH58xBLE.a(gattservapp.o)
 .text.GATT_FindHandle
                0x000000000000df40       0x4e E:\Project\CH582M_joyticks\LIB\libCH58xBLE.a(gattservapp.o)
                0x000000000000df40                GATT_FindHandle
 .text.GATTServApp_WriteAttr
                0x000000000000df8e       0xa8 E:\Project\CH582M_joyticks\LIB\libCH58xBLE.a(gattservapp.o)
                0x000000000000df8e                GATTServApp_WriteAttr
 .text.gattServApp_ProcessExecuteWriteReq
                0x000000000000e036      0x100 E:\Project\CH582M_joyticks\LIB\libCH58xBLE.a(gattservapp.o)
                0x000000000000e036                gattServApp_ProcessExecuteWriteReq
 .text.GATTServApp_UpdateCharCfg
                0x000000000000e136       0x1e E:\Project\CH582M_joyticks\LIB\libCH58xBLE.a(gattservapp.o)
                0x000000000000e136                GATTServApp_UpdateCharCfg
 .text.gattServApp_ProcessPrepareWriteReq
                0x000000000000e154      0x10e E:\Project\CH582M_joyticks\LIB\libCH58xBLE.a(gattservapp.o)
                0x000000000000e154                gattServApp_ProcessPrepareWriteReq
 .text.gattServApp_ProcessWriteReq
                0x000000000000e262       0xb0 E:\Project\CH582M_joyticks\LIB\libCH58xBLE.a(gattservapp.o)
                0x000000000000e262                gattServApp_ProcessWriteReq
 .text.GATT_Indication
                0x000000000000e312       0xa4 E:\Project\CH582M_joyticks\LIB\libCH58xBLE.a(gattservapp.o)
                0x000000000000e312                GATT_Indication
 .text.GATT_FindHandleUUID
                0x000000000000e3b6       0x98 E:\Project\CH582M_joyticks\LIB\libCH58xBLE.a(gattservapp.o)
                0x000000000000e3b6                GATT_FindHandleUUID
 .text.gattProcessReadByGrpTypeReq
                0x000000000000e44e       0x60 E:\Project\CH582M_joyticks\LIB\libCH58xBLE.a(gattservapp.o)
 .text.gattProcessReadByTypeReq
                0x000000000000e4ae       0x34 E:\Project\CH582M_joyticks\LIB\libCH58xBLE.a(gattservapp.o)
 .text.gattProcessFindByTypeValueReq
                0x000000000000e4e2       0x34 E:\Project\CH582M_joyticks\LIB\libCH58xBLE.a(gattservapp.o)
 .text.gattProcessFindInfoReq
                0x000000000000e516      0x1aa E:\Project\CH582M_joyticks\LIB\libCH58xBLE.a(gattservapp.o)
 .text.GATT_Notification
                0x000000000000e6c0       0x74 E:\Project\CH582M_joyticks\LIB\libCH58xBLE.a(gattservapp.o)
                0x000000000000e6c0                GATT_Notification
 .text.GATT_VerifyWritePermissions
                0x000000000000e734       0x6a E:\Project\CH582M_joyticks\LIB\libCH58xBLE.a(gattservapp.o)
                0x000000000000e734                GATT_VerifyWritePermissions
 .text.gattProcessWriteReq
                0x000000000000e79e       0x36 E:\Project\CH582M_joyticks\LIB\libCH58xBLE.a(gattservapp.o)
 .text.GATT_VerifyPrepareWritePermissions
                0x000000000000e7d4       0x56 E:\Project\CH582M_joyticks\LIB\libCH58xBLE.a(gattservapp.o)
                0x000000000000e7d4                GATT_VerifyPrepareWritePermissions
 .text.gattProcessPrepareWriteReq
                0x000000000000e82a       0x36 E:\Project\CH582M_joyticks\LIB\libCH58xBLE.a(gattservapp.o)
 .text.GATT_FindNextAttr
                0x000000000000e860       0xc2 E:\Project\CH582M_joyticks\LIB\libCH58xBLE.a(gattservapp.o)
                0x000000000000e860                GATT_FindNextAttr
 .text.GATTServApp_ReadAttr
                0x000000000000e922      0x2ea E:\Project\CH582M_joyticks\LIB\libCH58xBLE.a(gattservapp.o)
                0x000000000000e922                GATTServApp_ReadAttr
 .text.gattServApp_ProcessReadMultiReq
                0x000000000000ec0c      0x182 E:\Project\CH582M_joyticks\LIB\libCH58xBLE.a(gattservapp.o)
                0x000000000000ec0c                gattServApp_ProcessReadMultiReq
 .text.gattServApp_ProcessFindByTypeValueReq
                0x000000000000ed8e      0x1ac E:\Project\CH582M_joyticks\LIB\libCH58xBLE.a(gattservapp.o)
                0x000000000000ed8e                gattServApp_ProcessFindByTypeValueReq
 .text.GATT_VerifyReadPermissions
                0x000000000000ef3a       0x68 E:\Project\CH582M_joyticks\LIB\libCH58xBLE.a(gattservapp.o)
                0x000000000000ef3a                GATT_VerifyReadPermissions
 .text.gattProcessReadMultiReq
                0x000000000000efa2       0xae E:\Project\CH582M_joyticks\LIB\libCH58xBLE.a(gattservapp.o)
 .text.gattProcessReadReq
                0x000000000000f050       0x30 E:\Project\CH582M_joyticks\LIB\libCH58xBLE.a(gattservapp.o)
 .text.gattServApp_ProcessReadByGrpTypeReq
                0x000000000000f080      0x234 E:\Project\CH582M_joyticks\LIB\libCH58xBLE.a(gattservapp.o)
                0x000000000000f080                gattServApp_ProcessReadByGrpTypeReq
 .text.gattServApp_ProcessReadByTypeReq
                0x000000000000f2b4      0x1c6 E:\Project\CH582M_joyticks\LIB\libCH58xBLE.a(gattservapp.o)
                0x000000000000f2b4                gattServApp_ProcessReadByTypeReq
 .text.GATT_RegisterService
                0x000000000000f47a      0x114 E:\Project\CH582M_joyticks\LIB\libCH58xBLE.a(gattservapp.o)
                0x000000000000f47a                GATT_RegisterService
 .text.GATTServApp_RegisterService
                0x000000000000f58e       0x84 E:\Project\CH582M_joyticks\LIB\libCH58xBLE.a(gattservapp.o)
                0x000000000000f58e                GATTServApp_RegisterService
 .text.GATTServApp_AddService
                0x000000000000f612       0x34 E:\Project\CH582M_joyticks\LIB\libCH58xBLE.a(gattservapp.o)
                0x000000000000f612                GATTServApp_AddService
 .text.GATTServApp_RegisterForMsg
                0x000000000000f646        0xa E:\Project\CH582M_joyticks\LIB\libCH58xBLE.a(gattservapp.o)
                0x000000000000f646                GATTServApp_RegisterForMsg
 .text.GATTServApp_InitCharCfg
                0x000000000000f650       0x28 E:\Project\CH582M_joyticks\LIB\libCH58xBLE.a(gattservapp.o)
                0x000000000000f650                GATTServApp_InitCharCfg
 .text.gattServApp_HandleConnStatusCB
                0x000000000000f678       0x74 E:\Project\CH582M_joyticks\LIB\libCH58xBLE.a(gattservapp.o)
                0x000000000000f678                gattServApp_HandleConnStatusCB
 .text.GATT_InitServer
                0x000000000000f6ec      0x116 E:\Project\CH582M_joyticks\LIB\libCH58xBLE.a(gattservapp.o)
                0x000000000000f6ec                GATT_InitServer
 .text.GATTServApp_Init
                0x000000000000f802       0x40 E:\Project\CH582M_joyticks\LIB\libCH58xBLE.a(gattservapp.o)
                0x000000000000f802                GATTServApp_Init
 .text.GATTServApp_ProcessEvent
                0x000000000000f842      0x376 E:\Project\CH582M_joyticks\LIB\libCH58xBLE.a(gattservapp.o)
                0x000000000000f842                GATTServApp_ProcessEvent
 .text.l2capAllocConnChannel
                0x000000000000fbb8       0xec E:\Project\CH582M_joyticks\LIB\libCH58xBLE.a(l2cap.o)
                0x000000000000fbb8                l2capAllocConnChannel
 .text.l2capFindLocalCID
                0x000000000000fca4       0x34 E:\Project\CH582M_joyticks\LIB\libCH58xBLE.a(l2cap.o)
                0x000000000000fca4                l2capFindLocalCID
 .text.l2capFindLocalId
                0x000000000000fcd8       0x38 E:\Project\CH582M_joyticks\LIB\libCH58xBLE.a(l2cap.o)
                0x000000000000fcd8                l2capFindLocalId
 .text.l2capFindPsm
                0x000000000000fd10       0x34 E:\Project\CH582M_joyticks\LIB\libCH58xBLE.a(l2cap.o)
                0x000000000000fd10                l2capFindPsm
 .text.l2capFindRemoteCID
                0x000000000000fd44       0x44 E:\Project\CH582M_joyticks\LIB\libCH58xBLE.a(l2cap.o)
                0x000000000000fd44                l2capFindRemoteCID
 .text.l2capFreeChannel
                0x000000000000fd88       0x4e E:\Project\CH582M_joyticks\LIB\libCH58xBLE.a(l2cap.o)
                0x000000000000fd88                l2capFreeChannel
 .text.l2capDisconnectChannel
                0x000000000000fdd6       0x28 E:\Project\CH582M_joyticks\LIB\libCH58xBLE.a(l2cap.o)
                0x000000000000fdd6                l2capDisconnectChannel
 .text.l2capHandleTimerCB
                0x000000000000fdfe       0x2c E:\Project\CH582M_joyticks\LIB\libCH58xBLE.a(l2cap.o)
                0x000000000000fdfe                l2capHandleTimerCB
 .text.l2capFreePendingPkt
                0x000000000000fe2a       0x58 E:\Project\CH582M_joyticks\LIB\libCH58xBLE.a(l2cap.o)
                0x000000000000fe2a                l2capFreePendingPkt
 .text.l2capGetCoChannelInfo
                0x000000000000fe82       0x8a E:\Project\CH582M_joyticks\LIB\libCH58xBLE.a(l2cap.o)
                0x000000000000fe82                l2capGetCoChannelInfo
 .text.l2capNumActiveChannnels
                0x000000000000ff0c       0x50 E:\Project\CH582M_joyticks\LIB\libCH58xBLE.a(l2cap.o)
                0x000000000000ff0c                l2capNumActiveChannnels
 .text.l2capStartTimer
                0x000000000000ff5c       0x1a E:\Project\CH582M_joyticks\LIB\libCH58xBLE.a(l2cap.o)
                0x000000000000ff5c                l2capStartTimer
 .text.l2capStopTimer
                0x000000000000ff76       0x1e E:\Project\CH582M_joyticks\LIB\libCH58xBLE.a(l2cap.o)
                0x000000000000ff76                l2capStopTimer
 .text.l2capDisconnectAllChannels
                0x000000000000ff94       0xec E:\Project\CH582M_joyticks\LIB\libCH58xBLE.a(l2cap.o)
                0x000000000000ff94                l2capDisconnectAllChannels
 .text.l2capHandleConnStatusCB
                0x0000000000010080       0x3c E:\Project\CH582M_joyticks\LIB\libCH58xBLE.a(l2cap.o)
                0x0000000000010080                l2capHandleConnStatusCB
 .text.l2capHandleRxError
                0x00000000000100bc        0x6 E:\Project\CH582M_joyticks\LIB\libCH58xBLE.a(l2cap.o)
                0x00000000000100bc                l2capHandleRxError
 .text.L2CAP_GetMTU
                0x00000000000100c2        0xa E:\Project\CH582M_joyticks\LIB\libCH58xBLE.a(l2cap.o)
                0x00000000000100c2                L2CAP_GetMTU
 .text.L2CAP_HostNumCompletedPkts
                0x00000000000100cc       0x2c E:\Project\CH582M_joyticks\LIB\libCH58xBLE.a(l2cap.o)
                0x00000000000100cc                L2CAP_HostNumCompletedPkts
 .text.L2CAP_ParseConnectReq
                0x00000000000100f8       0x5e E:\Project\CH582M_joyticks\LIB\libCH58xBLE.a(l2cap.o)
                0x00000000000100f8                L2CAP_ParseConnectReq
 .text.L2CAP_ParseFlowCtrlCredit
                0x0000000000010156       0x2e E:\Project\CH582M_joyticks\LIB\libCH58xBLE.a(l2cap.o)
                0x0000000000010156                L2CAP_ParseFlowCtrlCredit
 .text.L2CAP_RegisterApp
                0x0000000000010184       0x30 E:\Project\CH582M_joyticks\LIB\libCH58xBLE.a(l2cap.o)
                0x0000000000010184                L2CAP_RegisterApp
 .text.L2CAP_SetBufSize
                0x00000000000101b4       0x2a E:\Project\CH582M_joyticks\LIB\libCH58xBLE.a(l2cap.o)
                0x00000000000101b4                L2CAP_SetBufSize
 .text.L2CAP_bm_alloc
                0x00000000000101de       0x2a E:\Project\CH582M_joyticks\LIB\libCH58xBLE.a(l2cap.o)
                0x00000000000101de                L2CAP_bm_alloc
 .text.L2CAP_Init
                0x0000000000010208      0x160 E:\Project\CH582M_joyticks\LIB\libCH58xBLE.a(l2cap.o)
                0x0000000000010208                L2CAP_Init
 .text.L2CAP_ProcessEvent
                0x0000000000010368       0xe4 E:\Project\CH582M_joyticks\LIB\libCH58xBLE.a(l2cap.o)
                0x0000000000010368                L2CAP_ProcessEvent
 .text.l2capParseCmdReject
                0x000000000001044c       0x5e E:\Project\CH582M_joyticks\LIB\libCH58xBLE.a(l2cap_input.o)
                0x000000000001044c                l2capParseCmdReject
 .text.l2capParseDisconnectReq
                0x00000000000104aa       0x2e E:\Project\CH582M_joyticks\LIB\libCH58xBLE.a(l2cap_input.o)
                0x00000000000104aa                l2capParseDisconnectReq
 .text.l2capParseDisconnectRsp
                0x00000000000104d8       0x2e E:\Project\CH582M_joyticks\LIB\libCH58xBLE.a(l2cap_input.o)
                0x00000000000104d8                l2capParseDisconnectRsp
 .text.L2CAP_ParseParamUpdateReq
                0x0000000000010506       0x4e E:\Project\CH582M_joyticks\LIB\libCH58xBLE.a(l2cap_input.o)
                0x0000000000010506                L2CAP_ParseParamUpdateReq
 .text.l2capParseParamUpdateRsp
                0x0000000000010554       0x1e E:\Project\CH582M_joyticks\LIB\libCH58xBLE.a(l2cap_input.o)
                0x0000000000010554                l2capParseParamUpdateRsp
 .text.l2capProcessConnectReq
                0x0000000000010572       0xfc E:\Project\CH582M_joyticks\LIB\libCH58xBLE.a(l2cap_input.o)
                0x0000000000010572                l2capProcessConnectReq
 .text.l2capParseConnectRsp
                0x000000000001066e       0x5e E:\Project\CH582M_joyticks\LIB\libCH58xBLE.a(l2cap_input.o)
                0x000000000001066e                l2capParseConnectRsp
 .text.l2capParseSignalHdr
                0x00000000000106cc       0x22 E:\Project\CH582M_joyticks\LIB\libCH58xBLE.a(l2cap_input.o)
                0x00000000000106cc                l2capParseSignalHdr
 .text.l2capParsePacket
                0x00000000000106ee       0x8c E:\Project\CH582M_joyticks\LIB\libCH58xBLE.a(l2cap_input.o)
                0x00000000000106ee                l2capParsePacket
 .text.l2capProcessReq
                0x000000000001077a      0x162 E:\Project\CH582M_joyticks\LIB\libCH58xBLE.a(l2cap_input.o)
                0x000000000001077a                l2capProcessReq
 .text.l2capProcessRsp
                0x00000000000108dc      0x150 E:\Project\CH582M_joyticks\LIB\libCH58xBLE.a(l2cap_input.o)
                0x00000000000108dc                l2capProcessRsp
 .text.l2capProcessRxData
                0x0000000000010a2c       0xf8 E:\Project\CH582M_joyticks\LIB\libCH58xBLE.a(l2cap_input.o)
                0x0000000000010a2c                l2capProcessRxData
 .text.l2capNotifyData
                0x0000000000010b24       0x5e E:\Project\CH582M_joyticks\LIB\libCH58xBLE.a(l2cap_output.o)
                0x0000000000010b24                l2capNotifyData
 .text.l2capNotifySignal
                0x0000000000010b82       0x7a E:\Project\CH582M_joyticks\LIB\libCH58xBLE.a(l2cap_output.o)
                0x0000000000010b82                l2capNotifySignal
 .text.l2capNotifyCreditEvt
                0x0000000000010bfc       0xa8 E:\Project\CH582M_joyticks\LIB\libCH58xBLE.a(l2cap_output.o)
                0x0000000000010bfc                l2capNotifyCreditEvt
 .text.l2capNotifyChannelEstEvt
                0x0000000000010ca4       0x5c E:\Project\CH582M_joyticks\LIB\libCH58xBLE.a(l2cap_output.o)
                0x0000000000010ca4                l2capNotifyChannelEstEvt
 .text.l2capNotifyChannelTermEvt
                0x0000000000010d00       0x3e E:\Project\CH582M_joyticks\LIB\libCH58xBLE.a(l2cap_output.o)
                0x0000000000010d00                l2capNotifyChannelTermEvt
 .text.l2capNotifyEvent
                0x0000000000010d3e       0x66 E:\Project\CH582M_joyticks\LIB\libCH58xBLE.a(l2cap_output.o)
                0x0000000000010d3e                l2capNotifyEvent
 .text.l2capStoreFCPkt
                0x0000000000010da4       0x32 E:\Project\CH582M_joyticks\LIB\libCH58xBLE.a(l2cap_output.o)
                0x0000000000010da4                l2capStoreFCPkt
 .text.l2capFreeTxSDU
                0x0000000000010dd6       0x9e E:\Project\CH582M_joyticks\LIB\libCH58xBLE.a(l2cap_output.o)
                0x0000000000010dd6                l2capFreeTxSDU
 .text.l2capReassembleSegment
                0x0000000000010e74      0x178 E:\Project\CH582M_joyticks\LIB\libCH58xBLE.a(l2cap_output.o)
                0x0000000000010e74                l2capReassembleSegment
 .text.l2capEncapSendData
                0x0000000000010fec      0x100 E:\Project\CH582M_joyticks\LIB\libCH58xBLE.a(l2cap_output.o)
                0x0000000000010fec                l2capEncapSendData
 .text.l2capSendFCPkt.part.3
                0x00000000000110ec       0x74 E:\Project\CH582M_joyticks\LIB\libCH58xBLE.a(l2cap_output.o)
 .text.l2capSendSegment
                0x0000000000011160      0x10c E:\Project\CH582M_joyticks\LIB\libCH58xBLE.a(l2cap_output.o)
                0x0000000000011160                l2capSendSegment
 .text.l2capSendNextSegment
                0x000000000001126c       0xd0 E:\Project\CH582M_joyticks\LIB\libCH58xBLE.a(l2cap_output.o)
                0x000000000001126c                l2capSendNextSegment
 .text.l2capSendPkt
                0x000000000001133c       0x3e E:\Project\CH582M_joyticks\LIB\libCH58xBLE.a(l2cap_output.o)
                0x000000000001133c                l2capSendPkt
 .text.L2CAP_SendData
                0x000000000001137a       0x8a E:\Project\CH582M_joyticks\LIB\libCH58xBLE.a(l2cap_output.o)
                0x000000000001137a                L2CAP_SendData
 .text.l2capSendCmd
                0x0000000000011404       0x8e E:\Project\CH582M_joyticks\LIB\libCH58xBLE.a(l2cap_output.o)
                0x0000000000011404                l2capSendCmd
 .text.l2capSendReq
                0x0000000000011492       0xc8 E:\Project\CH582M_joyticks\LIB\libCH58xBLE.a(l2cap_output.o)
                0x0000000000011492                l2capSendReq
 .text.l2capBuildDisconnectReq
                0x000000000001155a       0x28 E:\Project\CH582M_joyticks\LIB\libCH58xBLE.a(l2cap_sdu.o)
 .text.l2capBuildParamUpdateReq
                0x0000000000011582       0x4c E:\Project\CH582M_joyticks\LIB\libCH58xBLE.a(l2cap_sdu.o)
 .text.l2capBuildParamUpdateRsp
                0x00000000000115ce       0x16 E:\Project\CH582M_joyticks\LIB\libCH58xBLE.a(l2cap_sdu.o)
 .text.l2capBuildConnectRsp
                0x00000000000115e4       0x5e E:\Project\CH582M_joyticks\LIB\libCH58xBLE.a(l2cap_sdu.o)
 .text.l2capBuildCmdReject
                0x0000000000011642       0x62 E:\Project\CH582M_joyticks\LIB\libCH58xBLE.a(l2cap_sdu.o)
                0x0000000000011642                l2capBuildCmdReject
 .text.l2capBuildDisconnectRsp
                0x00000000000116a4       0x28 E:\Project\CH582M_joyticks\LIB\libCH58xBLE.a(l2cap_sdu.o)
                0x00000000000116a4                l2capBuildDisconnectRsp
 .text.l2capSendConnectRsp
                0x00000000000116cc       0xae E:\Project\CH582M_joyticks\LIB\libCH58xBLE.a(l2cap_sdu.o)
                0x00000000000116cc                l2capSendConnectRsp
 .text.L2CAP_CmdReject
                0x000000000001177a       0x12 E:\Project\CH582M_joyticks\LIB\libCH58xBLE.a(l2cap_sdu.o)
                0x000000000001177a                L2CAP_CmdReject
 .text.L2CAP_DisconnectReq
                0x000000000001178c       0x2a E:\Project\CH582M_joyticks\LIB\libCH58xBLE.a(l2cap_sdu.o)
                0x000000000001178c                L2CAP_DisconnectReq
 .text.L2CAP_ConnParamUpdateReq
                0x00000000000117b6       0x16 E:\Project\CH582M_joyticks\LIB\libCH58xBLE.a(l2cap_sdu.o)
                0x00000000000117b6                L2CAP_ConnParamUpdateReq
 .text.L2CAP_ConnParamUpdateRsp
                0x00000000000117cc       0x12 E:\Project\CH582M_joyticks\LIB\libCH58xBLE.a(l2cap_sdu.o)
                0x00000000000117cc                L2CAP_ConnParamUpdateRsp
 .text.reportStatusChange
                0x00000000000117de       0x3e E:\Project\CH582M_joyticks\LIB\libCH58xBLE.a(linkdb.o)
 .text.linkDB_Init
                0x000000000001181c       0xa8 E:\Project\CH582M_joyticks\LIB\libCH58xBLE.a(linkdb.o)
                0x000000000001181c                linkDB_Init
 .text.linkDB_Find
                0x00000000000118c4       0x34 E:\Project\CH582M_joyticks\LIB\libCH58xBLE.a(linkdb.o)
                0x00000000000118c4                linkDB_Find
 .text.linkDB_Authen
                0x00000000000118f8       0x5c E:\Project\CH582M_joyticks\LIB\libCH58xBLE.a(linkdb.o)
                0x00000000000118f8                linkDB_Authen
 .text.linkDB_FindByAddr
                0x0000000000011954       0x82 E:\Project\CH582M_joyticks\LIB\libCH58xBLE.a(linkdb.o)
                0x0000000000011954                linkDB_FindByAddr
 .text.linkDB_FindFirst
                0x00000000000119d6       0x40 E:\Project\CH582M_joyticks\LIB\libCH58xBLE.a(linkdb.o)
                0x00000000000119d6                linkDB_FindFirst
 .text.linkDB_MTU
                0x0000000000011a16       0x18 E:\Project\CH582M_joyticks\LIB\libCH58xBLE.a(linkdb.o)
                0x0000000000011a16                linkDB_MTU
 .text.linkDB_NumActive
                0x0000000000011a2e       0x36 E:\Project\CH582M_joyticks\LIB\libCH58xBLE.a(linkdb.o)
                0x0000000000011a2e                linkDB_NumActive
 .text.linkDB_NumConns
                0x0000000000011a64        0xa E:\Project\CH582M_joyticks\LIB\libCH58xBLE.a(linkdb.o)
                0x0000000000011a64                linkDB_NumConns
 .text.linkDB_Register
                0x0000000000011a6e       0x28 E:\Project\CH582M_joyticks\LIB\libCH58xBLE.a(linkdb.o)
                0x0000000000011a6e                linkDB_Register
 .text.linkDB_Remove
                0x0000000000011a96       0x4c E:\Project\CH582M_joyticks\LIB\libCH58xBLE.a(linkdb.o)
                0x0000000000011a96                linkDB_Remove
 .text.linkDB_Role
                0x0000000000011ae2       0x18 E:\Project\CH582M_joyticks\LIB\libCH58xBLE.a(linkdb.o)
                0x0000000000011ae2                linkDB_Role
 .text.linkDB_State
                0x0000000000011afa       0x30 E:\Project\CH582M_joyticks\LIB\libCH58xBLE.a(linkdb.o)
                0x0000000000011afa                linkDB_State
 .text.linkDB_UpdateMTU
                0x0000000000011b2a       0x28 E:\Project\CH582M_joyticks\LIB\libCH58xBLE.a(linkdb.o)
                0x0000000000011b2a                linkDB_UpdateMTU
 .text.linkDB_PerformFunc
                0x0000000000011b52       0x5a E:\Project\CH582M_joyticks\LIB\libCH58xBLE.a(linkdb.o)
                0x0000000000011b52                linkDB_PerformFunc
 .text.linkDB_PeripheralLinkNum
                0x0000000000011bac       0x46 E:\Project\CH582M_joyticks\LIB\libCH58xBLE.a(linkdb.o)
                0x0000000000011bac                linkDB_PeripheralLinkNum
 .text.linkDB_GetSMEvtID
                0x0000000000011bf2       0x60 E:\Project\CH582M_joyticks\LIB\libCH58xBLE.a(linkdb.o)
                0x0000000000011bf2                linkDB_GetSMEvtID
 .text.linkDB_Add
                0x0000000000011c52       0xb2 E:\Project\CH582M_joyticks\LIB\libCH58xBLE.a(linkdb.o)
                0x0000000000011c52                linkDB_Add
 .text.linkDB_GetHandleFromSMEvtID
                0x0000000000011d04       0x3a E:\Project\CH582M_joyticks\LIB\libCH58xBLE.a(linkdb.o)
                0x0000000000011d04                linkDB_GetHandleFromSMEvtID
 .text.linkDB_GetPairingParam